
> whatsapp-study-group-bot@1.0.0 start
> node server.js

[2026-07-20T17:57:11.842Z] [INFO] Starting WhatsApp Study Group Bot...
[2026-07-20T17:57:28.363Z] [INFO] Scan this QR code with WhatsApp to authenticate:
▄▄▄▄▄▄▄▄▄▄▄▄▄▄▄▄▄▄▄▄▄▄▄▄▄▄▄▄▄▄▄▄▄▄▄▄▄▄▄▄▄▄▄▄▄▄▄▄▄▄▄▄▄▄▄▄▄▄▄
█ ▄▄▄▄▄ █▀▀██ ▄██▀█▀▀█  ▄  █▀█ ▄▄█▄▀ █▀▀▀█▀▄▀▀▄▄ ██ ▄▄▄▄▄ █
█ █   █ █▀█ ██▄█▄█▄▀▄█▄▄  ▀█▄▄▄█▄▄   ▀ █▀▄▄  █ ▄ ██ █   █ █
█ █▄▄▄█ █▀▄▀▀▀  ▄█ █▄ ▄▄▀ █ ▄▄▄ ▄█▄▀▀  ▀▀▄▄▄▀▀▀▀▄██ █▄▄▄█ █
█▄▄▄▄▄▄▄█▄█▄▀▄█ ▀▄█ ▀ ▀▄█ █ █▄█ ▀▄█ ▀▄█▄▀ ▀ █ ▀▄▀▄█▄▄▄▄▄▄▄█
█ ▄ ▄ ▀▄▄ ▄▄ ▄▄█▄█▄ ▀▄▀▀▀ ▄  ▄  ▀█▀█▀▄▄█▀▀▀▀▄▀▀█▀▀▄█ ▀▄▀ ██
█ ▄▀█ ▀▄▄██▀▀▄▄  ▀▀ ▀▀▀ █▀ ▄ ▀ ██▀    ▄▄  ▄█▀  ▄█▀ ▄█▀▀▀▄██
█ ▀▄▄ ▄▄█▀▀ ▄ ▄▄▄▄▀ ▄▄▀▄▀ ▀▄▄▀▀█▄█▄█  ▀██▀  ▄▀██▀▀ █▀▀█▄▀▀█
██ █ ▀ ▄▄  █▀█ █▀█▀█▀▄█▀██▄█ ▄█  ▀▄█▄█ █▄███▄▀  █▄█▄▄▀  ▀▀█
█▀▀ █ ▀▄▀▀  ▀▄ █▄▄█▄▀█▀▀▄▀▄ ▀ ▀▀█▀ █▀▄▀▄██▄  ▀██▀  █████▄ █
█▄  ▄  ▄▄▄▀█▄▄▀██▄  ▀█▄▄█ ▄██▄█ ▄█▀▄ █ █▄█ ▀██▄▀ ██▄▄ ▄  ██
█  ▀█▀█▄ █ █ ▀▀█▄▀▄ ▄█▀▀▀▄  █▀▀▀▄▀█▄ ▄▀█▀▀▀ ▄▀▄█▄▀ █▄▀ ▀ ▀█
█ █▀██ ▄ ▄█▀ ▀▄ ▄ ▄▀▄█▄█▀█▀ ▄ ▄ ▄█▄▀▀█▀█▄  ▀ █▄ █  ▄▄▄▀▀▀▀█
██▀▀▄ ▄▄▄▀  ▀███▀▄▄▄█▄▀▀▀▀██ ▀ ▀▄  █ ▄▀▄▀▀  ▄▀█▄▀ ▀██▀█   █
██▀█  ▄▄▄ █▄▄ ▀ ▀ ▄█ ▀▄█▄▀▄ ▄▄▄   █▄█▄▄█▄ █▀██▄█▄ ▄▄▄ ▀ ▄██
█ ▀▀  █▄█ ▄ ▄ ▄▀▄▄▄▀ █▄█▀▀▀ █▄█ ▄█▄▄▄  █▄█  ▄█▄█▀ █▄█  ▄▄▀█
██  ▀▄ ▄▄ █  ▀▄ ▀▄▀█▀▄▀▄ ▀▄▄▄▄▄  ▀█ █ █▄▀▄▀▀ ▄▄▀   ▄▄ ▄▀███
██ ▄▄█▄▄██▀▄█ █▀▄▄▄▄ ▄▀▀▄▀█▀ ▄▀  █▀█▄▄ ▄▀▀ ▀▄▀█▄██▀▀██▄█▄▀█
█▀▄█▀█ ▄  ▄██▄ █▀█████▄▄▄▀█ ▀▀▀  █  ▄█▀█▄▀ ▀██  ▀▄ ▀█▀   ▀█
█▄▀▀▀▄▀▄▀▄▀█▄ ▀▀▀█▄▄▀▀▀█▄ ▄█▀█ ▄▄█▄██▄ ▄▀▀▀▀ ▀███ ▀ ▄▄▄█▄▀█
█  ▄▄ █▄▄▄  ▄▀█▀▀█▀ ▀ ▄█▄ ▄ ▀█  ▀█▀▄▀██▄▄███ ███ ▀▀▀▀█  ▄▄█
█▀▄▀███▄▀ ▀█ █▀█▄█▄▄▄▄▀▀▀ █▀▄██▄▀█▀█▄ ▀██▀▀▀▄▀ ███▄█▄██ ███
█▀ ▄ █▀▄ ▀ ▀▄█▄ ▄█▀  ▄▀ ▄▀▀▀██  ▀▀▄█ ▀█  ▀▄▄█▄█▄▀█ ▀▄█▀  ▀█
██▄██ ▄▄▄▄█▀█▀▀▀▄▄▀  █▀▄▄▀█▄██▄▀███▄   ███▀  ▀█▄▀█ ▀ ▄▄  ██
█ ▀ ▀▀▄▄▄█▄  █████ ▀▀▀ ▀█▀█▄ █▄▄ ██ ▄ ▄ █▀▄▄█ ▀▀██▄▀▄██▀▄██
███████▄▄▀▀▄█▀▄▀▀▄  ▄▄▀█  ▄ ▄▄▄ ▄█▄█ ▄ █ █▀ ▄██▄█ ▄▄▄ ▄█▀▄█
█ ▄▄▄▄▄ █▄▄▄▀ █▄▀█▀█▀ ▄▀▄█▄ █▄█  ▀▄▄▀▄█▄▄  ▄ ▀▀ ▀ █▄█ ▀▀▄██
█ █   █ █ ▄▀ ▄▀▀▄▀ ▄▄█▀▀▀▄ ▄▄  ▄██▄█ ▄ ▄▀█ ▀████▀▄ ▄ ▄ ▄▄██
█ █▄▄▄█ █  █▄▄█ ▄ ▄ ▄█▀▄▀██▄▄█▀██▄█▀█ ██ ██ ▀ ▄██ ▀▄▀█▀ ███
█▄▄▄▄▄▄▄█▄█▄▄▄██▄▄▄▄█▄██▄███▄▄█▄▄▄▄▄▄▄█▄███▄▄██▄██████▄█▄██

[2026-07-20T17:58:28.136Z] [INFO] Scan this QR code with WhatsApp to authenticate:
▄▄▄▄▄▄▄▄▄▄▄▄▄▄▄▄▄▄▄▄▄▄▄▄▄▄▄▄▄▄▄▄▄▄▄▄▄▄▄▄▄▄▄▄▄▄▄▄▄▄▄▄▄▄▄▄▄▄▄
█ ▄▄▄▄▄ █▀▀██ ▄███▄ ▄▀▀▀   █▀█ ▄▄█▀█▀ █▀ █▄ ▄▄▄▄ ██ ▄▄▄▄▄ █
█ █   █ █▀█ ██▄█▄▄▄▀█▄▄▄  ▀█▄▄▄█▀█   ▀ █▄█▄ ▀▄ ▄ ██ █   █ █
█ █▄▄▄█ █▀ ██▄  ▄█ █▄ ▄▄▀ █ ▄▄▄ ▄▀▄▀█▀ ▀▀▄▄▄▄█▀▀▄██ █▄▄▄█ █
█▄▄▄▄▄▄▄█▄█▄█ █ ▀▄█ ▀ ▀▄█ █ █▄█ ▀▄█ ▀▄█▄▀ ▀ █ ▀▄▀▄█▄▄▄▄▄▄▄█
█ ▄ ▄ █▄ ▄███ ▄█▄█▄ ▀▄▀▀▀ ▄  ▄  ▀█▀█▀▄▄█▀▀▀▀▄▀▀█ ▀ █▄▀▄▀ ██
█ ▄▀█ ▀▄▀██ █ ▄  ▀▀ ▀▀▀ █▀▀▄ ▀ ██▀ ▄  ▄▄  ▄█▀ ▄ ▀█ █▀█▀▀▄██
█ ▀█▄ ▄▄███▀▄ ▄▄▄▄▀ ▄▄▀▄▀  ▄▀█▀█▄█▄▄  ▀▄█▀ ▀▄▀▀▄█▀ ██▀▀ ▀▀█
██▄ █▀ ▄▄▀ █▀█ █▀█  ▀▄ ███▄█ ▄█▄ ▀█▀ ▀ ▀▄▀ █ ▀▀▄▄▀█▄▄▀▀▀▀▀█
█ ▄   ▀▄▀▀  ▀▄ █▀▄ ▄▀█▀▀▀▀▄ ▀ ▀ █▀▀█▄  ▄ ▀▀▀██ █▀  ████▄  █
██  ▀▄ ▄▄▄▀█▄▄▀█ █  ▄▀▄▄▄▄▄██▄█▀ █▀▄▀█▀▄ █▀ █ █  █▀▄▄ ▄ ▀██
█▄▄▀█ ▀▄ █ █▄▀▀█▄▀▄ ▄█▀▀▀▄  █▀▀▀▄▀█▄█▄▀███▀  █▄█▄▀ ▄▄▀ ▀ ▀█
█ █▀█▀█▄   ▀▀▀▀▀▄ ▄▀▄█▄█▀█▀ ▄ ▄ ▄▄▄▀ █▀█▄  ▀ █▄ █  ▄▄ ▀▀▀▀█
██▀▀▄██▄█▄▀▄ ▄▄▄▀▄▄▄█▄▀▀▀▀▀█ ▀ ▀▄  █ ▄▀▄▀▀  ▄▀█▄▀▀▀▄▄▀█   █
██▀█  ▄▄▄ ▄▀▀▀ ▀▀ ▄█ ▀▄█▄▀▄ ▄▄▄   █▄█▄▄█▄ ████ █▄ ▄▄▄ ▀ ▄██
█ ▀█▀ █▄█ ▄▀▄ █▀▄▄▄▀ █▄█▀▀▀ █▄█ ▄█▄█▄ ▀█▄█▄ ▄██▄▄ █▄█  █▄▀█
██▄▀▄▄▄▄ ▄█  ▀▄ ▀▄█ ▀▄▄█ ▀█▄▄▄▄  ▀▄ ▀▄▄▀█ ▄▀ ▄███▄ ▄  ▄▀███
█▀ █▄█▄▄▄█▀▄█ █▀██▄▄▀█▄▀▀ █▀▀▄▀  █▀█ ▄▀▄ ▀   █▄██▀▀▀██▄█▄██
█▀█▀▄█ ▄▀▀▄██▄ █▀▄██▄ ▄▄ ██ ▄█▀ ▄█  ██▀▄▄▀ ▀  ▀ ▀▄ ▀██   ██
█▀ ▀▀▄▀▄▀▄▀█▄ ▀▀▀█▄▄▀▀▀█▄ ▄█▀█▀  █▄█ ▄ ▄▄█▀▀▄▀███ ▀ ▄▄▄██▀█
█  ▄▄ █▄▄▄██▄ ▀█▀█▀ ▀ ▄█▄ ▄ ▀█   █▀▄ ▄█▄▄▄██▀▄██ ▀▀▀▀█  ▄▄█
█▀▄▀███▄▀  ▀█▄█ ▄█▄▄▄▄▀▀▀ █▀▄██▄▀█▀█▄ ▀██▀▀▀▄▀ ███ ▀▄█▀ ███
█▀ ▄ ▀█▄ ▀  ▄▀▀▄▄█▀  ▄▀ ▄▀▀▀██  ▀▀ ▀ ▀▀▄ ▀▄▄█▄▀▄██▀▀▄█ ▀ ▀█
██▄▄█▄█▄▄█▄▀█▀█ ▄▄▀  █▀▄▄▀█▄██▄▀██▀█   ▄██   ▀▄█▀ ▀▀ ▄▀  ██
█ ▀ ▀▀▄▄█▄▄  █████▄█▀▀█▀█▀▄▀ █▄▄ ██ ▄▄██▀████ ▀█▄▄▄███  ▄██
███████▄▄ ▀▄█▀▄▀▄█  ▀███▀▀▄ ▄▄▄ ▄█▄█▄ █▄▀▀▀▀ ▀ █▀ ▄▄▄ ▄█▀▄█
█ ▄▄▄▄▄ █▄▄▄▀ █▄ ▀▀█▀▄▄▀█ ▄ █▄█ ▄▀▄▄▄ ▄▄▄█ █▀▄  █ █▄█ ▀▀▄▀█
█ █   █ █ ▄▀ ▀▀▀▄▀ ▄▄█▀▀▀▄ ▄   ▄▄▀▄█▄▄ ▄██ ▀▄███▀▄ ▄▄  ▄███
█ █▄▄▄█ █ █▄▄▄██▄ ▄ ▄█▀▄▀██▄▀█▀████▀█▀██▀▄█ ▀▀▄██ ▀▄ ▀▀ ███
█▄▄▄▄▄▄▄█▄█▄█▄█▄▄▄▄▄█▄██▄██████▄▄▄▄▄▄▄█▄███▄▄██▄████▄█▄█▄██

[2026-07-20T17:58:48.140Z] [INFO] Scan this QR code with WhatsApp to authenticate:
▄▄▄▄▄▄▄▄▄▄▄▄▄▄▄▄▄▄▄▄▄▄▄▄▄▄▄▄▄▄▄▄▄▄▄▄▄▄▄▄▄▄▄▄▄▄▄▄▄▄▄▄▄▄▄▄▄▄▄
█ ▄▄▄▄▄ █▀  ▀▄▄▄ ▄▀█ ▄ ▄   ▄  ▄ ▄▄█▄▄█▄▄ ▄▄▄▀ █▄ ██ ▄▄▄▄▄ █
█ █   █ █▄▄▀▄▀ █▄▄▀█▀█████████▀▀▄▄▀▀▄▄▄███▀▄██▀▄ ██ █   █ █
█ █▄▄▄█ █ ▀██▀████ ▀▀██▄▀▄  ▄▄▄ ▀ █▀▀▄█▄▄▄▄  ▀ ▀▄██ █▄▄▄█ █
█▄▄▄▄▄▄▄█ █▄▀▄█ ▀ ▀▄▀ ▀ ▀▄█ █▄█ ▀▄█▄█ █▄▀▄█▄█ ▀ █ █▄▄▄▄▄▄▄█
█▄ ▀▄█▀▄▄▀ ▀▄█ ██▄▀▄█▄  ▄▄▄▄ ▄▄▄██ ▄▄  █  ▄█ ▀ ▄███▄▄ ▀▄▄██
█▄▀▄▄▀ ▄█▀▄ ██▀█▀▀▀▄▄▄  ██▄ ▀▀ ▀ ▄▀▄ ▄██▀  ▀▄██▄ ▄█▀ ▀▀█▀ █
█▄▀█▄█ ▄█ ▀▀ ▄▄██▀█▄▄█ ▀█▄ █  █▀▄▄▄ ▄▄▀▄▄▄ ▄▄ ▄ █▄ ▄  ▀ ▀ █
█▄▄▄█ █▄ ▀▀▄▄▀▄█ ▄▀ █▄█  ▀ █▀█ ▄▄▀▀██▀ ▄▀▄▀▀ ███  ▀▄█▀███▀█
█ ██  ▀▄▄▄▀ ▀ █ ▄▄▄▄█  █▀█▀█  ▀█ ▄▀██▄▄▀▄█ ▄█▄▄█▀▄█ ▄██▀▀██
█▄ ▄▀█▄▄▄█    ▀▄ ▀▄▄█▀█▀▀█▄▄▄▀ █   ▀█▀ ▄█▄▄█▄ ▄▄▄▀████ ▄ ▄█
██ ▀▄ █▄▄█▀▄▄▄███ ▀▄ █  ▄ ▄ ▄ ▄███▄█ ▄██▄▄▄▄▄██▄▀██▄█ ██▄ █
█▄ ▄▄▄ ▄▀▀█  ▄▀ █ ▄█▀ ██▀▀▄██ ▄▄▀ █▀▀▀▄ ▄▀ █▄ █ █▄ ▄█▄▀█▄▄█
█▀▀ █▄█▄█▀  ████ ▀  ██ ▄███▄▀▄▄█▄▀▀ ▄ ▀█ ▄▄▄▄ ▄▀█▄ ▄▄▄▀▄ ▀█
█▀██▀ ▄▄▄ █▄▀ ▄  ▀▀▀▄▀█▄▀█▄ ▄▄▄ ▄  █  ▄██▀ ▀▀█▀▄  ▄▄▄ ▄▄ ██
█▄▄   █▄█  ▄▄▄▀▄█▄▄██ ██▀█▄ █▄█ ▀ ▄▄▄▄▄▀██ ▄▀ ▄██ █▄█ ▀▄▀▄█
█ █▄▄▄ ▄ ▄▄█▄█▄▀ ▀▄█▀█▀▀▄██ ▄  ▄  ▄██  █▄█▀▀▄▀▀▀▀   ▄ ▄██▄█
█▀▀ ▀▄▀▄██ █ ▄▀▀██▀▄▄▄ ▄▄▄▀▀█▄▄▄▄█ ▄ ▄▄█  ▄█ █▄▄ ▄█▀█▄▀▀ ██
█▄ ▄▄█ ▄  ███ █  ▀█▀█▀█▄▀▀ █ ▀▀▄█▄▀   █    ▄██▀▀  █▄▄█ ▄▀ █
█▄█  ▀█▄▀█  ██▀     ▀    ▄▄▄  ██▄ █    █  ██  ▄ ▀▄▀▀█▀ ▀█▀█
█▄▄▄█▀ ▄ ▄▄█ ▀█▀ ▄▄▄█ █▄▀▄   ▄▀▄██ █▄▀▀▄█▄ ▀▄█▄▄███▀ ▄█▄ ▄█
██▀▄▄▀▄▄▄██▀▄▀▄ ██▄ ▀▀ ▀▀▄ ▄███ ▄  █▄▄▄ ▄▀▀█▀▄▀██▀▄▀███▄  █
██ █▀█▄▄  ▄ ▀▄▄▄█ █▄ █ █ █▀ ▄ ▄▄▀ ▀▄▄█▀█▀▄▄▄██▄███▄ █ ▄█  █
█▀ ▀▄  ▄█▀ ▄ █▀▄██▄▄▄█ █▀█ █▄▄▀█▀█▀██▄█▄▄▄▀█▄▀▄█ ▀▄█▄█▀█▄██
█ ▀ ▀▀▄▄▀██  ▀  ▄█▀▀▄▄ ███▀▄▀█▄ █ █ ▄ ▄▀ ▀ █ ▀▀  █▀  ▀▀▄▀ █
███████▄▄  ▀▀█▄  ▀▄  ▄▄ ██▄ ▄▄▄ ▄▄█ ▄  █ ▄██▄ ▄▀█ ▄▄▄ ▀▀███
█ ▄▄▄▄▄ █▄██▄▄▀▄█▄▄▀█▄█ ▄▄  █▄█  ███ ▄ ▄█ ▄ ██▀▀▀ █▄█ ▄█ ██
█ █   █ █▀█▀█▄▄▄█▀  ▀  ▀▀ █ ▄   █▄██  █▀▄▀ █▀ ▄█  ▄     ▀ █
█ █▄▄▄█ █▀▀▀▄█ ███ ▄▄▄ ▀█▀██▀ █▀██▄▄▀▄█▄▀ ▀▄ ▀█ ▀▄▀█ ▄█▄█▄█
█▄▄▄▄▄▄▄█▄█▄▄▄▄▄███▄█▄▄▄████▄█▄▄▄▄███▄█▄▄▄▄▄▄█▄█▄████▄██▄██

[2026-07-20T17:59:08.154Z] [INFO] Scan this QR code with WhatsApp to authenticate:
▄▄▄▄▄▄▄▄▄▄▄▄▄▄▄▄▄▄▄▄▄▄▄▄▄▄▄▄▄▄▄▄▄▄▄▄▄▄▄▄▄▄▄▄▄▄▄▄▄▄▄▄▄▄▄▄▄▄▄
█ ▄▄▄▄▄ █▀▀██ ██▀▀▄ ▄█  ▀▄ █▀█ ▄▄█▀█▄ ▀▀▄█ ▄  ▄▄ ██ ▄▄▄▄▄ █
█ █   █ █▀█ ▀▀▄███▄▀██▄▄  ▀█▄▄▄█ ▄     █▀▄▄  ▄ ▄ ██ █   █ █
█ █▄▄▄█ █▀ ▀██  ▄█ █▄ ▄▄▀ █ ▄▄▄  ▀▄▀ ▀ ▀▀▀▄▄▀█▀▀▄██ █▄▄▄█ █
█▄▄▄▄▄▄▄█▄█ █▄█ ▀▄█ ▀ ▀▄█ █ █▄█ ▀▄█ ▀▄█▄▀ ▀ █ ▀▄▀▄█▄▄▄▄▄▄▄█
█ ▄ ▄▄█▄ ▄█▄ █▄█▄█▄ ▀▄▀▀▀ ▄▄ ▄  ▀█▀█▀▄▄█▀▀▀▀▄▀▀█ ▀ █▄█▄▀ ██
█ ▄▀█▀▀▄██  ▄▀▄  ▀▀ ▀▀▀ █▀▀█▄▀ ██▀▄▄  ▄▄   ▀▀  ▄█▄▀█  ▀▀▄██
█ ▀█▀ ▄▄ ▄██▄ ▄▄▄▄▀ ▄▄▀▄▀ ▀██▀▀█▄██▄  ▄▄█▀▀ ▄▀█▄ ▀ ████ ▀▀█
██▄█▀▀ ▄▄▀ █▀█ █▀█▀▀▀▄█ ██▄█ ▄█  ▀  ▄▀ ▄▄█ ▀▄██▄▀ █▄█▀▀ ▀▀█
█▀ █▄ ▀▄▀▀  ▀▄ ███ ▄ █▀█▄▀▄ ▀ ▀ █▀▀█   ▄█▀█▀ ▀▄█▀  ████▄  █
█▀▀█  ▄▄▄▄▀█▄▄▀███  █ ▄▄▄▀▄██▄█▀▄█▀▄▄▄▀▄▄█ ▀▀▀█  ██▄▄ ▄ ▀▀█
██▄▀█▄▄▄ █ █▄▀▀█▄▀▄ ▄█▀▀▀▄  █▀▀▀▄██▄▄▄▀███▀ ▄▀▄█▄▀ ▄▄▀ ▀ ▀█
█ █▀█▄ ▄ ▄ ▄ ▄█▄▄ ▄▀▄█▄█▀█▀ ▄ ▄ ▄▄▄▀ █▀█▄▀ ▀ █▄ █ ██▄▄▀▀▀▀█
██▀▀▄█▄▄▄█▄▀▀█  ▀▄▄▄█▄▀▀▀▀▀▀ ▀ ▀▄  █ ▄▀▄▀▀  ▄▀█▄ ▀▄▄█▀█   █
██▀█  ▄▄▄  ▀█ █ ▀ ▄█ ▀▄█▄▀▀ ▄▄▄   █▄█▄ █▄ █▀██▄█▀ ▄▄▄ ▀ ▄██
█ ▀   █▄█ ▀█▄ ▀█▄▄▄▀ █▄█▀▀▀ █▄█ ▄█▄▄▄ ▄█▄██▀▄██▄  █▄█  ▀▄▀█
█▀▀▀█  ▄▄▄█  ▀▄ ▀▄▀ ▀▄█  ▀▄ ▄▄▄  ▀▄▀▀▄▄ █ ▄▀▄▄▄▄▄▄    ▀▀███
██   █▄▄  ▀▄█ █▀▄▄▄▄ █▀█▀ █▀▄█▀  █▀██ ▀▄▀▀▄▀▄█▀█▀▄▀▀▄█▄▄▄██
█▄█▄ █ ▄ ▄▄██▄ █▀███▄▀▄▄▄ █  ▀▀ ▄█  ▄▀▀▄█▀▀▀▀▀▀ ▀▄ ▀ ▄  ▄██
██▄▀▀▄▀▄▀▄▀██▀▀▀▀█▄▄▀▀▀█▄ ▄█▀█▄█▄█▄█▄  ▄█▀▀▀ ████ ▀ ▄▄▄█▄▀█
█  ▄▄ █▄▄▄█▄▄█▀█▀█▀ ▀ ▄█▄ ▄ ▀█▄▄ █▀▄ ██▄████▀███ ▀▀▀▀█  ▄▄█
█▀▄▀██▄▄▀ ▄ ▄█▀█▄█▄▄▄▄▀▀▀ █▀▄██▄▀█▀█▄ ▀██▀▀▀▄▀ ████ ▄██ ███
█▀ ▄ ▄▀▄ ▀ ▀▀ ▄█▄█▀  ▄▀ ▄▀▀▀██  ▀▀ █ ▀█▄ ▀▄▄█▄▀▄█▄▄▀▄█ ▀ ▀█
██▄▄ ▄█▄▀▄▀ █▀  ▄▄▀  █▀▄▄▀█▀██▄▀██▀▄  ▀███   ▀▀██▄█▄ ▄█▀ ██
█ ▀ ▀▀▄▄▄▄▄  █████▄█▀▀▄▄█▀▄  █▄▄ ██ ▄▄▀▄▀▀▄█▀▄▀ ██▄▀  ▀ ▄██
███████▄█▀▀▄█▀▄▀██▄ ▀███▀▀▄ ▄▄▄ ▄█▄█▄▄▄██▀ ▀▄▀▄█▀ ▄▄▄ ▄██▄█
█ ▄▄▄▄▄ █▄▄▄▀ █▄▀▄▀█ ▄▄▀ ▀▄ █▄█  █▄▄█ ▄▄▄▀ ▄▀▀ ▀▀ █▄█ ▀▀▄▀█
█ █   █ █ ▄▀▀█▀▀▄▀ ▄▄█▀▀▀▄ ▄▄  ▄ ▀▄█▄▄ ▄█▀ ▀▀███ ▄ ▄▄▄ ▄███
█ █▄▄▄█ █ ▀██▀ ▀▄ ▄ ▄█▀▄▀██▄▄▀▀█▄██▀▄▀██▀██ ▀▀▄██ ▀▄▀█▀ ███
█▄▄▄▄▄▄▄█▄▄██▄██▄▄▄▄█▄██▄███▄▄█▄▄▄▄▄▄▄█▄███▄▄██▄████▄▄▄█▄██

[2026-07-20T17:59:28.165Z] [INFO] Scan this QR code with WhatsApp to authenticate:
▄▄▄▄▄▄▄▄▄▄▄▄▄▄▄▄▄▄▄▄▄▄▄▄▄▄▄▄▄▄▄▄▄▄▄▄▄▄▄▄▄▄▄▄▄▄▄▄▄▄▄▄▄▄▄▄▄▄▄
█ ▄▄▄▄▄ █▄██▀▄█▀▀▀ █▀▀█▀ ▄ ▀██▄ ▄▀██  ▄█ ▀ ▄█  ▄ ██ ▄▄▄▄▄ █
█ █   █ █ ▄▀▀ ██▄█▄ ████ ▀ ███▄▄█▄▀▀  ▀██▄▄▀ ▄▀▄ ██ █   █ █
█ █▄▄▄█ █▄████▄▀▀▀▀  ▀▀  █▀ ▄▄▄ ██▀██▀▄ ███▀▄▀▄▀▄██ █▄▄▄█ █
█▄▄▄▄▄▄▄█▄▀ █ █▄█▄▀▄▀▄█▄▀▄█ █▄█ ▀ ▀ █ █ █ █▄█▄█▄█ █▄▄▄▄▄▄▄█
█ ▄ ▄▀█▄▀▄▄█ ▀███▄▄▀ ▄  ▀▀█  ▄   █ ▄▀███  ▀ █▀ ▄▀  ██ ▄ ▀▄█
██   █ ▄█▀ ▀▀▀ ▀██ ██ ▄▄▄▄▄▄█▀▀ ▀ █▄▀█ ▀█▄█ █▀▀ ▀▄█▄█▀ ▄ ▄█
█▄▀▀▄  ▄ ▄   ▄▄  ▄█▄▄ █▄█▄  ▀▀█▀▄▀▀█▄▄ ▀▀▀▄▄▄█▀▄▄█ ▀███ ▀██
██▄▀▄  ▄█▀▀▄▀▄▀█ ▄▀  ▄▀██▄██▀▄▀▀▀▀▀▀  ▄▄▀ ▄▄▀▀▀▀██▄▄█    ▀█
█▀█▀▄▄ ▄█ █▄ ▀▄▄▀ █▀ █ █ ▄ ▀▄▄▀█▀ ▄▀▀▀██▄██▄▄▄ ▀ █▄▄ ▀█  ▀█
███ ▄  ▄▄ ██  ▀▀█▀▄▄▄█ ▄▀▀▄▀▀▄▀█ ██▄█▀   █▄█▄▀  ▄▀█    ▄ ▀█
█▄▀▀▄█▄▄▀█▀▄▄▀ ██ ▄▀██  ▀█▀ ▄ ▀ ▀▀▄█▄▀ █ ▄▀▀▀██▄▄ ▀██   ▀ █
██▀  ▄▀▄ █▀ ▄ ██▀▄█▄ ▄▀▀  █▀▀▄██ ▄▀█▀▀█▄▀▄▀▄▄▄▀▄▄█▄█▀  ▄█ █
█▀▀█ ▄▄▄▄█▄▀▀▀▀▀█▄  █ █▀██▀▀▄▀▄█▄▄▄█▄ ▀ █▀▄▄▄█▀▄ █▀ █▀▀▄ ▄█
█▄ █▀ ▄▄▄ █▀ ▀█▄ ▀▄▄▀▀█▄▄   ▄▄▄ ▀  ▀███▀█▀▀ ▄██ ▀ ▄▄▄ ▀▀███
███▄  █▄█ ▀▀██▀▄▀ █▄▄▄▀▀ ▄█ █▄█  ▄▄ ██ ▄▀▀▄▄ ▄▀   █▄█  █  █
█▀ ▄ ▄▄▄  ▀ ▄█▄▄█▄▄ ▀ ▄▄▄█▄  ▄ ▄ █▀ ▀   ▀▄██▄▄▄██  ▄▄▄███▀█
█ ▀▄▄▄▄▄█▄ ██▀▄▀▄█▄▀▀▄ ▄  ▄▀▄█▀▀▀█ ▄▀▀█▄  ▀▀▀▀▄▄▀  ▀▄▄█▄███
█▄ ▀▄▀▀▄ █▀▀▄▀▄▄▀▀▄ ▄▄▀ ▄█▀▀▄▄ █ ▄█▄▀▀▄█ ▄ ██ ▄▄▀▀▄ ▄█▀█ ▄█
█  ██▄█▄▀ ██ ▀▀███  ▀███ ▄▄▀██  ▄▀ ██   ▀▀████▀█▀▄▀▄ ▄ ▀█▄█
█▀▀▄█▀█▄█▄▄▀█ ██ ▄▀▀  █▄▄▀█  ▄▀█ ▄ █▀▄▄▄▄██▄▀█▄▄   ▀ ▄ ▀█▄█
█▄   ▄▄▄█▀▄▄▀  █▀▀█▀ █▄█ █▀ ▀▀▄▀█▄▄▀███▄ █ ▄  █▀▄ ▀▄▀▀▄▀▀▄█
██  ▄ ▄▄ █▀█   ▄ ██▄  █  ███▀█▄▄▀█▄▀▄██▄▄▀  █ █ █▀ ▀ ██▄ ██
█▄█ █▄█▄▀█▄▄█ █▀██▀▀▀█ █▄ █ ▄▄▄ ▄█ ▄ ▀ █▄▄▄ ▀▀▄█▀ █████▀▀██
█ ▀ ▀▀▄▄▀▄▀▄▀ ▀▄ ▀▄ █  ▀▄▄▀██▀█▀▄▄ ▄█▀ ▄▄▀▀ ██▄█ ▀  ▄▄▀█ ▄█
███████▄█▀█▄▀█▄█ ▄▄ ▀▀██▄▄▄ ▄▄▄ ▄▀ █ ▄▀▀████▄█▀█▀ ▄▄▄ ▀▀█▄█
█ ▄▄▄▄▄ ████▀▀▄▄▄█▀▄▀██   █ █▄█ ███████▄   ▄▀ ▀▀▀ █▄█ ▀ █▀█
█ █   █ █▀▀█ ▀█ ▀█▀▀ ▄▄█ ▀▄▄▄   ▄▄▀▀▀█▄█▀█▀▄█  ▀  ▄▄▄ ▀▀ ██
█ █▄▄▄█ █ ███ ▄▀   ▄▄▀█▄█▀█ ███▀█ ▀▀▀▄█▀▄█▀▄ █ █▀▄▀ ▀██▄█▀█
█▄▄▄▄▄▄▄█▄▄████▄██▄█▄▄▄▄▄▄▄██████▄██▄█▄▄▄▄████▄██▄▄█▄█▄▄███

[2026-07-20T17:59:48.180Z] [INFO] Scan this QR code with WhatsApp to authenticate:
▄▄▄▄▄▄▄▄▄▄▄▄▄▄▄▄▄▄▄▄▄▄▄▄▄▄▄▄▄▄▄▄▄▄▄▄▄▄▄▄▄▄▄▄▄▄▄▄▄▄▄▄▄▄▄▄▄▄▄
█ ▄▄▄▄▄ █▀▀██ ▄▄██▄▀▀▀   ▄ █▀█ ▄▄████▀ █ ▀▄ ▀▄▄▄ ██ ▄▄▄▄▄ █
█ █   █ █▀█ ██▄█▄▄▄▀██▄▄ ▀▀█▄▄▄█ █  ▀▀ ██▄▄ ▀▄ ▄ ██ █   █ █
█ █▄▄▄█ █▀ ▀▀▄  ▄█ █▄ ▄▄▀ █ ▄▄▄ █ ▄▀▄  ▀▀▄▄▄ █▀▀▄██ █▄▄▄█ █
█▄▄▄▄▄▄▄█▄█▄█ █ ▀▄█ ▀ ▀▄█ █ █▄█ ▀▄█ ▀▄█▄▀ ▀ █ ▀▄▀▄█▄▄▄▄▄▄▄█
█ ▄ ▄▄▀▄▄    ▄▄█▄█▄ ▀▄▀▀▀  ▄ ▄  ▀█▀█▀▄▄█▀▀▀▀▄▀▀█▀▀▄█ ▀▄▀ ██
█ ▄▀█▀▀▄█▄▀▀▄█▄  ▀▀ ▀▀▀ █▀██ ▀ ██▀    ▄▄  ▄▀▀ ▄▄▄  ▄▄ ▀▀▄██
█ ▀▄█ ▄▄█  ▀▄ ▄▄▄▄▀ ▄▄▀▄▀  ▄█▀▀█▄██▄   ██▀▀▀▄▀ █ ▀ ███▀ ▀▀█
█▀▀█ ▀ ▄█▀ █▀█ █▀██▄▀▄  ██▄█▀█▀  ▀ █▄█▄▀▄▀   ▀▀ █▄█▄▄ ▀▀▀▀█
██▄█▄ ▀▄▀▀  ▀▄ ███   ▄█▀█▀▄ ▀  ▀█▀▀█▄▄▄█ ▀▀▀█▀▄▄▀  ████▄  █
██▀█▀  ▄▄▄▀█▄▄▀█▀▀    ▄▄█▀▄██▄█  ▀▀▄▀▄ ▄▄█   ▀▄▀ ██▄▄ ▄ ▄██
███▀█▀▀▄ █ █ ▄▀█▄▀▄ ▄█▀▀▀▄  █▀▀▀ ▀█▄█ ▀█▀▀▀ ▀█▄█▄▀ █▄▀ ▀ ▀█
█ █▀█ ▄▄▄▄█▀ ▄▄▄▄ ▄▀▄█▄█▀█▀ ▄ ▄ ██▄▀ █▀█▄▀ ▀ █▄ █  █ ▄▀▀▀▀█
██▀▀▄█▄▄▀   ▀▀█ ▀▄▄▄█▄▀▀▀▀█▀ ▀ ▀▄  █ ▄▀▄▀▀  ▄▀█▄ ▀▀▄▀▀█   █
██▀█  ▄▄▄ ▀███▄▀▀ ▄█ ▀▄█▄▀▀ ▄▄▄   ▀▄█▄▄█▄ █▀██ ▀▀ ▄▄▄ ▀ ▄██
█ ▀▄  █▄█ █▀▄ █▄▄▄▄▀ █▄█▀▀█ █▄█ ▄█▄▄▄ ▀▄▄█▄▀▄███  █▄█ ▄▀▄▀█
██▄██▄▄▄ ▄█  ▀▄ ▀▄▄ ▀▄▀▀ ▀▄ ▄▄▄  ▀▄▀█  ▄█  ▀▄ █▀ ▄   ▄▀▀███
█ █ ██▄▄▄▀▀▄█ █▀▀▄▄ ▀█▄▀ ▀█▀█▄▀  █▀█▄▄▀▄▄█▀▀▄▀█▄██▀▀█▄█▄ ▀█
█ ▄  █ ▄█ ▄██▄ █████▀█▄▄▀ █ ▄▄▀ ▄█  █▄ █ ▄  ██  ▀▄ ▀▀▄  ███
█▄▀▀▀▄▀▄▀▄▀█▀ ▀▀▀█▄▄▀▀▀█▄ ▄█▀█   █▄█   ▄█▀▀▀▄████ ▀ ▄▄▄█▄▀█
█  ▄▄ █▄▄▄▀ █ ▄█▀█▀ ▀ ▄█▄ ▄ ▀█▄▄ █▀▄▀▄█▄████▀███ ▀▀▀▀█  ▄▄█
█▀▄▀█▄█▄▀ ▄▄ █▀ ▄█▄▄▄▄▀▀▀ █▀▄██▄▀█▀█▄ ▀██▀▀▀▄▀ ███▀▄▄██▄███
█▀ ▄ ▀ ▄ ▀ ▄█▄▄▀▄█▀  ▄▀ ▄▀▀▀██  ▀▀ █ ▀▀▄ ▀  █▄▀ █▄ ▀▄█▀  ▀█
██▄▄▄▄ ▄▄▄▀ █▀  ▄▄▀  █▀▄▄▀█▀██▄▀███▄  ▀▄██ ▀ ▀▄██▀█▄▀▄██ ██
█ ▀ ▀▀▄▄▄▀▄  █████▄▀▀▀ ██▀▄  █▄▄ █▄▀▄▄ ▄█▀█▀█  ▀ ▄▄▀██▀ ▄██
███████▄▄ ▀▄█▀▄▀█▄▀▄▀███▀▀▄ ▄▄▄ ▄█▄█▄ ▀▄▄▀█ ▄▀▄█▀ ▄▄▄ █▄▀▄█
█ ▄▄▄▄▄ █▄▄▄▀ █▄▄█▀█▄▀▄▀▄▀▄ █▄█  ▀▄▄ ▄██▄▄▀█ ▀ ▀  █▄█ ▀▀▄██
█ █   █ █ ▄▀▄▀▀▀▄▀ ▄▄█▀▀▀▄ ▄▄  ▄ █▄██  ▄██ ▀█▀██▀▄ ▄▄  ▄▄██
█ █▄▄▄█ █ █▀▀ ▄█▄ ▄ ▄█▀▄▀██▄█▀▀██▄█▀▄ ██ ██ ▀▀▄██ ▀▄█▀▀ ███
█▄▄▄▄▄▄▄█▄▄█▄█▄▄▄▄▄▄█▄██▄██████▄▄▄▄▄▄▄█▄███▄▄██▄█████▄▄█▄██

[2026-07-20T18:00:59.827Z] [INFO] Scan this QR code with WhatsApp to authenticate:
▄▄▄▄▄▄▄▄▄▄▄▄▄▄▄▄▄▄▄▄▄▄▄▄▄▄▄▄▄▄▄▄▄▄▄▄▄▄▄▄▄▄▄▄▄▄▄▄▄▄▄▄▄▄▄▄▄▄▄
█ ▄▄▄▄▄ █▄ ██▀▄  ▀▀▄ ██ ▄  ▀██▄ ▄▀ ▀ █ ▀▀▄ ▄▀▄ ▄ ██ ▄▄▄▄▄ █
█ █   █ █  ██▀███▄▄ ▄███   ███▄▄ █▀▀▀ ▀█▄▄▄▀ █▀▄ ██ █   █ █
█ █▄▄▄█ █▄  ▀▀ ▀▀▀█▄ ▀▀  █▀ ▄▄▄ ▄▀▀█▀▄▄ ███▀▀ ▄▀▄██ █▄▄▄█ █
█▄▄▄▄▄▄▄█▄▀▄▀ ▀▄█▄█▄▀▄█▄▀▄█ █▄█ ▀ ▀ █ ▀▄█ █▄▀▄█ █ █▄▄▄▄▄▄▄█
█ ▄ ▄█▀▄▀ █▄▄ ▀███▄▀█▄  ▀▀▀▄ ▄   █ ▄▀█▀█   ▀█▀ █▀ ▄█▀▄▄ █▄█
█▀ █ ▄▄▄▀█ ▄▀  ▀▄▄ ██ ▄▄▄▄▄▄▀█▀ ▀ ▀▄ █████▄▄█ ▄▄ ▄▄█▀█ ▄▄ █
██▀█▀ █▄█  █▀█▄  ▄█▄▄ █▄█▄▀▀█▀█▀▄▀ █▄▄▄▀▀▀▄▄▄█ █ █ ▀██▀▄▀██
██▀▄ ▀▀▄▀ █  ▀▄█ ▄ ▄ ▄▀ █▄██▀▄▀▀▀▀▀▄ ▄▄▄█ ▀▀█▀▄ ▀▀ ▄▀█ ▀ ▀█
█▀ ▄█ █▄▄▀███▀ ▄▄ █▀▄█▄▀▄▄ ▀▄▄▀▄▀ █▀▀▀█▄ █▀▄▄ ▀▀▄▄█▄▄▀█  ▀█
███▀▄▀ ▄██▄█ ▄▀▀▀█▄▄▄▀ ▄▀ ▄▀▀▄ ▄▄▀█▄ ▄ ▀ ▄▄▄▀█▀ ▀▀██▀▀ ▄▄▀█
█▄▄█▀ ▄▄█▀██▀█ ██ ▄▀██  ▀█▀ ▄ ▀ ▀▀▄█ ▀ █▄ ▀▀█▀█▄▄  ██   ▀▀█
█▄  ▀▄█▄ ██▀▄▄█▄▀▄   ▄▀▀  █▀▀▄██ █▀█ ▀█▄██▀ ▀▀▀ ▄███▀  ██ █
█ ▄ ▄ ▄▄ ▀▀██▄█▀ ▄  █ █▀███▀▄▀▄█▄▄▄█  ▀▀▀█ █ ▀ ▄▄▄▄ ▀█ █ ▄█
█ ▄ ▀ ▄▄▄  ▄ █▀▄ █▄▄▀▀█▄▄ █ ▄▄▄ ▀ ▄▀▄█▄ ▄   ▄▄▀▄▀ ▄▄▄ ▀▀▄▀█
██▀█▄ █▄█ ▀▄ ▄▄▀▀ █▄▄▄▀▀ ▄█ █▄█  ▄ ▀██▄█▀▀▀█ ▄  ▀ █▄█ ▀▄▀ █
██▀▀█  ▄  ▄ █▄▀▀█▄█▀▀ █▀▄██  ▄ ▄ █▀▀█  ▀█▄ ▄  ▄▀▄  ▄▄ █▄█▀█
█▀▀█▀▀█▄▄▀▄█▀▄ ▄▄▄▄▀▀▄  ▄ ▄▀▄▄▀▀▀█ ▄▀█▀▄    ▀▀▀▄▀▄ ▀ █▄▄▀██
██▄▄ ▀ ▄  ▀▀█ ▄ ██▄  █▀ █▄▀▀█  █ ▄█▄▀ █▄ ▀▀█ ▀▄▄ ▀▄ ▀█▀█ ▄█
█▀▄▄ ▀▀▄ ▄▄▀█▀▀ ██  ▀███ ▄▄▀██▄▄ ▀ ██▄  ▀███ ▀▀█▀ █▄█▄ ▀███
█▀▀▀  ▄▄▀ ▄▀▄█▄  ▄▄   █▄▄▀█  ▄▄▀ ▄ █ █ ▄▄▄█▄▀ ▄ ▀ ██ ▄▀▀█▄█
█▀▄▀██ ▄▀ ▀▄▀▄ █▀  ▀ █▄█ █▀ ▀▀▄▀█▄▄▀▀▀▀▄ ▀▀█  ▀▀▄ ▄█▀▀█▄▀ █
█▀ █  ▀▄▀ ▀▀▄█▀█▀▄█▄  █  ███▀█▄▄▀█ ███  ▄▀▄▄█ ▀ █  █ █▀▄▄██
██ ▄ ▀ ▄  ▀ █ ▄ ██▀▀▀█ █▄ █▀▄▄▄ ▄██▄ ▀ ▄▄▄▀▀▀▀ ██▀ ████  ██
█ ▀ ▀▀▄▄ ▄▄█  ▄▀ ▀ ▀█ ██▄▄  █▀█▀▄▄▀███▄▀▄█ ▄▀▀▄ █▀  █▄ █ ▄█
███████▄█▀ █▀▄▀▀█▄  ▀ ██▄█▄ ▄▄▄ ▄▀ █  ▀ ▀▀█▄▄█▄▄█ ▄▄▄  ▀▀▄█
█ ▄▄▄▄▄ ██ ▄ ██▀ ▄▀▄█ █  ▀█ █▄█ ▀▀███▀██ ▀▀▄██ ▀  █▄█ ▀ ▀▀█
█ █   █ █▀▄▀ ▄  ▀█▀▀ ▄▄█ ▀▄▄ ▄  ▄▄▀▀▀▀▄█▄▀▀▄▄  ▀  ▄▄▄▄█▀▀▄█
█ █▄▄▄█ █ ▄▀ ▄█   ▄ ▄▀█▄█▀█ █▀█▀▄▀▀▀  ▀▀▀ ▀ ██▄█▄ ▀ ▀▀▄▄█▀█
█▄▄▄▄▄▄▄█▄▄█▄███▄███▄▄▄▄▄▄▄██▄███▄██▄█▄▄▄▄▄███▄█▄▄▄████▄███

[2026-07-20T18:01:59.845Z] [INFO] Scan this QR code with WhatsApp to authenticate:
▄▄▄▄▄▄▄▄▄▄▄▄▄▄▄▄▄▄▄▄▄▄▄▄▄▄▄▄▄▄▄▄▄▄▄▄▄▄▄▄▄▄▄▄▄▄▄▄▄▄▄▄▄▄▄▄▄▄▄
█ ▄▄▄▄▄ █▀█ █▀▄█   █▀▄▀▄ ▄ ▄  ▄ ▄▄  ▄▄   ▄  ▄▀█▄ ██ ▄▄▄▄▄ █
█ █   █ █▄ █▄▄ ██▄▀█ ████▄████▀▀▄▄▀▀██▄███▀▄▄█▀▄ ██ █   █ █
█ █▄▄▄█ █ ▄  ▄▀███▄█▀██▄▀▄  ▄▄▄ ▀ █▀  █▄ ▀▄ ▀▀ ▀▄██ █▄▄▄█ █
█▄▄▄▄▄▄▄█ ▀▄▀ ▀ ▀ █▄▀ ▀ ▀▄█ █▄█ ▀▄█▄█ ▀ ▀▄█▄▀ ▀▄█ █▄▄▄▄▄▄▄█
█▄ ▀▄▀▀▄ ██▄▀ ▄███▀▄ ▄  ▄▄▄▄ ▄▄▄██ ▄▄ ▄█  █▄ ▀ ██▄█▄  ▀▄ ██
█ ▀▀▄▀█▄▄███▄█▀█  ▀▄▄▄  ███ ▀▀ ▀ ▄█▄▀▄▄█▀▀██▄▄▄▄▄▀█▀ ▀▀██▄█
██▀▀███▄▀  █▀█▄██▀█▄▄█ ▀█▄ █ ▄█▀▄▄▄▀▄▄ █▄▄▄▄▄ █▀▄▄ ▄▄ ▀ ▀ █
██▄▀█▀▄▄▄ █ █▄▀█ ▄ ██▄▀  ▀ █ ▄  ▄▀▄█▀▀ ▄█    ▀▀██ █▄▀████▀█
████▀▄▄▄██▀▀▄ ▀ ▄█ ▄▀▀▄█ ▄▀█   ▄ ▄ █ ▄▄ █▀▀█ ▄█▄██▄  ██▀▀▀█
█▀ ▀▄ ▄▄█ ▀  ▄▀▄▀▄▄▄█ █▀  ▄▄▄▀ █   ▀ ▄ █▀ ▄██ ▄█▀▀█ ▄▄ ▄  █
█ ██▀▄▀▄ ▀██▄ ███ ▀▄ █  ▄ ▄ ▄ ▄█ ▀▄██▄██ ▄▄▄▄██▄▀█▄██ ██▄▀█
██▀▄███▄▀█▄▄ ▀▄██ ▀▀▀ ██▀▀▄██ ▄▄  █▀ ▀▄  ▀ ▀▀▄█▄█▄▄▀█▄▀▄▄▄█
█ ▄█▀▄█▄▄█ █ ▄ ▀█▀  ██ ▄███ ▀▄▄█▄▀▀   ▀▄▄  █ ▄█▀█▄▄▄ ▄ █ ▀█
██▀ ▀ ▄▄▄  ▄  ▄█ █▀▀▄▀█▄▀█▀ ▄▄▄ ▄ ▄█▀ █▄▄ ▀▀▀▄▀▄█ ▄▄▄ ▄▄▀▀█
█▄ ▀▄ █▄█ █ ▀█▄▀█▄▄██ ██▀█▄ █▄█ ▀ ▄█▄▄█ ██▄█▀ █▄▄ █▄█ ▀▀ ▄█
█ ▄█ ▄▄▄▄▄▀██▄▀▄ ▀▄ ▀█▄ ▄██ ▄  ▄  █▄█ ▄ ▄▀ ▀ █▀ █    ▄███▄█
█▀▄██▀ ▄█▄▄█▄▀█▄▄▄▀ █▄█ ▄▄▀▀▄▄▄▄▄█ ▄█▄ █  █▄▄▀▄█▄▄█▀▄█   ▀█
█▀▀▀ █▀▄▀███▄▀█▄▄▄█▀▀▀█▄█  ███▀▄█▄▀ █▀█▀▄  █▄     █▄▄▄ ▄▀▄█
█ █▀█▄▀▄ ▀▀▄█ ▀█    ▀    ▄▄▄  ▀▄▄ █  ▄ ██▄██▄▄▄ ▀ █▀ ▀ ▀█▀█
█▄▄▀  ▀▄▄ ▄▄ ██▄ ▄▀██ █▄▀▄   ▄▀▄██ ██▀█▄▄▄ ▀▄▀▄ ▄█ █ ▄▄▄ ▄█
█ ██▀▀▀▄ ▄█▀▄ ▄▀█▄▀ ▀▀ ▀▀▄ ▄███ ▄  █    ▄█ ▄▀▄███▀████ ▀ ▄█
█▀  ███▄▀█▀█▀▄▄ ▄▀█▄ █ █ ██ ▄ ▄▄▀ █▄██ █▀▄▄▄██ █▀▀▄ █ ▀█▄ █
█ ██ ██▄ █▄  █ ▄██▄▄▄█ █▀█  ▄▄▀█▀█▀██▄▄▄▄▄▀▄▄▀▄█  ▄▀▄▄█████
█ ▀ ▀▀▄▄ ▄ ▀▀▀██▄█▀▀▄▄ ▀██▀▄▀█▄ █ █   ▄▀ ▀▄█▄█▀██▀█▄  ▀█▀ █
███████▄▄▀█ ▀▄▀▄█▀  ▄█▄▄█▄▄ ▄▄▄ ▄▄█ █▄▀▄▄ ▄██ █▀▀ ▄▄▄ ▀▀█▀█
█ ▄▄▄▄▄ █▄ ▄█  ▀▄█▄▀▀ █ █▄  █▄█ ▄███ █ █▄ ▄ ▀ ▀▀▄ █▄█ ▄█ ▀█
█ █   █ █▀ █▀█▀▄█▀  ▀  ▀▀ █     █▄██▄▄█▀▀█ █▀▄▄█  ▄ ▄ ▄  ▀█
█ █▄▄▄█ █▀ ▀ █████▄ ▄▄ ▀█▀██▄ █▀▄█▄▄ ▀▀▄▄▄▀ █ ▀ ▄ ▀█▄ ▄▄█▄█
█▄▄▄▄▄▄▄█▄▄█▄█▄█▄█▄▄█▄▄▄██████▄▄▄▄███▄█▄▄▄█▄▄█▄███████▄█▄██

[2026-07-20T18:02:19.846Z] [INFO] Scan this QR code with WhatsApp to authenticate:
▄▄▄▄▄▄▄▄▄▄▄▄▄▄▄▄▄▄▄▄▄▄▄▄▄▄▄▄▄▄▄▄▄▄▄▄▄▄▄▄▄▄▄▄▄▄▄▄▄▄▄▄▄▄▄▄▄▄▄
█ ▄▄▄▄▄ █▀█ █▀▄█▀▄ ██  █▄▄ ▄  ▄ ▄▄ ▄  ▄▄▀▄▄ ▀██▄ ██ ▄▄▄▄▄ █
█ █   █ █▄ █   ██▄▀█▀▄███▄████▀▀▄▄▀▀█▄▄█ █▀▄▄█▀▄ ██ █   █ █
█ █▄▄▄█ █  ▄█▄▀███▄█▀██▄▀▄  ▄▄▄ █ █▀▀▄█▄██▄    ▀▄██ █▄▄▄█ █
█▄▄▄▄▄▄▄█ ▀ ▀ ▀ ▀ █▄▀ ▀ ▀▄█ █▄█ ▀▄█▄█ ▀ ▀▄█▄▀ ▀▄█ █▄▄▄▄▄▄▄█
█▄ ▀▄▀▀▄▄▀ █▀▄▄███▀▄ ▄  ▄▄   ▄▄▄██ ▄▄ ▄█  █▄ ▀ ██▄█▄  ▀▄ ██
█ ▀▀▄ █▄█    ▄▀█  ▀▄▄▄  ██▄ ▀█ ▀ ▄▀▄▀▄ ▀▀▀▀█▄▄▄▄█▀▄▀█▀▀██▄█
██▀▀▄██▄ ▀ ▄▀█▄██▀█▄▄█ ▀█▄ █ ▄█▀▄▄  ▄▄ █▄▄█▄▄ ▄▀ █ ▄█ █▄▀ █
█▄▀▄▀▀▄▄█▀█ █▄▀█ ▄▀▄█▄█  ▀ █ ▄  ▄▀▄▀▀▀█▀█ ██▄█ ▀▄ █▄▀██▄█▀█
█ ██▄▄▄▄██▀▀▄ ▀ ▄▄  █ ▀▀ █▀█  ▀▄ ▄ ▄ ▄█▀▀▀ █▀ █▄██▄  ██ █▀█
█▀▄ ▀▄▄▄█ ▀  ▄▀▄▀▀▄▄█▀█▀▀▄▄▄▄▀▀█▄▄ ▀█▄▀▄ ▄██▀ ██▀▀█▄▄▄ ▄▄ █
█▀ █▀ █▄ ▀██▄ ███ ▀▄ █  ▄ ▄ ▄ ▄█ ▀▄█▀▄██▄▄▄▄█▀█▄▀█▄██ ███▀█
██▀▄█▀▄▄▀▀▀███▀▀█ ▀▀▀ ██▀▀▄██ ▄▄▀▀█▀  ▄ ▀▀ ▀ ▄█▄█▄▀█▀ ▀▄▄▄█
█ ▄█▀  ▄▀ ██▀█▄▄█▀  ██ ▄██▀▄▀▄▄█▄▀▀   ▀▄▄  █ ▄█▀▄█▀▄▄▄ █ ▀█
██▀ ▀ ▄▄▄ ███▄█▀ █▀▀▄▀█▄▀█▄ ▄▄▄ ▄  █▀ ▀▄▄ ▀▀▀▄█▄▄ ▄▄▄ ▄▄▀▀█
█▄ ▄█ █▄█ ▄ ▀█▀██▄▄██ ██▀█▄ █▄█ ▀ ▄▄▄▄█ ██ ▄▀ █▄█ █▄█ █  ▄█
█  █▄▄ ▄  ▀██▄▀▄ ▀█ ▀███▄█▄▄▄  ▄  ▄▄█▄▀▄▄▀▀▄ ▀█▄█     ▀▄█▄█
█▀  ▀▀ ▄▄ ▄█▄▀█▄█▄▀▄▄▄  ▀█▀▀█▄▄▄▄█ ▄▀▄██▄ ████▄▄▄▀█▀▄▄▀▀▄██
█▄▀█▄█▀▄▀▀██▄▀█▄▀██▀▄ █▄██ █ █▀▄▀ ▀ ▄▄▄▀  ▀▄█▄  ▀ █▄██ ▄▀ █
█▄ ▀█▄▀▄ ▀▀▄▄ ▀█    ▀    ▄▄▄   █ ▄█ ▄  █▄▄██▄▄▄ ▀ █▀ ▀ ▀█ █
█▄▄▀  ▀▄▄ ▀▄█▄▀▀ ▄▀██ █▄▀▄   ▄█ ██ █▄▀█▄██ ▀▄▀▄ ▄█ █ ▄▄▄ ▄█
█ ██▀▄▄▄ ▄█ ▀▀█ █▄▀ ▀▀ ▀▀▄ ▄███ ▄  █    ▄█ ▄▀▄███▀█ ██▄▀ ▄█
█▀  ███▄▀███ ▀▀█▄▀█▄ █ █ █▀ ▄ ▄▄▀ █ ██▄▀▀▄▄ ██▄█▀▀ ▄█  ▄▄ █
█ █▀██ ▄▀  ▀ █▄ ██▄▄▄█ █▀█ ▀▄▄▀█▀█▀██▄ ▄▄▄██▄▀ ▄ █▄▀▄██████
█ ▀ ▀▀▄▄▄▄ ▀▀▀██▄██ ▄▄█▄██ ▀▀█▄ █ █ ▄▄██ ▀▄▀▄█▄▄  ▀ ▄▄▀█▀ █
███████▄█▀█ ▀▄▀▄ ▀▄  ██▄ █▄ ▄▄▄ ▄▄█   ▀▄▀ ▄██▄▄▀█ ▄▄▄   ▀▀█
█ ▄▄▄▄▄ █▄ ▄█  ▀██▄▀▄██ █▀  █▄█ ▄▀██  ▀█  █▀█ ▀ █ █▄█ ▄█▄██
█ █   █ █▀ █▄▄▀▄█▀  ▀  ▀▀ █  ▄  █▄██▄ █▀ █ █▄▄▄█▀ ▄ ▄ ▄  ▀█
█ █▄▄▄█ █▀▀ █▄▀▀██▄ ▄▄ ▀█▀██  █▀▄█▄▄▀ ▀▄██▀ █ ▀ ▄ ▀█  ▄▄█▄█
█▄▄▄▄▄▄▄█▄██████▄█▄▄█▄▄▄██████▄▄▄▄███▄█▄▄▄█▄▄█▄██████▄▄█▄██

[2026-07-20T18:02:39.856Z] [INFO] Scan this QR code with WhatsApp to authenticate:
▄▄▄▄▄▄▄▄▄▄▄▄▄▄▄▄▄▄▄▄▄▄▄▄▄▄▄▄▄▄▄▄▄▄▄▄▄▄▄▄▄▄▄▄▄▄▄▄▄▄▄▄▄▄▄▄▄▄▄
█ ▄▄▄▄▄ █▄ ██▀█ ██ █▀▀█▀   ▀██▄ ▄▀ ▀  ▀█▄▄ ▄█  ▄ ██ ▄▄▄▄▄ █
█ █   █ █  ██▀███▄▄ ▄▄██   ███▄▄ █▀▀▀ ▀█ █▄▀ ▄▀▄ ██ █   █ █
█ █▄▄▄█ █▄   ▄ ▀▀▀█▄ ▀▀  █▀ ▄▄▄ ▄█▀█▀▄▄ █ █▀▀█▄▀▄██ █▄▄▄█ █
█▄▄▄▄▄▄▄█▄▀▄▀ ▀▄█▄█▄▀▄█▄▀▄█ █▄█ ▀ ▀ █ ▀▄█ █▄▀▄█ █ █▄▄▄▄▄▄▄█
█ ▄ ▄▀█▄▀▄█▀▄▄▀███▄▀█▄  ▀▀▀▄ ▄   █ ▄▀█▀█   ▀█▀ █▀▀ █▀▄▄ █▄█
█▀ █ █▄▄   ▄██ ▀▄▄ ██ ▄▄▄▄█▄▀█▀ ▀ ▀▄ █▀███  █  ▄█▀█▄█  ▄▄ █
██▀▀▀ █▄ █ ▀▀█▄  ▄█▄▄ █▄█▄   ██▀▄▀ ▄▄▄ ▀▀▀█▄▄█ ██▄ ▀███▄▀██
█▀▄▄█▀▀▄  █  ▀▄█ ▄█▀ ▄███▄██ ▄▀▀▀▀▀█▄  ▄█ █▄▀▀     ▄ ▄█  ▀█
██▀▀  █▄▄▀███▀ ▄  ▀█ █▄▀ ▄ ▀▄▄ █▀ █▀██ █ █ █▄▄█ ▄▄█▄▄▀█  ██
█  █ █ ▄██▄█ ▄▀▀ ▄▄▄ ▄ ▄██▄▀▀▄ █▄██▄█   ▀▀████▀ ▀▀▀█▀▀ ▄▄██
█ ▄█▀▀█▄█▀██▄  ██ ▄▀██  ▀█▀ ▄ ▀ █▀▄█▄█ █▀▄▀▀▀██▄▄  ▄█     █
█▄  ▀▄█▄▄▀▀█  █▀▀▄   ▄▀▀  █▀▀▄██ ▄▀█ ▀█▄▄▄▀   ▀ ▄██ ▀▄ ██ █
█ ▄ ▄▄█▄▄█ █  ▄▄ ▄  █ █▀███▀▄▀▄█▄▄▄█  ▀▀▀█ █ ▀ ▄██▀ ██ █ ▄█
█ ▄ ▀ ▄▄▄ ██▀█ █ █▄▄▀▀█▄▄   ▄▄▄ ▀ ▄▀▄█  ▄  ▄▄▄▀   ▄▄▄ ▀▀▄▀█
██▀▄█ █▄█  █ ▄▀█▀ █▄▄▄▀▀ ▄█ █▄█  ▄▀▀██▄█▀▀█▄ ▄▀ █ █▄█ █▀▀ █
█ █▀█▄ ▄▄ ▄ █▄▀▀█▄█▄▀ ▄▀▄█▄  ▄ ▄ █▀ █ ▄██▄ ▀▄▄█▄▄▄ ▄▄  ▄█▀█
█▄██▄▀█▄▀ ▄█▀▄ ▄█▄▄█ ▄█  ▀▄▀▄█▀▀▀█ ▄▀▀▀█  ▀ ▀█▄██▄ ▀ █▄▄▀██
█▀▄█▀▀ ▄ ▀▀▀█ ▄  ▄▄ █▄▀  █▀▀▄▀ █▄▄█▄ █▄▄▄█▀█▀▀█▄ ▀▄ █▄▀█ ▄█
██▀▄ ▀▀▄ ▄▄▀▄ ▀ ██  ▀███ ▄▄▀██▄ ▄▀ █ ▄  █▀██ ▀▀█▀ █▄█▄ ▀▄██
█▀▀▀  ▄▄▀ ▀▀██▄▀ ▄▄   █▄▄▀█  ▄▀█ █ █▀█ ▄▄██▄  ▄ ▀ ██ ▄▀▀█▄█
█▀▄▀█▄ ▄▀ ▀▀█ ▀▄▀  ▀ █▄█ █▀ ▀▀▄▀█▄▄▀▀▀▀▄ ▀▀█  ▀▀▄ ██▀▀█▄▀ █
█▀ █ ▀▄▄▀ ██▄█▀ ▀▄█▄  █  ███▀█▄▄▀█▄███  ▄▀  █ █▄▀▀▀█ ███▄██
██ █▀ ▀▄█▄ ██ ▀███▀▀▀█ █▄ █▀▄▄▄ ▄█▀█ ▀ █▄▄ ▀▀▀▄██ ▀██▄▀  ██
█ ▀ ▀▀▄▄▀ ▄█  ▄▀ ▀ ▀█ ▀ ▄▄▀▀█▀█▀▄▄ ▄███▄ █▄▀▀▀▄█ ▀  ██ █ ▄█
███████▄▄▀ █▀▄▀▀▄▄ ▄▀▀█▀▄▄▄ ▄▄▄ ▄▀ █▄   ▀██▄▄▀▀▄█ ▄▄▄  ▀▀▄█
█ ▄▄▄▄▄ ██ ▄ ██▀█▀▀▄█ █ ▄▀█ █▄█ ▀▀██▀▄▄█ ▄▀▄  ▀▀█ █▄█ ▀ ███
█ █   █ █▀▄▀▄▄  ▀█▀▀ ▄▄█ ▀▄▄ ▄  █ ▀▀▄█▄█▄█▀▄▀  ▀  ▄▄▄ █▀ ██
█ █▄▄▄█ █  █▄▀ █  ▄ ▄▀█▄█▀█ ▄██▀▄▀▀▀▀▀▀▀ ▀▀ ██▄█▄ ▀ ██▄▄█▀█
█▄▄▄▄▄▄▄█▄▄█▄▄▄█▄███▄▄▄▄▄▄▄██▄███▄██▄█▄▄▄▄▄███▄█▄▄▄████▄███

[2026-07-20T18:02:59.871Z] [INFO] Scan this QR code with WhatsApp to authenticate:
▄▄▄▄▄▄▄▄▄▄▄▄▄▄▄▄▄▄▄▄▄▄▄▄▄▄▄▄▄▄▄▄▄▄▄▄▄▄▄▄▄▄▄▄▄▄▄▄▄▄▄▄▄▄▄▄▄▄▄
█ ▄▄▄▄▄ █▄ ██▀█ ▀▀ ▄▄▀▄ ▄  ▀██▄ ▄▀▀▀▀▀ ██  ▄▄▀ ▄ ██ ▄▄▄▄▄ █
█ █   █ █  █▀▀███▄▄ ▄▄██ ▀ ███▄▄▀█▀▀▄ ▀█▀█▄▀ ▄▀▄ ██ █   █ █
█ █▄▄▄█ █▄▄ ▄▄ ▀▀▀█▄ ▀▀  █▀ ▄▄▄ ██▀█ █▄ ███▀▄█▄▀▄██ █▄▄▄█ █
█▄▄▄▄▄▄▄█▄▀▄▀ ▀▄█▄█▄▀▄█▄▀▄█ █▄█ ▀ ▀ █ ▀▄█ █▄▀▄█ █ █▄▄▄▄▄▄▄█
█ ▄ ▄██▄▀▄▀█▀ ▀███▄▀█▄  ▀▀█  ▄   █ ▄▀█▀█   ▀█▀ █   ██▄▄ █▄█
█▀ █ █▄▄▄▄ ▄ █ ▀▄▄ ██ ▄▄▄▄▄▄▀█▀ ▀ ▀  ██▀██▄ █ ▄▄████▀▄ ▄▄ █
██▀▀█ █▄██▀▄▀█▄  ▄█▄▄ █▄█▄▀▀▄▀█▀▄▀ █▄▄  ▀▀█▄▄█▄█ █ ▀▄██ ▀██
███▀█▀▀▄▀▀█  ▀▄█ ▄▀▀ ▄▀ █▄██▀█▀▀▀▀▀▄   █▀ ▀ ▀▀▄█   ▄▀█▀  ▀█
█▄██▄ █▄▄▀███▀ ▄▀▀█▀ █ ▀▀▄ ▀▄▄▀█▀ ▄ █▀█▄ █▀▄ ▄ ▀▄▄█▄▄▀▄▀ ██
█▄ ▄██ ▄██▄█ ▄▀▀▀▄▄▄▀▄ ▄▀▄▄▀▀▄▀█ ██▄█    ▀██   ▀▀▀█▀▀▀ ▄▄██
█▀▄█▀▀█▄█▀██ █ ██ ▄▀██  ▀█▀ ▄ ▀ ▀█▄█▄█ █▀▄▀▀▀██▄▄ ▀██   ▀▀█
█▄  ▀█ ▄▄▀▀▄██ ▄▀▄   ▄▀▀  █▀▀▄██▀▄▀█ ▀█▄▄█▀ ▀ ▀ ▄█▀ █▄ ██ █
█ ▄ ▄ █▄▄  ▄▀▄█  ▄  █ █▀███▀▄▀▄█▄▄▄█  ▀▀▀█ █ ▀ ▄▄▄█▀██ █ ▄█
█ ▄ ▀ ▄▄▄ █▀▄█ █ █▄▄▀▀█▄▄   ▄▄▄ ▀ ▄█▄█▄ ▄  ▄▄▄▀ ▄ ▄▄▄ ▀▀▄▀█
██▀ █ █▄█ ▀  ▄█ ▀ █▄▄▄▀▀ ▄█ █▄█  ▄▀▀████▀▀ ▄ ▄█▀  █▄█ █ ▀ █
█████  ▄▄ ▄ █▄▀▀█▄ ▀▀ █▀▄█▄  ▄ ▄ █ ▀█ █ ▀▄█ ▄      ▄▄▄███▀█
██▀  ▀█▄  ▄█▀▄ ▄█▄ █ ▄   ▀▄▀▄█▀▀▀█ ▄█▀▄█▄   ▀██▄▀▄ ▀▄▄▄▄▀▀█
█▀▀▄▀▀ ▄ ▀▀▀█ ▄ ▄█▄ ▄█▀ ▄▄▀▀▄█ █  █▄  ▄█▀█ █▄ █▄▀▀▄ █ ▀█▀▄█
██ ▄ ▀▀▄ ▄▄▀ ▄▀ ██  ▀███ ▄▄▀██▄▀▄▀ ██▄  ▀▀██ █▀█▀ █▄█▄ ▀█▄█
█▀▀▀  ▄▄▀    █▀▀ ▄▄   █▄▄▀█  ▄▄▀ ▄ █▀█ ▄▄▄█▄▀▀▄ ▀ ██ ▄▀▀█▄█
█▀▄▀█▀█▄▀   ▀▀█▀▀  ▀ █▄█ █▀ ▀▀▄▀█▄▄▀▀▀▀▄ ▀▀█  ▀▀▄ ▄▀▀▀█▄▀ █
█▀ █  ▀▄▀ ▀█▀▄▄▄▀▄█▄  █  ███▀█▄▄▀█▄███ ▄▄▀▄▄█ ▀ █▀▄▀ █▄▄▄██
██ ▀█▄▄▄ ▄▀▄█ ▄ ██▀▀▀█ █▄ ▄ ▄▄▄ ▄█▄▄ ▀ ▄▄▄  ▀▀▄█▀▄ ▀ ██  ██
█ ▀ ▀▀▄▄█ ▄█  ▄▀ ▀███ ▀ ▄▄  █▀█▀▄▄▀███▀▄ ▀▄▄▀█▀ ▀▀ ▄ █▀▄ ▄█
███████▄▄  █▀▄▀▀█▄ ▄  ▀███▄ ▄▄▄ ▄▀ █  ▀▀██▄▄ █▀██ ▄▄▄ ▀ ▀ █
█ ▄▄▄▄▄ ██ ▄ ██▀█ ▀▄▄██ ███ █▄█ ▀▀██▀▄▄▄█  ███▀▀  █▄█ ▀ █▀█
█ █   █ █▀▄▀█   ▀█▀▀ ▄▄█ ▀▄▄ ▄  █ ▀▀█▀▄█▀▀▀▄▄▄ ▀▀ ▄▄▄ █▀▀██
█ █▄▄▄█ █ █  ▀ █  ▄ ▄▀█▄█▀█ ▄▀█▀▄▀▀▀ ▀▀▀  ▀ ▄▄▄█▄ ▀ ██▄▄█▀█
█▄▄▄▄▄▄▄█▄▄██▄▄█▄███▄▄▄▄▄▄▄█▄▄███▄██▄█▄▄▄▄▄███▄█▄▄▄█▄▄█▄███

[2026-07-20T18:03:19.892Z] [INFO] Scan this QR code with WhatsApp to authenticate:
▄▄▄▄▄▄▄▄▄▄▄▄▄▄▄▄▄▄▄▄▄▄▄▄▄▄▄▄▄▄▄▄▄▄▄▄▄▄▄▄▄▄▄▄▄▄▄▄▄▄▄▄▄▄▄▄▄▄▄
█ ▄▄▄▄▄ █▀▄█▀██▄█▀█▀▀▀▀ ▄  █▀█ ▄▄██▀ ▄▄▀ █▄▄█ ▄▄ ██ ▄▄▄▄▄ █
█ █   █ █▀▀▄█▄▄██▄▄▀██▄▄▀ ▀█▄▄▄█▀█  ▀  █▄▄▄ ▀█ ▄ ██ █   █ █
█ █▄▄▄█ █▀█▄ ▀▄ ▄█▄▀▄ ▄▄▀ █ ▄▄▄ █ ▄▀▀▀ ▀▀ ▄▄ ▄▀▀▄██ █▄▄▄█ █
█▄▄▄▄▄▄▄█▄▀ █ ▀ ▀▄▀ ▀ ▀▄█ █ █▄█ ▀▄█ ▀▄▀ ▀ ▀ ▀ ▀ ▀▄█▄▄▄▄▄▄▄█
█ ▄ ▄▄█▄ ▄██▀▄ █▄▄▄ ▄▄▀▀▀ ▄▄ ▄  ▀█▀█▀▄ █▀▀  ▄▀▀▄  ▄█▄▀▄▀▄██
█▄▄▄█▀▄▄▀▀▄▀▀█▄ ▀ ▀ ▀▀▀ █▀▀▄▄█ ██▀▄ ▀ ▀  ▀██▀▀█ ▀▀▀▄ █▀▀ ▀█
█▀▀▄▄ ▀▄▄█ ██▀▄▄▄▄▀ ▄▄▀▄▀  ▄▀█▀█▄█▄█  ▀▄█▀ ▀▄▀█▄█▀ ███▀ ▀▀█
█▄ █▄ ▀▄  ▄▀  ██▀█▀█▀▄ ▀██▄█▀█▀  ▀▀▄▄██ ▄▀ ▄▄▀▄█ ▀▀▄▀█▀ ▀▀█
██▀▀▀▄▄▄   ▀▄▄▄█▄▄▄▄ ▄▄▀ ▀▄ ▀ ▀▀█▀▀▄▄▄ ▄▄▀█ ▄█▀██▀▀█▀███  █
█▀█▄▄█▄▄█▀ █▄ ▀█▄▄  ▀▀▄▄▄▄▄██▄▄ ▄▀▀▄▀█▀█▀█ ▀▀ █ █████▀▄ ▄▀█
█▄▄█ █▄▄▄▀▄▄▀█▀█▄▀▄ ▄█▀▀▀▄  █▀▀▀ ██▄▄ ▀██▀▀  █▄█▄▀▀▄▄▀ ▀▀ █
█▀▄▀▄▄▀▄▄▄▀▀▀ █▄▄ ▀█▄█▄█▀█▀ ▄ ▄ █▄▄▀▀▄▀█▀▀ ██▀▄▄█   ▄ ▀ ▀▀█
█▄▄▄ █ ▄ ███▀██▀▄▄▄▄█▄▀▀▀▀█▀ ▀ ▀▄  █▄▄▀███▄▀ █▄▄  ▄▄██▄▀  █
█▀█   ▄▄▄  ▄▄▄█ ▀▄▄█ ▀▄█▄▀▀ ▄▄▄   █▄▄▄█▄█▀▄▀█▄ █▄ ▄▄▄ ▀ █▀█
█ █▄█ █▄█  ▄▀▀▀▀▄▄▄▀ █▄█▀▀▀ █▄█ ▄█▄▄▄ █▄▄█  ▄█ ▄▄ █▄█ █▀█▀█
█▀▀  ▄ ▄    ▀ ▀█▀▄ ▄▀▄▀▀ ▀▄ ▄▄▄  ▀▄ █▄▄▄█ ▀▀ ▄ ▄▀▄  ▄▄▄▀███
█▀▀▄▄ █▄█ █▄▀█▀▄▀▄█▄▀█▄▀▀▀█▀▄█▀  █▀█▄▄█▄ ▀▀▀▄▀▀▄▀▀▀▀▀▄▄█ ██
█  ▄▄█▀▄ ▀▄█▄█ ▀ ▄██▄█▄▄▀▀█ ▄ ▀ ▄▀  ▀█ ▄█  ▀▀▀▀ ▀▄ ▀▀▄  ▄▀█
███ ▄▀█▄   ▀▀ ▀▄▀█▄▄▀▀▀█▄ ▄█▀█▄  █▄█   ▄█▀▀▀█▀███▄█ ▀▄▄██ █
█  ▀▀▀▄▄  █ ▀ ▀▀▀█▄▀▀ ▄█▄ ▄ ▀█ ▄ █▀▄▀▄▀▄▄▄██▀ █▀▀▀▄█▀█▀ ▄▄█
█▄   ▀█▄█▀▀▀▀█ █▄▄▀▄▄▄▀▀▀ █▀▄██▄▀█▀█ ▄████  ▄▀▄████▀▄█▄██▀█
██ ▀▄▀▀▄▀▄ █  ▀██▄▀  ▄▀ ▄▀▀▀██  ▀▀ ▀▀▀▄  ▀▄▄█▄▀ █▄ ▀▄█ ▀▄▀█
█▄▀█▄▄▄▄███ █▀▀█▄▄▀  █▀▄▄▀█▀██▄▀██▄▄   ███▀  ▀▀▄▀███▄█▄▄▀██
█ ▀ ▀▀▄▄▄ ▀▀▀█  ██ █▀▀▄▀█▀▄  █▄▄ █▄  ▄█▄▀▀███ █▄▀▄ ▀    ▄██
███████▄▄ ▄██ ▀██▄ ▄ ▄█▀▀ ▄ ▄▄▄ ▄█▄█▄ ▀█▀█▀▀ ▀ ▄█ ▄▄▄ ▄▄█ █
█ ▄▄▄▄▄ █▄▀█ ▄▄▀▀█▀█▀▄▄▀  ▄ █▄█  ▀▄▄ ▄█▄▀▄▀█▄█▀ ▄ █▄█ ▀▀▄▀█
█ █   █ █ ▀█▀▄▄▀▄▀ ▄▄█▀▀▀▄ ▄ ▄ ▄▄█▄██  ▄▀█ ▀ ███▀▄ ▄▄ ▄▄█▄█
█ █▄▄▄█ █ █▄██▀ ▄  ▄▄█▀▄▀██▄▀█▀██▄█▀▄▄▀██ █▄█▀ █ ▄▀▄██  ███
█▄▄▄▄▄▄▄█▄█▄███▄█▄█▄█▄██▄███▄██▄▄▄▄▄▄▄█▄██▄▄▄██▄▄███▄███▄██

[2026-07-20T18:04:31.392Z] [INFO] Scan this QR code with WhatsApp to authenticate:
▄▄▄▄▄▄▄▄▄▄▄▄▄▄▄▄▄▄▄▄▄▄▄▄▄▄▄▄▄▄▄▄▄▄▄▄▄▄▄▄▄▄▄▄▄▄▄▄▄▄▄▄▄▄▄▄▄▄▄
█ ▄▄▄▄▄ █▀█▀ ▄▄█▄▄▀█▄  █   ▄  ▄ ▄▄▄▄ █  █▀▄ ▄▀█▄ ██ ▄▄▄▄▄ █
█ █   █ █▄▀▄█▄ █▄▄▀█ ███▄▄████▀▀█▄▀▀▄▄▄██▄▀▄▄█▀▄ ██ █   █ █
█ █▄▄▄█ █  ▄███▀██▄▀▀██▄▀▄  ▄▄▄ ▀▄█▀ ▄█▄  ▄ ▀▄ ▀▄██ █▄▄▄█ █
█▄▄▄▄▄▄▄█ ▀ █▄█▄▀ ▀ ▀ ▀ ▀▄█ █▄█ ▀▄█▄█ █▄█▄█ █ █▄█ █▄▄▄▄▄▄▄█
█ ▄▀ ██▄ ▀█  ▀▄▀▄▄▄ █▄  ▄▄   ▄▄▄██ ▄▄▄▄▄█▄█▄ █▄▄▄▄█▄▄ ▀▄ ██
█▀▀▄█▀▀▄ ▀   ▀▀█▄█▀▄▄▄  ███▀▀▀ ▀ ▄▀ ▀█▀▄ ▀█▄▄█▀▄▀█▄ ▀▀▀██▄█
█ █▄▀▀ ▄▄▄▀█ ▀▄██▀█▄▄█ ▀█▄ ▄▀▄█▀▄▄▄ ▄▄▀█▄▄█▄▄ ▄▀██ ▄  █▄▀ █
█▄▀▀█▀ ▄▀▀   █▄▀ ▄█▀█▄█  ▀ █ ▄  ▄▀▀█▀█▀▄█▄██ ▀ ▄▄▄▀ ▀█▀██▀█
█ ██▄█ ▄▀  ▀▄▄▀▄ ▄▄▄█▀▄▀▀▄▀█   ▄ ▄ ▄ ▄▀ ▄▀ ██ ▄▄▀▄▄▀▄▀▄▀███
█▀▀▀▀▄ ▄▀   ▀ ▀▄▄▀▄▄  █▀ █▄▄▄▀ █   ▀▄  █ ▄██▀ █▄█▀██▄▄ ▄▀▄█
█▀█▀▀▀ ▄██▀█▄████ ▀▄ █  ▄ ▄ ▄ ▄█▄▀▄█▄ ██  ▄▄▄▀█▄▀██▄█ █▀█▀█
█ ▄█ ▀█▄ ▀█ ██ ▀█ ▀▄▀ ██▀▀▄██ ▄▄  █▀▀▄  ▄▀ █▄▄▀▄█▄▄▀▀  █▄▄█
█▄▀▀ ▀█▄ ▀▄█ ▀▄▀█▀▄ ██ ▄██▀▄▀▄▄█▄▀▀ ▄▄▀█▀ ▄▄▄▄█▀█▄█▄  ▀█▄██
█▄ ▄  ▄▄▄ ▄ █▄▄   ▀▀▄▀█▄▀██ ▄▄▄ ▄ ▄█▀ █ ▄  ▄ █▀▄█ ▄▄▄ ▄▄▄██
█▀█ █ █▄█    █  █▄▄██ ██▀█▄ █▄█ ▀  █▄▄▄▀██ █▀ █▄▄ █▄█  █ ▄█
█▀█▄▄ ▄▄▄ ▀▄▄ ▄  ▀▄▄▀█ ▄▄██ ▄  ▄  ▄█▀▄█▄ ██▄ ▀ █▀    ▄█▄█▄█
█▀█▀▄▄▀▄ ▀▀  ▄ █▄██▄█▄█ ▄▄▀▀██▄▄▄█ ▄█▄ ▄▄ █▄ ███ ██▀█▄▀  ██
██▄ ▀▀█▄▀▄  ▀▄███▀█▀ ▀█▄ ▄ █▀▀▀▄█▄▀ ▀ █▀█▀▀███▀▀  █▄▀█ ▄▀ █
█  ▀█▄▀▄██ ▀        ▀    ▄▄▄  ▄ ▀ █ ▀▄ █▄▄██▄▄▄ ▀▀▄██  ▀▄▀█
█▄▄▄▀ █▄█   █▄█▄ ▄█ █ █▄▀▄   ▄█▄▄█ ██ █▄▄▀▄▀ ▄  ▄█ █████ ▄█
█▄▀ ▄█ ▄▄▀▄▀▄▄ █ ▄▄▄▀▀ ▀▀▄ ▄███ ▄  █▀  ▀███▄▀▄▀██▀▄███ █▄▄█
█ ███▄█▄▀▄██▀██▄  █▄ █ █ ██ ▄ ▄▄▀ ▀▄██ ▀▀█▄▀▄██▀██▄▄█ ▄██▄█
██▄▄▄▀▀▄▀▄ █ ▀▀███▄▄▄█ █▀█ ▀▄▄▀█▀█ ▄█▄▄█▄▄██▄▀▄▄  █▀ █▀██▄█
█ ▀ ▀▀▄▄██ ▄ █▄▀▄█▀ ▄▄▀███ ▀▀█▄ █ ▄ ▄   ▄█▀▀ ▀ ▄▄ ▀  ▄▀█▀ █
███████▄▄▀▀▄▀▀▄▀█ █  ▄▄ █▄▄ ▄▄▄ ▄▄█ ▄▄▀▄▄▄█▄ ▄▄▀█ ▄▄▄   █▀█
█ ▄▄▄▄▄ █▄█▄ ███  ▄▀▄██ ▀█  █▄█ ▄▀████▀▄▀ █▀▀▀▀▀▄ █▄█ ▄█ ▀█
█ █   █ █▀▄█▀▀███▀  ▀  ▀▀ █  ▄  ▀ ██▄ █▀▀▀ ██▄▄█  ▄ ▄▄ ▄▀ █
█ █▄▄▄█ █▀▀ ▄▄ ███  ▄▄ ▀█▀██▄ █▀▄▄▄▄ ▄█▄  ▀▄█ ▀▄█▄▀█ ▄▄██▄█
█▄▄▄▄▄▄▄█▄█▄▄███▄██▄█▄▄▄█████▄▄▄▄▄███▄██▄▄▄▄▄█▄██▄██▄▄▄█▄██

[2026-07-20T18:05:31.402Z] [INFO] Scan this QR code with WhatsApp to authenticate:
▄▄▄▄▄▄▄▄▄▄▄▄▄▄▄▄▄▄▄▄▄▄▄▄▄▄▄▄▄▄▄▄▄▄▄▄▄▄▄▄▄▄▄▄▄▄▄▄▄▄▄▄▄▄▄▄▄▄▄
█ ▄▄▄▄▄ █▀▄▄▄ █▄▀▀█  █▀ ▄▄ █▀█ ▄▄█▀▀   █ ▀ ▄ ▄▄▄ ██ ▄▄▄▄▄ █
█ █   █ █▀ █▄ ▄█▄█▄▀██▄▄▀▀▀█▄▄▄█▀▄     █▀▄▄ ▀▄ ▄ ██ █   █ █
█ █▄▄▄█ █▀▀▄█▀ ▄▄█▄█▄ ▄▄▀ █ ▄▄▄ ▄ ▄▀▀▀ ▀▀▀▄▄█ ▀▀▄██ █▄▄▄█ █
█▄▄▄▄▄▄▄█▄█▄▀▄█▄▀▄█▄▀ ▀▄█ █ █▄█ ▀▄█ ▀▄█▄█ ▀▄█ █ ▀▄█▄▄▄▄▄▄▄█
█▄   ▄▀▄ ▄▀▀▀▀ ▀██▀▄▀▄▀▀▀ ▄▄ ▄  ▀█▀█▀  ▄▄█  ▄███▀▀ █ ▀▄▀▄██
██▄▀▄▀▀▄ ▄▀▄  ▄ ██▀ ▀▀▀ █▀▀▄▄█ ██▀  ▀▀▄█▀▀█▄▀  ▄ █▀▄█▀▀▀ ▀█
█▄█▀▄▄▄▄▀ ██▄█▄▄▄▄▀ ▄▄▀▄▀ ▀███▀█▄█▄█  ███▀▀ ▄▀▄▄▄▀ █ ██▄▀▀█
█▄    █▄▄▀▀▀█▀ ▀▀█▄▀▀▄  ██▄█▀▄█▄ ▀█ ▄▀▀▄ ▀▄▄ ██   █  ▄▀▀▀▀█
█▀ █▀█ ▄▄█▀▀▄ ▄▀█▄▄▄ ▄██▀▀▄ ▀  ▀█▀▀▄▄  ▄█▀▀▀▄▀▄█▀ ▀▄█▀▄▄  █
██▀  █ ▄▀▀▀██▄▀█▄    █▄▄ ▀▄██▄█ ▄█▀▄▀▀▀█▀▀▀▀ ▄▄ ▀█▀▄█▀▄ ▄▀█
███▀ █ ▄▀█ ▄▀ ▀█▄▀▄ ▄█▀▀▀▄  █▀▀▀ ▀█▄  ▀██▀▀ ▄█▄█▄▀▀█▄▀ █ ▀█
█▄▀ ▀▀▄▄▀ █▄    ▄ ▀ ▄█▄█▀█▀ ▄ ▄ ▄█▄▀  ██▄  ▀ ▀ ▄█  ▄▄  ▀▀▀█
█ ▀ ▀█ ▄▄▄  ▀▄  ▄▄ ▄█▄▀▀▀▀█▀ ▀ ▀▄  █  ▀▄ █  ▄█▄▄▀▀ █▄██▀▄▄█
█ ▄▄▀ ▄▄▄ ▀██▄█▀▀▀▄█ ▀▄█▄▀  ▄▄▄   ▀ ▄▄▀ █▀█ ▄█▄█▄ ▄▄▄ ▀  ██
██  █ █▄█ █▀ ▀█▀▄▄▄▀ █▄█▀▀▀ █▄█ ▄█▄▄▄  ▄▄█▀▀▄█▄▄▄ █▄█ ▀ █▀█
██▀▄█ ▄▄▄  ▀ ▄▄▀▀▄ ▀▀▄ ▄ ▀▄▄▄▄▄  ▀█ ▀▄ ▀▀ ▀▀▄▄█▄▄▄▄▄   ▀███
██▀ ██▄▄   ▀█ ▄█▄█▄ ▀▄██ ▀█▀▄▄▀  █▀█▀  ▄█▀▀  █▄██ ▀▀▀▄▄█▄██
██▄█ ▀█▄  ▀ ▀   ████▀█▄▄ ▀█ ▄█▀  █   ▀ ▄▀▀▀ ▀▀   ▄ ▀ ▀   ██
███ ▄▀█▄█▄▀▄██ ▀▀█▄▄▀▀▀█▄ ▄█▀█▀  ▀▄█▄  ▄▄█▀▀▀█████▄▄▄█▄█▄▀█
█  ▄ ▀ ▄▀  ▀██▀▄▀█ ▄▀ ▄█▄ ▄ ▀█ ▄▀█▀▄ █▀▄▄ ▀███▀▀▀▀▄█▄▄ ▀▄▄█
█ ▄██ █▄▀▄▄ ▀▀ ▀▀▄▄ ▄▄▀▀▀ █▀▄██▄▀█▀█▀▄█▄▄██ ▄▀ █████▄█▄█▀▀█
█▄█▄▄█▄▄▀█ ██▀ █▀█▀  ▄▀ ▄▀▀▀██  ▀▀ █▀▀ ▄  ▄█▄▄  ▀▀▄█▄█▀▀███
█▀ ▀ ▀ ▄ █▀▄██  ▄▄▀  █▀▄▄▀█▄██▄▀███▄   ▄██▄  ▀▄▄▀▄▀ █▄▀▀▀▄█
█ ▀ ▀▀▄▄▄ ▀▄ ▀▀▄████▀▀█▀█▀█  █▄▄ █▄ ▄▄███▀▄██▄▀ ▀█▄▀▀█ ▀▄██
███████▄▄▀ ▀██▄ ▄▄  ▀▄▄▀▄▀▄ ▄▄▄ ▄█▄█ ▄ ▄▄█▀▀▄▀▄█▀ ▄▄▄ ▄█▀▄█
█ ▄▄▄▄▄ █▄▄██▀▀█▀▄▀█▄▄▄▀█▀▄ █▄█ ▄█▄▄█▀██▄▀ ▄▄   ▀ █▄█ ▀▀ ▀█
█ █   █ █ ██ ▄  ▄▀ ▄▄█▀▀▀▄ ▄   ▄▄▀▄█▄  ▄ █ ▀▄▀██▀▄ ▄▄   █▄█
█ █▄▄▄█ █ ▄███▄▄▄ ▄▄▄█▀▄▀██▄█▀▀██▄█▀▄ ██ ▄█ █  ▀▀ ▀▄██ ▀███
█▄▄▄▄▄▄▄█▄█▄█████▄▄▄█▄██▄███▄██▄▄▄▄▄▄▄█████▄▄██▄▄▄███▄██▄██

[2026-07-20T18:05:51.423Z] [INFO] Scan this QR code with WhatsApp to authenticate:
▄▄▄▄▄▄▄▄▄▄▄▄▄▄▄▄▄▄▄▄▄▄▄▄▄▄▄▄▄▄▄▄▄▄▄▄▄▄▄▄▄▄▄▄▄▄▄▄▄▄▄▄▄▄▄▄▄▄▄
█ ▄▄▄▄▄ █▀█▀ ▄▄█ ▄▀▄▄▄▀█   ▄  ▄ ▄▄ ▄▄█ ▄ ▀▄▄█▄█▄ ██ ▄▄▄▄▄ █
█ █   █ █▄▀▄█▄ █▄▄▀█ ████▄████▀▀▄█▀▀▄▄▄███▀▄▄▄▀▄ ██ █   █ █
█ █▄▄▄█ █   ▀▄█▀██▄▀▀██▄▀▄  ▄▄▄ ▄ █▀▀▄█▄▄▄▄  ▄ ▀▄██ █▄▄▄█ █
█▄▄▄▄▄▄▄█ █ █▄█▄▀ ▀ ▀ ▀ ▀▄█ █▄█ ▀▄█▄█ █▄█▄█ █ █▄█ █▄▄▄▄▄▄▄█
█ ▄▀ ▀█▄▄▀▄ ▄▀▄▀▄▄▄ █▄  ▄▄▄▄ ▄▄▄██ ▄▄▄▄▄█▄█▄ █▄▄███▄ ▄▀▄ ██
█▀▀▄█▀ ▄█▀▄█▀▀▀█▄█▀▄▄▄  ███ █▀ ▀ ▄▀▄▀██  ▀█▄▄█▀▄▀▄▄▀▄ ▀██▄█
█ █▀ ▀ ▄▄ ▀▄ ▀▄██▀█▄▄█ ▀█▄ ▄▄ █▀▄▄▄ ▄▄▀█▄▄█▄▄ ▄▀█▄ ▄▀▄▀▄▀ █
█ ▄█▄▀ ▄▀    █▄▀ ▄█ █▄ █ ▀ █ ▄  ▄▀▄▄█▀▀▄▀▄ █▄▀▀▄  ▀  ▄▄▄█▀█
█ ▄ ▀█ ▄▀  ▀▄▄▀▄▄█  ▄  ▀▀▄▀█   ▄ ▄ ▄  ▀▀▄█▀▄█ ▄█▀▄▄▀▄▀█▀███
█▄▄   ▄▄▀   ▀ ▀▄▄▄▄▄▄██▀██▄▄▄▀▀▄▄  ▀▄  █  ██ ▄▄██▀██▄▄ ▄█▄█
█▄▄▀▀▄▄▄██▀█▀▄███ ▀▄ █  ▄ ▄ ▄ ▄█▄▀▄█  ██  ▄▄ ██▄▀█▄▄█ █▀█▀█
█ ▄█   ▄▄▀▄ ▄▄▀▄█ ▀▄▀ ██▀▀▄██ ▄▄▀ █▀ ▄  █▀ ██▄▀▄█▄██▀▄ █▄▄█
█▄▀▀ █▄▄▀█▄▄██▄ █▀▄ ██ ▄███ ▀▄▄█▄▀▀ ▄▄▀█▀ ▄▄▄▄█▀█▄▄█ ▄▀█▄██
█▄ ▄  ▄▄▄ ▀ ▀ ▀   ▀▀▄▀█▄▀█▀ ▄▄▄ ▄  ▀▀ ▀ ▄ ▄▄ █▀ ▄ ▄▄▄ ▄▄▄██
█▀██▄ █▄█  ▄ █▄▀█▄▄██ ██▀█▄ █▄█ ▀ ▀▄▄▄▀ ██▀▄▀ ▀▄▀ █▄█ ▀  ▄█
█ ▀█▄▄▄▄▄ ▀▄▄ ▄  ▀█ ▀█ ▄▄██ ▄  ▄  ▄█▀▄▄█ ██  ▀▄▀▀   ▄▄▄▄█▄█
█ ▀▀ ▄▀▄▄█▀  ▄ ███▀▄█▄  █▄▀▀██▄▄▄█ ▄▀▄█▄▄ ██▄██▄▄ █▀▄▄▀ ▄▀█
█▄ █▄▀█▄    ▀▄██▄██▀▀▄█▄ █ █▄▀▀▄█▄▀ █ █ █▀▀▄▄▀▀▀▀ █▄ ▀ ▄▀ █
█▄ ▀█▄▀▄██ ▀        ▀    ▄▄▄   ▄▀▄█ ▄  █ ▄██ ▄▄ ▀▀▄██  ▀▄ █
█▄▄▄▀ █▄█ ▀██▀▄█ ▄█ █ █▄▀▄   ▄▄ █▄ █▄ █▄▄▀▄▀▀█  ▄█ █████ ▄█
█▄▀ ▄██▄▄▀██▄▀ ▄ ▄▄▄▀▀ ▀▀▄ ▄███ ▄  █▀  ▀███▄▀▄▀██▀█ ██ ▀▄▄█
█ ███▀ ▄▀▄▀█ ▀▄▀  █▄ █ █ ██ ▄ ▄▄▀ ▀ ██ █▀█▄█▄█▀▀█▀  █ ▄▄█▄█
██▄ █▄▄▄█▄██ ▀▄███▄▄▄█ █▀█ █▄▄▀█▀████▄ ▄▄▄▄▄▄▀▀█▄▄█▀██▀ █▄█
█ ▀ ▀▀▄▄▀█ ▄ █▄▀▄██ ▄▄▄▀██▀▀▀█▄ █ ▄   ▀▀▄▀▀▄▄▀▄▄  ▀ █▄▀▄▀ █
███████▄█ ▀▄▀▀▄▀█ ▄  █▄ ▄▄▄ ▄▄▄ ▄▄█ █▄ ▄  █▄  ▄ ▀ ▄▄▄ ▀▀███
█ ▄▄▄▄▄ █▄█▄ ███▀█▄▀███  ▀  █▄█ ▄▀███▄▀▄  █▀ █  ▄ █▄█ ▄█▄▀█
█ █   █ █▀▄█ ▀███▀  ▀  ▀▀ █  ▄  ▀ ██ ▄█▀▄▀ ██ ▄█▀ ▄    ▄▀ █
█ █▄▄▄█ █▀▄▄   ▀██  ▄▄ ▀█▀██  █▀▄▄▄▄▀██▄ ▀▀▄█ ▀▄█▄▀█▄▄▄██▄█
█▄▄▄▄▄▄▄█▄▄▄██▄▄▄██▄█▄▄▄████▄▄▄▄▄▄███▄██▄▄▄▄▄█▄██▄██▄▄▄█▄██

[2026-07-20T18:06:11.423Z] [INFO] Scan this QR code with WhatsApp to authenticate:
▄▄▄▄▄▄▄▄▄▄▄▄▄▄▄▄▄▄▄▄▄▄▄▄▄▄▄▄▄▄▄▄▄▄▄▄▄▄▄▄▄▄▄▄▄▄▄▄▄▄▄▄▄▄▄▄▄▄▄
█ ▄▄▄▄▄ █▀▄▄▄ ▄▄ ▀█ ▄▀ ▀   █▀█ ▄▄████ ▀▀▀█▄ ▀ ▄▄ ██ ▄▄▄▄▄ █
█ █   █ █▀ █▄ ▄███▄▀█▄▄▄▀ ▀█▄▄▄█ ▄   ▀ █▄█▄ ▀█ ▄ ██ █   █ █
█ █▄▄▄█ █▀█  ▄ ▄▄█▄█▄ ▄▄▀ █ ▄▄▄ ▄ ▄▀▀▀ ▀▀ ▄▄ ▄▀▀▄██ █▄▄▄█ █
█▄▄▄▄▄▄▄█▄█ ▀ █▄▀▄█▄▀ ▀▄█ █ █▄█ ▀▄█ ▀▄█▄█ ▀▄█ █ ▀▄█▄▄▄▄▄▄▄█
█▄    ▀▄▄ █▀▀  ▀██▀▄▀▄▀▀▀  ▄ ▄  ▀█▀█▀  ▄▄█  ▄███▀  █▄▀▄▀▄██
██▄▀▄  ▄ ▀█▀█▄▄ ██▀ ▀▀▀ █▀▀▄ ▀ ██▀ ▄▀▀▄█▀▀█ ▀   ▀  █ ▄▀▀ ▀█
█▄█▀▄▄▄▄█ ▄ ▄█▄▄▄▄▀ ▄▄▀▄▀  █▀▀▀█▄██▄   ██▀  ▄▀█▄█▀ █▀▀▀▄▀▀█
██  ▄ █▄█▀▀▀█▀ ▀▀█▄█▀▄████▄█ ▄█  ▀██ ▀█▄ ▀█▀▄██ █▄█  █ ▀▀▀█
█ ▀███ ▄▄█▀▀▄ ▄▀█▄▀▄ ▄██ ▀▄ ▀ ▀ █▀▀█▄▄ ▄██ ▀▄▀██▀ ▀▄█▀██▄ █
██▄▄▄█▄▄▀▀▀██▄▀█ ▀  ▄▄▄▄ ▀▄██▄█▀▄█▀▄▄▄ ▄ ▀ ▀█▄▄ ▀█▀▄█▀▄ ███
█ ▄▀  ▀▄▀█ ▄▀█▀█▄▀▄ ▄█▀▀▀▄  █▀▀▀▄██▄▄ ▀█ ▀▀ ▄█▄█▄▀ █▄▀ █▀▀█
█▄▀ ▀▄▀▄▀  ▀ ▄▄ ▄ ▀ ▄█▄█▀█▀ ▄ ▄ ██▄▀ ▀███▀ ▀▀  ▄█ ▄▀   ▀▀▀█
█ ▀ ▀█▀▄▄▄  ▀▀█ ▄▄ ▄█▄▀▀▀▀▀█ ▀ ▀▄  █  ▀▄ █  ▄█▄▄▀▀▄█▀▀█▀▄▄█
█ ▄▄▀ ▄▄▄  █▄▄▄▄▀▀▄█ ▀▄█▄▀█ ▄▄▄   █▄▄▄▀▄█▀▀▄▄█▄█  ▄▄▄ ▀  ██
██    █▄█ █  ▀▄▄▄▄▄▀ █▄█▀▀▀ █▄█ ▄█▄▄▄ ▀▄▄█  ▄█ ▄▀ █▄█ ▄██▀█
██▀█▄▄▄▄▄  ▀ ▄▄▀▀▄█ ▀▄▄▄ ▀▄ ▄▄▄  ▀▄▀█▄▄▀█▄   ▄ ▄ ▄  ▄▄  ███
█▄█ ▄█▄▄ ▀ ▀█ ▄█▄▄ ▄▄▄█▀▄▀█▀▄█▀  █▀█▄▄▀███ ▀ ▀▄▄▀▀▀▀▄▄██ ██
█  ▀▄▀█▄ █▀ ▀   ▀▄██▄ ▄▄ ██ ▀█▀  ▀  ██ ▄ █▀ ▄▄▀▀▀▄ ▀▄█  ▄▀█
█   ▄▀█▄█▄▀▄▄█ ▀▀█▄▄▀▀▀█▄ ▄█▀█▀▀▄█▄█▄▄ ▄▀▀▀▀▄█████▄▄▄█▄██▀█
█  ▄ ▀ ▄▀ █▀ █  ▀█ ▄▀ ▄█▄ ▄ ▀█▄  █▀▄▀▄▀▄▄ ▀█▄█▀▀▀▀▄█▄▄ ▀▄▄█
█ ▄██▀▀▄▀▄▄█   ▀▀▄▄ ▄▄▀▀▀ █▀▄██▄▀█▀█▀▄█▄▄██ ▄▀ █████▄█▄▀▀▀█
█▄█▄▄▄▄▄▀█ ▄███▄▀█▀  ▄▀ ▄▀█▀██  ▀▀ ▀▀▀▄▄  ▄▀▄▄  ▀ ▄▀▄█▀ ███
█▀ █▄█▄▄ ▀█▄██▀▀▄▄▀  █▀▄▄▀████▄▀██▄█  ▀▄██▀  ▀█▄▀▄▀▀▄██ ▀▄█
█ ▀ ▀▀▄▄▀▀▀▄ ▀▀▄███▄▀▀  █▀▄▀ █▄▄ ██  ▄▀▄▀█▄██▄▀  ▄▄█▄█ ▀▄██
███████▄█  ▀██▄ ▀▄▄▄█▄█▀█▀▄ ▄▄▄ ▄█▄█ ▄▄█▀▀▀▀ ▀ ▄█ ▄▄▄ █▄▀ █
█ ▄▄▄▄▄ █▄▄██▀▀█  ▀█▄▄▄▀  ▄ █▄█ ▄▀▄▄▀██▄██▀█▀▀▀   █▄█ ▀▀▄▀█
█ █   █ █ ██ ▀  ▄▀ ▄▄█▀▀▀▄ ▄▄  ▄ █▄██▄ ▄▀█ ▀ ███▀▄ ▄    ▄██
█ █▄▄▄█ █ ██▀█ ▄▄ ▄▄▄█▀▄▀██▄▄▀▀█▄██▀█ ██▀██ █▀ ▀▀ ▀▄█▀ ▀███
█▄▄▄▄▄▄▄█▄█▄██▄██▄▄▄█▄██▄██████▄▄▄▄▄▄▄█████▄▄██▄▄▄██▄▄██▄██

[2026-07-20T18:06:31.435Z] [INFO] Scan this QR code with WhatsApp to authenticate:
▄▄▄▄▄▄▄▄▄▄▄▄▄▄▄▄▄▄▄▄▄▄▄▄▄▄▄▄▄▄▄▄▄▄▄▄▄▄▄▄▄▄▄▄▄▄▄▄▄▄▄▄▄▄▄▄▄▄▄
█ ▄▄▄▄▄ █▀█▀ ▄██▀  █▀  ▄▄▄ ▄  ▄ ▄▄  █▀  ▄▀   ▄█▄ ██ ▄▄▄▄▄ █
█ █   █ █▄▀▄▀▄ ███▀█▀█████████▀▀█▄▀▀▀█▄█▄█▀▄ ▄▀▄ ██ █   █ █
█ █▄▄▄█ █  ▄▀▄█▀██▄▀▀██▄▀▄  ▄▄▄ ▀██▀▀██▄ ▄▄ ▀▀ ▀▄██ █▄▄▄█ █
█▄▄▄▄▄▄▄█ █ █▄█▄▀ ▀ ▀ ▀ ▀▄█ █▄█ ▀▄█▄█ █▄█▄█ █ █▄█ █▄▄▄▄▄▄▄█
█ ▄▀ ▀▀▄ █ ▀▄█▄▀▄▄▄ █▄  ▄▄   ▄▄▄██ ▄▄▄▄▄█▄█▄ █▄▄▄▄█▄  ▀▄ ██
█▀▀▄█▀▀▄▄ ▀▄▄ ▀█▄█▀▄▄▄  ██▄ ▀▀ ▀ ▄▀ ▀█▀  ▀█▄▄█▀▄█▀▄▀ ▀▀██▄█
█ ██▄▀ ▄▄▄▀▀ ▀▄██▀█▄▄█ ▀█▄▀▄▄▄█▀▄▄  ▄▄▀▄▄▄██▄ ▀▀ █ ▄ ▄█▄▀ █
█ ▄ ▄▀ ▄ ▀   █▄▀ ▄▄ █▄▄  ▀ █▀█  ▄▀ ▀▀▀█▄▀▄▄  ▀▄█ ▀▀ ▀▄▀██▀█
█▄▄  █ ▄▀  ▀▄▄▀▄██ ▄█▀ █▀▄▀█  ▄█ ▄ █  ▀  █▀▄▀▄▄█▀▄▄▀▄▀▄▀█▀█
███▄█▄ ▄▀   ▀ ▀▄▀▀▄▄█▀█▀▀ ▄▄▄▀ █▄  ▀▀█ █▀▀▄█▄▄▄██▀█▀▄▄ ▄ ▄█
███▀▀█▄▄██▀█▄▀███ ▀▄ █  ▄ ▄ ▄ ▄█▄█▄██▄██ ▄▄▄ ██▄▀█▄▄█ █▀▄▀█
█ ▄█ ▄▀▄ ▀█▀█▀█ █ ▀▄▀ ██▀▀▄██ ▄▄  █▀ █  ▄▀ █▄▄▀▄█▄ ▀█  █▄▄█
█▄▀▀  ▀▄██▀██ ▄██▀▄ ██ ▄██▀▄▀▄▄█▄▀▀ ▄▄▀█▀ ▄▄▄▄█▀▄█ ▄▄▄▀█▄██
█▄ ▄  ▄▄▄ ▄▄██▄   ▀▀▄▀█▄▀█  ▄▄▄ ▄ ▄█▀ █▄▄    ██▄  ▄▄▄ ▄▄▄██
█▀██▀ █▄█ ▀  ██▄█▄▄██ ██▀█▄ █▄█ ▀ ██▄▄█ ██▀▄▀ █▄▄ █▄█  █ ▄█
█▄▀▄█▄ ▄▄▄▀▄▄ ▄  ▀▀█▀█▄ ▄█▄ ▄  ▄  ▄▄▀ █▄ █▀▀▄█▀▄▀ ▄  ▄███▄█
█▀█  ▄▀▄█▀▀  ▄ ██▄█▄▄▄▄ █▄▀▀▀█▄▄▄█ ▄ ▄▄▄▄▄▄▄ ██▄ ██▀▄▄  ▄▀█
██▄▀▀▀█▄ █  ▀▄██▄▀█▀ ▄█▄▄▄ █▄ ▀▄█▄▀ █▀▄ ▀▀▀█▄▀▀▀  █▄   ▄▄ █
█▀█▀█▄▀▄██ ▀ █      ▀    ▄▄▄   ▄█▄█  ▄ █▄▄██▄▄▄ ▀▀▄██  ▀▄ █
█▄▄▄▀ █▄█ ▀██ ▄▀ ▄█ █ █▄▀▄   ▄█ ██ █▄▀█▄▄ ▄▀ █  ▄█ █████ ▄█
█▄▀ ▄▄▄▄▄▀█▄ █▄▀ ▄▄▄▀▀ ▀▀▄ ▄███ ▄  █▀  ▀███▄▀▄▀██▀████ █▄▄█
█ ███▀▀▄▀▄ ▄▄▀██  █▄ █ █ █▀ ▄ ▄▄▀ ▀ ██ ▀▀█▄▀▄██▀██▀ █ ▄██▄█
██▄▄▄█ ▄▄▄ ▄ ▀▀ ██▄▄▄█ █▀█ █▄▄▀█▀████▄▀█▄▄█▄▄▀ ▄ ▄▄▀█▄▀▀█▄█
█ ▀ ▀▀▄▄▀█ ▄ █▄▀▄█▀▄▄▄▀███ █▀█▄ █ █ ▄▄▀█▄▀██▄█▄▄▀▀▄▄▀▀ ▄▀ █
███████▄▄ ▀▄▀▀▄▀█▀   █ ▄ █▄ ▄▄▄ ▄▄█  ▄▀█  ▄▄▄ █ ▀ ▄▄▄   ███
█ ▄▄▄▄▄ █▄█▄ ███▄█▄▀ ██ █▄  █▄█ ▄▀██ ▀▀█▀ █▀  ▀▀  █▄█ ▄█▄▀█
█ █   █ █▀▄█▀▀███▀  ▀  ▀▀ █     █▄██▄▄█▀▄█ █▀▄▄█▀ ▄    ▄ ▀█
█ █▄▄▄█ █▀█▀█▀█▀██  ▄▄ ▀█▀██▀▄█▀█▄▄▄▀██▄▀ ▀▄▄ ▀▄█▄▀██▄▄██▄█
█▄▄▄▄▄▄▄█▄▄█▄▄▄█▄██▄█▄▄▄██████▄▄▄▄███▄██▄▄▄▄▄█▄██▄███▄▄█▄██

[2026-07-20T18:06:51.444Z] [INFO] Scan this QR code with WhatsApp to authenticate:
▄▄▄▄▄▄▄▄▄▄▄▄▄▄▄▄▄▄▄▄▄▄▄▄▄▄▄▄▄▄▄▄▄▄▄▄▄▄▄▄▄▄▄▄▄▄▄▄▄▄▄▄▄▄▄▄▄▄▄
█ ▄▄▄▄▄ █ ▀▄▄ ▀ ▄▀▄ █▄▄ ▄▄█ ▄█ ▄▀  ▀█▄▄▄██  ██▀▄ ██ ▄▄▄▄▄ █
█ █   █ █   █▀▄██▀▀▄██▄▀▄▄▀█▄▀▀ ▀▄ █▄█ ██ ▀█ ▄ ▄ ██ █   █ █
█ █▄▄▄█ █▀ ▄▀▄█▀▀█▄█▀█▀▄▀   ▄▄▄ █▄▀▀▀▄█▄▀▄▄▄ ▄▄▀▄██ █▄▄▄█ █
█▄▄▄▄▄▄▄█▄█ █ █▄▀ ▀ ▀ ▀ ▀▄█ █▄█ ▀▄█▄█ █▄█▄█ █ █▄█ █▄▄▄▄▄▄▄█
█▄▄██ ▄▄██▀█▄ █▄ █▀▄▄▀▄▀▀ ▀ ▄▄  ▄ ▄█▀ █▀▀█  ▀  █▀▀█▀ ▀▄   █
█ ▄▀▄█▄▄█ ████▄ █ ▄█▀▀▀█ ▄ ▄  █ █▀ █▄▄▄▀▀▄ █▀  █▄▄ ▄▀▄▄▄ ▀█
█▄ ▀█▄▄▄▄▄▀▄▄█▀▀▀▄▀ ▀▀▄▄▀ █ ▄█▀█▀ █▄  ▀  ▀▀ ▀▄ ▄█▀█  ▀▀▄▄▄█
█ █ ▀█ ▄█▀▀▄ ▄ ▀▀ ▄▀▀▄█▄  ▄█▀  ▀ ▀█▀▀▄▄ ▄▄█▄▄▀▄▄███   ██▀▀█
█ ▀ ██ ▄▀ ▄▀▄ ▀▄▀▄▄ █▀ ▀ ▀▀█▄  ▀ ▄▄▄▄▄█ ▄█▀ █  █▀ ▄▀ ▀█▄▀██
█ ██ ▄▀▄▀▀▀  ▀▀█▄▀███ ▄▀ █▄██▀ ▄▄▀▀▀▀▄▀█ ▀█▄▀▀▄█▄ ▀ █▄▀█▄██
█ ▀▄█▀▄▄▄ █▄▄▀▄ ▀▀▄ ▀ ▄▀▀▄██ ▀▀▀▀  ▄▄ ▄ ▄█▀ █▄▀█▄▀▄ ▀▀ █▄██
█▀▀ ▀ █▄█ ▀▀ ▀▀▄▄█▄█▄█▄ ▄ ▀ ▄█▀██▄▄▄▄███▄▄█▄   ▀ █▀█ ▀█▄▀▀█
█ ▄█▄▄█▄ ▀█ ▄█▄█▀▄ ▄ ▀▄▀▀▀▄ █▀ ▀▀███  ▄▀██  ▀ ▀▄  █ ▄██▀▀▀█
██▄▄▀ ▄▄▄ █▀▀███▀▄▀  ▀▄ ▀▄▄ ▄▄▄   █▀▀▀█ █▄ ▀▄█▄▄▄ ▄▄▄ ▄█ ██
███▀▄ █▄█ ▀  ▀▀▀▀▄▄▀█ ▀█▀▀  █▄█ ▀ ▀▄▄ █ ▀█▀▀▀  █▄ █▄█ ▄  ▄█
█ █▄▀▄ ▄ ▄ ▄█▀▄▀▀▀▄▄▀▄█ █▄▄▄▄  ▄ ▀█▄ ▀█ ██▀  ▄ ▀▀ ▄▄▄ █████
█▄  ▀█▄▄ ▄█▀█ ▀ ▀█ ▄█▀▄▀▄▀ ▄ ▄▀ █ ▄█  █ █▀  ▀▄ █▀▀▄▄ ██▄█▄█
█▄▀ ▄▄ ▄▀█▀█▄█  ▄█  █▀▄▀▄ █ █▀▄█ █ ██▀▀▄▄██▄█▄ █▄▀ ▀▀ ██▄▀█
█▀▀█▀▀█▄ ▀▄▄▄▀█▄▄█▄▄▄▄▄█▄ ▀ ▄█▄▄▀ ▀█▄ █▀▀█▀▀▀▄ ███▀▀▀█▄█ ▄█
██ ▄ ▄█▄▀ ▀▄▄ ██▀ █▀▀ ▄ ▀█▄ ▀ █▀ █▀▀█ ▀▄▄▄▄ ██▀▄▄▄▄█▄▀█▄▄▄█
█ ▀  █▄▄▄▀▄ █ ▄ ▄▄▄ ▀▀▄▀▀  ▄▀██▄▄ ▄█▀▄ ▀▀██ ▀▄█████ ▀█ ▀▄▄█
█▀█▄▄ █▄▀█▄▀▀ █ ▀ ▄█ ▄▀█▀▄▀▀█ ██▀▀  ▄▄   ██▄▄▄▄▀ ▀▀▀▄ █████
█▀█▀█▄ ▄█▀▄▀██ ▄▀▄▀ █ ▄▄▄▀▀█ █▄▀  ▀▄  ▄  █▀▀█▄▀▄██▀▄ ██ ▄▀█
█ ▀ ▀▀▄▄█ ▀▀█▄▀▄█ ▀█▀▀▀█ ▄█   ▀▀ █▄█▀▀ ▄█▄▄██▄▀ ▄▄▀▀ ▄▄▄▄██
███████▄█▀█▀██▀█▀█▀▄▄  █▀▀▀ ▄▄▄ ▀ ▀█▄ ▀▀▄█▀ ▀  ██ ▄▄▄ ██▄▀█
█ ▄▄▄▄▄ █▀▄  ▄▀█ ▀▄  █▄▄██▄ █▄█ ▄▀▄▀▀▀▄▄  █  █▀▄▀ █▄█ ▄▄▄▀█
█ █   █ █▄ ██ ██▀▀ ▄▀ ▄▀▀▄█ ▄  ▄▀▄▀█▄▄█▀▄▀ ▀▀▄ █▀▄▄ ▄     █
█ █▄▄▄█ █▀ █▄▀  ▄█▀▀▄█▀▀▄ █▄▀ ▄ ███▄ ███   ██▀ ▄▄█▀▄█ █▄███
█▄▄▄▄▄▄▄█▄██████▄▄▄▄▄█▄█▄█▄▄█▄█▄███▄▄▄▄▄▄██▄█▄▄▄▄▄▄▄█▄███▄█

[2026-07-20T18:08:03.296Z] [INFO] Scan this QR code with WhatsApp to authenticate:
▄▄▄▄▄▄▄▄▄▄▄▄▄▄▄▄▄▄▄▄▄▄▄▄▄▄▄▄▄▄▄▄▄▄▄▄▄▄▄▄▄▄▄▄▄▄▄▄▄▄▄▄▄▄▄▄▄▄▄
█ ▄▄▄▄▄ █▀▄▄█▀▄▄▀▀█  █▀ █▄ █▀█ ▄▄███▀▀ ▀██ ▄▄ ▄▄ ██ ▄▄▄▄▄ █
█ █   █ █▀  ▄▄▄█▄█▄▀█▄▄▄▀▀▀█▄▄▄█▀█     █▀▄▄ ▀▄ ▄ ██ █   █ █
█ █▄▄▄█ █▀▀▄▀█ ▄▄█ ▀▄ ▄▄▀ █ ▄▄▄ ██▄▀▄▄ ▀▄▄▄▄ █▀▀▄██ █▄▄▄█ █
█▄▄▄▄▄▄▄█▄█ ▀▄▀▄▀▄▀ ▀ ▀▄█ █ █▄█ ▀▄█ ▀▄█▄█▄█▄▀▄█▄▀▄█▄▄▄▄▄▄▄█
█▄▄▄ ▄▀▄▄▄  █ ▀▀██▄▄ ▄▀▀▀ ▄▄ ▄  ▀█▀█▀▄▄▄▀█▀ ▄▀▄█▀  █▄▀▄▀▄▀█
█  █ ▀█▄▀█▀█ ▄▄ ▀█▀ ▀▀▀ █▀▀▄▄▀ ██▀▄▄  ▄▄  ▀ ▀▀▄▄ █▀▄▄▀▀▀▄██
█ ▄█▄▄▀▄▄██▀██▄▄▄▄▀ ▄▄▀▄▀ ▀▄██▀█▄█ █   ▄█▀▀ ▄▀▄█▀  █▀▀▀ ▀▀█
█ █▄▀ ▄▄▄█▀█▀▄▀▄▀█ █▀▄▄▄██▄█ ██▄ ▀▀  █ ▄ ▀█▀▄▀▀█▀ █   ▀▀▀▀█
██▄▀█▀▄▄▀█▀ ▄▀▄▀▀▄▀▄▀██▀▀ ▄ ▀ ▀▀█▀▀█▀  ██▀▀ ████ ▀▀▄▀▀▄▄  █
██ █▄▀ ▄█▀ ▄█ ▀█ ▄  ▀▄▄▄▀█▄██▄█▀ ▀▀▄ █▀▄▄▀  ▀▀█ ▄▀▄▄█▀▄ ▀██
█ ▀▄▀ ▀▄▄  █ ▀▀█▄▀▄ ▄█▀▀▀▄  █▀▀▀▄██▄  ▀█ ▀▀  █▄█▄▀▀▄▄▀▄█▀▀█
█ █    ▄▀▄ ▀ ██▄▄ ▄ ▄█▄█▀█▀ ▄ ▄ ▄▄▄▀▀▄███ ▄██▀ ▄█ ▀▀ ▄ ▀▀▀█
█▄█▄█▀▄▄▄█▄▄▀ ▀▄▀▄▄▄█▄▀▀▀▀█▀ ▀ ▀▄  █▄▄ ███▀  ▀█▄▀ ▀▄▀█▄▀  █
██▄█▄ ▄▄▄  █▀█ ▄█▀▄█ ▀▄█▄▀▀ ▄▄▄   ▀▄█▄ ▄▄▀▄▄▄█    ▄▄▄ ▀ ▄██
█ █ ▄ █▄█ ▄▄█▀█▄▄▄▄▀ █▄█▀▀█ █▄█ ▄█▀▄▄  ▄▄█▀ ▄█▄▄▄ █▄█ ▀▀▄▀█
█ ▄▄▄▄ ▄▄▄▀█▀█▄▀▀▄▄▄▀▄▄▀ ▀▄ ▄▄▄  ▀█ █▄███ ▀    ▀█▄  ▄ ▀▀███
█▀▀▄▀█▀▄▄█▀▀█ ▀█▄▄ ▄▀▄▄▀▀▀█▀▀▄▀  █▀█▄▄▄█▀▀   █▄▄█▄▀▀▄▄█▄▄██
█▄▄█▀▄▄▄██ ▀▄▄██▄████ ▄▄█▄█ ▄█▀ ▄▀  ▀ ▀▄▀▄  █▄ ▀█▄ ▀ ▄   ██
█ ▀▀ ▄▄▄ ▀ ▄▀▀▄▀▀█▄▄▀▀▀█▄ ▄█▀█ ▄ ▀▄█▄▄ ▄▀▀▀▀▄████▀ █▄█▄▀▄▀█
█▀█ ▄▀▀▄███▀▄█ █▀█▄ ▀ ▄█▄ ▄ ▀█ ▄▀█▀▄▄▀▀▄ ▄█▀▀▀██▀▀ ▀  ▀▀▄▄█
█   ███▄▀  █▀▄▀▄▄▄▄▄▄▄▀▀▀ █▀▄██▄▀█▀█ ▄▀█▀▀▀ ▄▀▄▄██▄█▄█▀▀▀██
██▀▀█▀ ▄▀ ▀ █▄▀█ ▀▀  ▄▀ ▄▀█▀██  ▀▀ █  █▄▀▀  ▄█▀▀█▄▄█▄█▄  ██
█ ▄▀▀█ ▄█▀███▄▀▀▄▄▀  █▀▄▄▀▄███▄▀███▄  █▄██▀▀ ▀▄██▀▀█▄█ ▀▀▄█
█ ▀ ▀▀▄▄▀▄▄▀▀ ▀▄███▄▀▀▄▀█▀█  █▄▄ █▄ ▄▄  ▀██▀█▄████ ▀▄▀  ▄██
███████▄▄▀▄▄▀▀▀▀█▄▀▄▀██▀▀ ▄ ▄▄▄ ▄█▄█   ▄▀▀▀  ███▀ ▄▄▄ █▄▀ █
█ ▄▄▄▄▄ █▄▄▀██ █▀▀▀██▀▄▀██▄ █▄█ ▄█▄▄▄ █▄ ▀▀█▀█▀▀▄ █▄█ ▀▀▄██
█ █   █ █ █▀ ▄▄ ▄▀ ▄▄█▀▀▀▄ ▄▄  ▄▄▀▄█▄  ▄█▀ ▀▄███▀  ▄  ▄▄▄██
█ █▄▄▄█ █ ▄█▀  ▄▄ ▀█▄█▀▄▀██▄█▀▀████▀▄▄█▀▄█▀ ▄█ █▄ ▀▄▀█▀ ███
█▄▄▄▄▄▄▄█▄███▄▄███▄▄█▄██▄███▄██▄▄▄▄▄▄▄▄███▄█▄███▄▄██▄█▄▄▄██

[2026-07-20T18:09:03.308Z] [INFO] Scan this QR code with WhatsApp to authenticate:
▄▄▄▄▄▄▄▄▄▄▄▄▄▄▄▄▄▄▄▄▄▄▄▄▄▄▄▄▄▄▄▄▄▄▄▄▄▄▄▄▄▄▄▄▄▄▄▄▄▄▄▄▄▄▄▄▄▄▄
█ ▄▄▄▄▄ █▀▄▄█▀██▀██▀▀█   ▄ █▀█ ▄▄█▀▀▄ ▄▀▀▄▄ ▄▄▄▄ ██ ▄▄▄▄▄ █
█ █   █ █▀  ▄ ▄██▄▄▀█▄▄▄▀ ▀█▄▄▄█▄▄  ▄▀ █▀▄▄ ▀▄ ▄ ██ █   █ █
█ █▄▄▄█ █▀█▄▄▄ ▄▄█ ▀▄ ▄▄▀ █ ▄▄▄ ▄█▄▀▄▄ ▀ ▀▄▄ ▄▀▀▄██ █▄▄▄█ █
█▄▄▄▄▄▄▄█▄█ █▄▀▄▀▄▀ ▀ ▀▄█ █ █▄█ ▀▄█ ▀▄█▄█▄█▄▀▄█▄▀▄█▄▄▄▄▄▄▄█
█▄▄▄  █▄ ▄▄▄ ▀▀▀██▄▄ ▄▀▀▀ ▄▄ ▄  ▀█▀█▀▄▄▄▀█▀ ▄▀▄█   █ █▄▀▄▀█
█  █  ▄▄▄▄▄▄ ▀▄ ▀█▀ ▀▀▀ █▀ █ █ ██▀▄▄   ▄  ▀▄▀▀▄▄█▀▀██▀▀▀▄██
█ ▄▄▄▄▀▄▀▄ ▄██▄▄▄▄▀ ▄▄▀▄▀  ▄██▀█▄█▄█  ▀▄█▀▄ ▄▀▀▄ ▀ █ ██ ▀▀█
█ ▄█▀ ▄▄██▀█▀▄▀▄▀█ █▀▄█▄██▄█ ▄█  ▀▄█▄█▀▄▄▀▄▀ ▀▄▄  █ ▀▀▀▀▀▀█
█  █ ▀▄▄▀█▀ ▄▀▄▀▄█▄▄▀▄▀▀▀▀▄ ▀ ▀▀█▀▀▄▄  █▀▀█▀ ▀██ ▀▀▄▀▀▄▄  █
█▀▀█ █ ▄█▀ ▄█ ▀█    █▀▄▄█▄▄██▄█▀ ▀▀▄▄  █ █ ▀█▀▄ ▄▀ ▄█▀▄  ▀█
██▄▄▀▀█▄▄  █▄▄▀█▄▀▄ ▄█▀▀▀▄  █▀▀▀█▀█▄▄ ▀██▀▀ ▄▀▄█▄▀▀█▄▀▄█ ▀█
█ █    ▄▀▄▀▄ ▄▀▄▄ ▄ ▄█▄█▀█▀ ▄ ▄ ██▄▀ ███▄▀▄██▀ ▄█ █▄▄  ▀▀▀█
█▄█▄█ █▄█▀▄▀▀▀▀█▀▄▄▄█▄▀▀▀▀▀█ ▀ ▀▄  █▄▄ ███▀  ▀█▄▀▀█▄▀█▄▀  █
██▄█▄ ▄▄▄ █▄▀█  █▀▄█ ▀▄█▄▀▀ ▄▄▄   ▀ █▄ ▄▄▀▄ ▄█  ▀ ▄▄▄ ▀ ▄██
█ ██  █▄█   █▀█▀▄▄▄▀ █▄█▀▀█ █▄█ ▄███▄  ▄▄█▀▀▄█▀▄▄ █▄█ █ ▄▀█
█▀ ██▄ ▄▄ ▀█▀█▄▀▀▄▀█▀▄ ▄ ▀▄ ▄▄▄  ▀▄ ▀ ▀█▀   ▄ █ ▀▄    ▀▀███
█▀▄███▀▄  ▀▀█ ▀██▄   ▄▀█▀▀█▀██▀  █▀█▄▄ █▀█▄▀ ▀▄▄█▀▀▀▄███ ██
██ ▀ ▄▄▄ ▀ ▀▄▄██ ███▀█▄▄█▀█  █▀  █  ▄▄ ▄█▀ ▀▀ ▀▀█▄ ▀▄    ██
█  ▀ ▄▄▄ ▀ ▄ ▄▄▀▀█▄▄▀▀▀█▄ ▄█▀█▀█ █▄█ ▄ ▄▄█▀▀▄████▀ █▄█▄▀▄▀█
█▀█ ▄▀▀▄████▀ ▀ ▀█▄ ▀ ▄█▄ ▄ ▀█▀▄ █▀▄▄▀▀▄▀██▀▀ ██▀▀ ▀  ▀▀▄▄█
█   ██▀▄▀  ▄█▀▀▄▄▄▄▄▄▄▀▀▀ █▀▄██▄▀█▀█ ▄▀█▀▀▀ ▄▀▄▄███▀▄██▀▀██
██▀▀█▀▄▄▀ █ ▄▄█  ▀▀  ▄▀ ▄▀█▀██  ▀▀▄▀  █ ▀▀  ▄███▀▄▄▀▄█▀▀ ██
█ ▄ █▄█▄▀ ▄▀█▄ █▄▄▀  █▀▄▄▀▄▄██▄▀████  ▀███   ▀▄▄█▀▄▀██▀█▀▄█
█ ▀ ▀▀▄▄██▄▀▀ ▀▄██  ▀▀▀ █▀█  █▄▄ ██ ▄  ██▀█ █▄▄██▄▄▀█ ▀ ▄██
███████▄▄ ▄▄▀▀▀▀██▄ ▀██▀▀▀▄ ▄▄▄ ▄█▄█▄  ▄▀▀▀▀▄▀▄█▀ ▄▄▄ █▄█ █
█ ▄▄▄▄▄ █▄▄▀██ █▀ ▀██ ▄▀█▀▄ █▄█ ▄█▄▄▄███▀█▀█▄▄  ▀ █▄█ ▀▀ ██
█ █   █ █ █▀█▄▄ ▄▀ ▄▄█▀▀▀▄ ▄▄  ▄▄▀▄█▄▄ ▄█▀ ▀▄▀██▀  ▄ ▄▄▄▄▄█
█ █▄▄▄█ █ ▄█▄▄▄ ▄ ▀█▄█▀▄▀██▄▀▀▀██▄█▀█▄█▀▄█▀ █▄ █▄ ▀▄██▀ ███
█▄▄▄▄▄▄▄█▄▄█▄█▄███▄▄█▄██▄███▄██▄▄▄▄▄▄▄▄███▄█▄███▄▄████▄▄▄██

[2026-07-20T18:09:23.321Z] [INFO] Scan this QR code with WhatsApp to authenticate:
▄▄▄▄▄▄▄▄▄▄▄▄▄▄▄▄▄▄▄▄▄▄▄▄▄▄▄▄▄▄▄▄▄▄▄▄▄▄▄▄▄▄▄▄▄▄▄▄▄▄▄▄▄▄▄▄▄▄▄
█ ▄▄▄▄▄ █▀█▀▀███ ▄▀▄ ▄ █▀▄ ▄  ▄ ▄▄▄  ▀▄ ▀▄▄▄▀ █▄ ██ ▄▄▄▄▄ █
█ █   █ █▄▀▀█  ███▀█ ███▄█████▀▀██▀▀▀█▄█ █▀▄█▄▀▄ ██ █   █ █
█ █▄▄▄█ █  ▄█ █▀██ █▀██▄▀▄  ▄▄▄  ▄█▀▀ █▄ ▀▄ █▀ ▀▄██ █▄▄▄█ █
█▄▄▄▄▄▄▄█ █▄▀ ▀▄▀ █▄▀ ▀ ▀▄█ █▄█ ▀▄█▄█ █▄█ ▀ ▀▄█ █ █▄▄▄▄▄▄▄█
█  █ ██▄▄▀▀█▀ █▀▄▄▀ ▄▄  ▄▄ ▄ ▄▄▄██ ▄▄  ▄ ▄▄▄ ▀█▄ ██▄ ▄▀▄ ▀█
█▄█ ▀ ▄▄█▀█ ▀ ▀█ █▀▄▄▄  ██▄ █▀ ▀ ▄▀  ▄▀▀▀ ▀ ▄▄█▄ █▄ █▀▀█▀ █
█▄▄▄ ▀█▄▄ █▀▀▀▄██▀█▄▄█ ▀█▄ ▄  █▀▄▄▄ ▄▄█▄▄▄ ▄▄ ▀▀██ ▄  ▀ ▀ █
██▀█ ▀▀▄▀█ ▄▄ █▄ ▄▀██▄   ▀ █▀█▄ ▄▀ █▀▀  ▀▄██ █▄▀▄▀▀ ▀ ▄██▀█
█ ▀▀▄▀▄▄▄   ▄█▀▄▄█▀ █  █▀▄▀█  ▀█ ▄ █ ▄▄▀ ▀ ▄█ ▄▄ █▄▀ ▀█▀███
█▄▀▀  ▄▄█ ▀▀▀▄▀▄ █▄▄ ▀█▀█ ▄▄▄▀▀█ ▄ ▀ ▄ ▄▄ █▄▄▀█▄ █ █▄▄ ▄▄▄█
█▀ ▄  ▄▄  ▀▄▄ ███ ▀▄ █  ▄ ▄ ▄ ▄█▄▀▄█▀ ██▄▄▄▄▄▀█▄▀█▄▄█ ▀▀▄ █
█▄ █▀ ▀▄▄▀██ ▄▀██ ▄▄▀ ██▀▀▄██ ▄▄▀▀█▀▀▀  ▄▀▄▀▀█▀▄█▄▀▄█  █▄▄█
█ ██▄ ▄▄▀█ ▀ █▀▄ ▀  ██ ▄███ ▀▄▄█▄▀▀    ▄▄ █▄  ▄▀▄▄▀▄▀  █ ▀█
█▀ ██ ▄▄▄ █▀▄▀▄▄▄ ▀▀▄▀█▄▀█▀ ▄▄▄ ▄  ▀    █ ▀▄ █▀▀▀ ▄▄▄ ▄▄ ██
█▄ ▀▄ █▄█ ▄ ███▀█▄▄██ ██▀█▄ █▄█ ▀ █▄▄▄█ ██▄█▀ ▀██ █▄█ █▄▀▄█
█▄▀▄█ ▄▄▄▄  █▀▄  ▀▀▄▀█ █▄█▄▄▄  ▄  █▄█▄ █▄█▄▀▄▀ ██ ▄  ▄███▄█
█▀▄ ▀▄▄▄▄█   ▄███▄█ ██▄ ▄▄▀▀▄█▄▄▄█ ▄█ ███▄▄█▄▀▄█▄██▀▄▄▀  ▀█
█▄█▄█▄▄▄██▀▀▄   ▀▄█▀▄▀█▄▄▄ █▀▄▀▄▀▄▀  █▄ █ ▀█ ▄▀▀█ █▄ ▀ ▄▀ █
██▀ ▀▀ ▄  ▀▀██▄     ▀    ▄▄▄  ▀ █▄█ ▄▄ █▀ ██▄▄▄ ▀█ ▄█  ██▀█
██▀ █ ▄▄▀██  ██▀ ▄▀▄█ █▄▀▄   ▄▀▄█▄ █ ██▄ █ █▄ ▄▄▄█▄▀▀▀▄█ ▄█
█▄██▄ ▀▄▄█▄▀█▀▄▀█▄▄ ▀▀ ▀▀▄ ▄███ ▄  █  ▄  ▀▀▄▀▄█▄█▀  ██▀█▄ █
█▀▀ ▄▄▀▄▀▀██ █ ▀▀▄█▄ █ █ █▀ ▄ ▄▄▀ █▄▄▄▀█ ▄ ▄▄▄  ██▀ █ █▄ ▄█
█▄  █▄▄▄▄▄▀█  ▄ ██▄▄▄█ █▀█ ▀▄▄▀█▀█▀▄█▄▄▄▄▄█▄▄▀██▄▄██ █ ██▄█
█ ▀ ▀▀▄▄▀██▀▀▄▄▀▄█▄ ▄▄ ▀██ █▀█▄ █ ▄ ▄ ▀█ ▀ ▄▄█▀ █ ▀  ▀▀█▀ █
███████▄▄ █▀██▀  ▀█ ▀█▄ █▄▄ ▄▄▄ ▄▄█ ▀▄█▄▄▄ ██ ▄▀▀ ▄▄▄ ▀ ▀▀█
█ ▄▄▄▄▄ █▄█  ▀▄█▄█▄▀▀██ ▄█  █▄█  ███ ▀ ▄▀▄█▀ ▄▀▀▀ █▄█ ▄█ ▀█
█ █   █ █▀▄▀ ▄▀██▀  ▀  ▀▀ █ ▄▄  █▄██ ▄█▀ ▀ ██▄▄█▀▄▄ ▄▄▄ ▀ █
█ █▄▄▄█ █▀▀▀▄▄█ ███▀▄▄ ▀█▀██  █▀▄▄▄▄▀▀█ ▄ █▄█▄▀  ▄▀█▄▄█▄█▄█
█▄▄▄▄▄▄▄█▄██▄▄█▄▄▄█▄█▄▄▄██████▄▄▄▄███▄▄█▄▄██▄█▄▄█▄█████▄▄██

[2026-07-20T18:09:43.332Z] [INFO] Scan this QR code with WhatsApp to authenticate:
▄▄▄▄▄▄▄▄▄▄▄▄▄▄▄▄▄▄▄▄▄▄▄▄▄▄▄▄▄▄▄▄▄▄▄▄▄▄▄▄▄▄▄▄▄▄▄▄▄▄▄▄▄▄▄▄▄▄▄
█ ▄▄▄▄▄ █▀▄▄█▀▄▄▀▀▄▀██ ▀▄▄ █▀█ ▄▄███▀█▄█ ▀  ▀ ▄▄ ██ ▄▄▄▄▄ █
█ █   █ █▀  ▄▄▄█▄█▄▀██▄▄▀▀▀█▄▄▄█ ▄  ▀  █▄▄▄  ▄ ▄ ██ █   █ █
█ █▄▄▄█ █▀▀▄ ▀ ▄▄█ ▀▄ ▄▄▀ █ ▄▄▄ ▀▄▄▀█▄ ▀▀█▄▄▀█▀▀▄██ █▄▄▄█ █
█▄▄▄▄▄▄▄█▄█ █▄▀▄▀▄▀ ▀ ▀▄█ █ █▄█ ▀▄█ ▀▄█▄█▄█▄▀▄█▄▀▄█▄▄▄▄▄▄▄█
█▄▄▄ ▄█▄ ▄█▄█▄▀▀██▄▄ ▄▀▀▀  ▄ ▄  ▀█▀█▀▄▄▄▀█▀ ▄▀▄█▀  █ █▄▀▄▀█
█  █  █▄██▄▀▀ ▄ ▀█▀ ▀▀▀ █▀▀▄▄▀ ██▀▄    ▄  █▄▀▀ ▄ ▄▀█▄ ▀▀▄██
█ ▄█ ▄▀▄█ █▀██▄▄▄▄▀ ▄▄▀▄▀  ██▀▀█▄█▄▄  █▄█▀▀▀▄▀▄█   █▀██ ▀▀█
█ █▄█ ▄▄█▄▀█▀▄▀▄▀█  ▀▄█▀██▄█▀▄█  ▀ ▄▄▀█  ▀ ▀▄▀ █ ▀█ ▀ ▄ ▀▀█
█▄▄  ▀▄▄▀█▀ ▄▀▄▀▄▄   ▄▀▀▀ ▄ ▀ ▀▀█▀▀█ ▄▀█▀▀ ▀▄▀█▄ ▀▀▄▀▀▄█▄▄█
█▀▀▀▀█▄▄█▀ ▄█ ▀█ ▄   ▄▄▄██▄██▄█▀ ▀▀▄ █▀█▀█▀ ▀██▀▄▀ ▄█▀▄ ▄▀█
█ ▀▄▀ █▄▄  ██▄▀█▄▀▄ ▄█▀▀▀▄  █▀▀▀███▄▀ ▀█▀▀▀  ▀▄█▄▀▀█▄▀▄█  █
█ █  ▀█▄▀  ▄▀ ▀▀▄ ▄ ▄█▄█▀█▀ ▄ ▄ █▄▄▀▀▄██▄▀▄██  ▄█ █▄ ▄ ▀▀▀█
█▄█▄█▀▄▄█ ▄ ▄▀█▄▀▄▄▄█▄▀▀▀▀██ ▀ ▀▄  █▄▄ ███▀  ▀█▄▀  █▀▀▄▀  █
██▄█▄ ▄▄▄   ▀█▀▄█▀▄█ ▀▄█▄▀▄ ▄▄▄   ▀▄█▄▄ ▄▀▄ ▄█  █ ▄▄▄ ▀ ▄██
█ █ ▀ █▄█ █▀█▀▄ ▄▄▄▀ █▄█▀▀▀ █▄█ ▄█▀█▄  ▄▄█▀ ▄█▄█▄ █▄█  ▀▄▀█
█▀▄█▄▄ ▄▄▄▀█▀█▄▀▀▄▄▄▀▄█▄ ▀▄ ▄▄▄  ▀█ █  ▄█  █▄ ▀█▀▄  ▄▄  ███
███▄██▀▄▀█▀▀█ ▀█▄▄ ▄▀██▀ ▀█▀▄█▀  █▀█▄ ▀█▄▀▄▀ █▄▄▀█▀▀▄█▄█▄▀█
█▀ ▄▄▄▄▄▀▄ ▀▄▄███ ███▀▄▄ ▀█ █ ▀ ▄▀  ▄▄ ▄▄▄ ▀█ ▀ █▄ ▀█▄  ▄██
█ ▀▀ ▄▄▄ ▀ ▄▀▀▄▀▀█▄▄▀▀▀█▄ ▄█▀█ ▄▄▀▄█ ▄ ▄██▀▀▀████▀ █▄█▄▀▄ █
█▀█ ▄▀▀▄██▀ ▀███▀█▄ ▀ ▄█▄ ▄ ▀█▄ ▀█▀▄▄ ▀▄ ██▀ ▀██▀▀ ▀  ▀▀▄▄█
█   █ ▄▄▀  ▄█▀█▄▄▄▄▄▄▄▀▀▀ █▀▄██▄▀█▀█ ▄▀█▀▀▀ ▄▀▄▄██ ▄▄██▀▀██
██▀▀███▄▀ ▀█▀▀ █ ▀▀  ▄▀ ▄▀█▀██  ▀▀ █  █ ▀▀▄▄▄█▀▀▀▀▄▀▄█▀▀ ██
█ ▄█▀██▄  ▀▄█▄ ▀▄▄▀  █▀▄▄▀████▄▀████   ███   ▀▄████▄▄██▄▀▄█
█ ▀ ▀▀▄▄█ ▄▀▀ ▀▄██▀▄▀▀ ██▀█  █▄▄ █▄    ▄▀█▀ ▀  ▄█▄ █▀   ▄██
███████▄█ ▄▄▀▀▀▀▄█  ▀█▀▀▀▀▄ ▄▄▄ ▄█▄█▄▄ ▄█▀ ▀▀█▄█▀ ▄▄▄ █▄█▄█
█ ▄▄▄▄▄ █▄▄▀██ █  ▀██▄▄▀█▄▄ █▄█  ▀▄▄▄███▀▀ ▄██▀▀▀ █▄█ ▀▀ ██
█ █   █ █ █▀█ ▄ ▄▀ ▄▄█▀▀▀▄ ▄ ▄ ▄▄▀▄█▄  ▄▀█ ▀ ▀██   ▄ ▄▄▄█▄█
█ █▄▄▄█ █   █▀▀▀▄ ▀█▄█▀▄▀██▄▀▀▀████▀███▀▄▄▀ ▄█ █▄ ▀▄▀█▀ ███
█▄▄▄▄▄▄▄█▄███▄████▄▄█▄██▄███▄██▄▄▄▄▄▄▄▄███▄█▄███▄▄███▄▄▄▄██

[2026-07-20T18:10:41.214Z] [INFO] Scan this QR code with WhatsApp to authenticate:
▄▄▄▄▄▄▄▄▄▄▄▄▄▄▄▄▄▄▄▄▄▄▄▄▄▄▄▄▄▄▄▄▄▄▄▄▄▄▄▄▄▄▄▄▄▄▄▄▄▄▄▄▄▄▄▄▄▄▄
█ ▄▄▄▄▄ █▄ ▄▀█▄▀▀█▀█ ▀█▀   ▀██▄ ▄▀█▀▀█▀█▄ ▄▄▄  ▄ ██ ▄▄▄▄▄ █
█ █   █ █ ▀▀ ▀██▄█▄ ████▀▀ ███▄▄ █▀▀  ▀█ █▄▀█▄▀▄ ██ █   █ █
█ █▄▄▄█ █▄▄▄ ▄▄█▀▀▀▄ ▀▀  █▀ ▄▄▄ ██▀███▄ █▀█▀▀█▄▀▄██ █▄▄▄█ █
█▄▄▄▄▄▄▄█▄▀ ▀▄▀ █▄█▄▀▄█▄▀▄█ █▄█ ▀ ▀ █ █ ▀▄▀ ▀ ▀▄█ █▄▄▄▄▄▄▄█
█▄▄▄ ▀▀▄█ ▄██▀ ▀▄▄▄█▀▄  ▀▀█  ▄   █ ▄▀██▄ ▄▀▀█▀█▄▀▀ ██▄▄ █ █
██▄▄█▄▄▄▀   ▀█ ▀▄▀ ██ ▄▄▄▄▄▄█▀▀ ▀ █▄▀█ ██▄ ██ ▀▄▀▀█▄ █ ▄ ▄█
█▄▄▀▀▄█▄▀█▀▄▀▀▄  ▄█▄▄ █▄█▄ ▀▀▀█▀▄▀ ▄▄▄▀▀▀▀█▄▄██▄█▄ ▀ ▀▀▄▀██
█▄▀ █▀▄▄▄█ ▄▀█ ▄ ▄ ▀ ▄▀██▄██ ███▀▀█▀▄▄▄▄▀▄  █▀ █▄▀▄ ▀  ▀ ▀█
███ ███▄█▄▄▄█▄  ▀▀██▄▄ █▀▄ ▀▄▄▀▄▀ ▄ ▀███ █▀▄▄▄█ ▀▄██▄██▀ ██
█▄▀█ ▀▄▄██▄▄▀▄▀▀█▄▄▄██ ▄█▄▄▀▀▄▀█ ▀█▄▀█▀ ▀▀███ ▀  █▄ ▀▀ ▄ ▀█
███▄ ▀█▄█ ▀▄▀▄ ██ ▄▀██  ▀█▀ ▄ ▀ █▀▄█▄█ ██ ▀▀▀▀█▄▄  ██ ▄▄▀ █
██▀▀█ █▄▀█▄  ▄▄▀▀▄██ ▄▀▀  █▀▀▄██▀█▀█  ▀▄ ██ ▀▀█ ▄██ █▄▀▄█ █
█ █ ▀██▄▀▀▄▀ ▀█ █▄  █ █▀████▄▀▄█▄▄▄█   ▀▀██▄ █▀▄█▄  ██ █ ▄█
█▄███ ▄▄▄ ▄█▀█▀█▄ ▄▄▀▀█▄▄ █ ▄▄▄ ▀ ▄███▀ █ ▄▀██▀██ ▄▄▄ ▀▀███
██▀   █▄█ ▄▀▄▄██▀ █▄▄▄▀▀ ▄█ █▄█  ▄ ▀██▄▄▀▀▀▄ ▄ ▀  █▄█ ▄   █
█▀█▀█▄▄▄▄ ███▀▄██▄ █▀  ▀▄█▄  ▄ ▄ █  █  ▄▀ █▀ ▄▄▄▀ ▄  ▄███▀█
██  ▀▄▀▄ ▀  █▀ ███ █▀█▄▄▀ ▄▀██▀▀▀█ ▄▀▀ █▀   ▀██▄▀█ ▀▄██▄███
█▀▀█  █▄█▀███▀▀▄██▄ ▀ ▀  ▄▀▀█  █▄ █▄▄██▄ █▀▄  ▄▄▄▀▄ ▀█▀█▄▄█
██▄█▄▄ ▄ █▄▄  ▄███  ▀███ ▄▄▀███▄ █ █▄▄   ▀██ ▀▀█▀█ ▀ █ █▄██
█ ▄ █ ▀▄▄███▀█▀  ▄▄▀  █▄▄▀█  ▄ █ ▄ █▄▀ ▄▀██   ▄▄▀ ▀▀▀▀▀ █▄█
██▄▀ ▀▄▄█▀ ▄ ▄▄ ▀ █▀ █▄█ █▀ ▀▀▄▀█▄▄▀▀▀█▄▄█ █  ▀ ▄ ▄▀▀▀  █▄█
█▀▀█▀▀▀▄▀▄▄▀▀█ █▄▀█▄  █  ███▀█▄▄▀█▄▀▄▄█▄█▀▄▄▄▀█▀▀▀▀█ ███ ▀█
█▀███ █▄▄█▄ ███▄██▀▀▀█ █▄ ▄▀▄▄▄ ▄█▄▄ ▀ ▄▄▄▄▀▀▀▄▄▀▀█ ▄█▀█ ▄█
█ ▀ ▀▀▄▄  ▀█ ███ ▀▀██ ██▄▄▀██▀█▀▄▄▀▄▀▀▄ ▄█▄▄██▄ ▀▀ ▄▄ ▀▄ ▄█
███████▄█▀ ▄██▀█ ▄▄   █▀██▄ ▄▄▄ ▄▀ ██▄ ▀█▀█▄▄█ █▀ ▄▄▄ ▀▀█▄█
█ ▄▄▄▄▄ ███ █▄▀█ ▄▀▄▀▀█ ▄▄█ █▄█ ████▀▀▄▄▀▄ ▄▀▀▀▀▀ █▄█ ▀ ███
█ █   █ █▀ █▄  ▀▀█▀▀ ▄▄█ ▀▄▄▄▄   ▄▀▀██▄█ █▀▄▄▄ ▀ ▄▄▄▄ █▀▀▄█
█ █▄▄▄█ █ ▄█▀▀▀▀  █▀▄▀█▄█▀█ █▀█▀▄ ▀▀  ██▀▄█▄█▀▄█ ▄▀ ███▄█▀█
█▄▄▄▄▄▄▄█▄▄██▄█▄▄▄▄█▄▄▄▄▄▄▄██████▄██▄███▄▄▄▄██▄▄▄█▄█▄▄▄████

[2026-07-20T18:11:01.218Z] [INFO] Scan this QR code with WhatsApp to authenticate:
▄▄▄▄▄▄▄▄▄▄▄▄▄▄▄▄▄▄▄▄▄▄▄▄▄▄▄▄▄▄▄▄▄▄▄▄▄▄▄▄▄▄▄▄▄▄▄▄▄▄▄▄▄▄▄▄▄▄▄
█ ▄▄▄▄▄ █▄ ▄▀██  █▀█ ▀█ █▄ ▀██▄ ▄▀ ▀█▄▄▀▄█ ▄█▄ ▄ ██ ▄▄▄▄▄ █
█ █   █ █ ▀▀ ████▄▄ ▄███▀▀ ███▄▄ █▀▀ ▀▀██▄▄▀▀█▀▄ ██ █   █ █
█ █▄▄▄█ █▄ ▄▄▀▄█▀▀▀▄ ▀▀  █▀ ▄▄▄ ▀ ▀█▀█▄  ▀█▀▄▀▄▀▄██ █▄▄▄█ █
█▄▄▄▄▄▄▄█▄█ █▄▀ █▄█▄▀▄█▄▀▄█ █▄█ ▀ ▀ █ █ ▀▄▀ ▀ ▀▄█ █▄▄▄▄▄▄▄█
█▄▄▄ █▀▄▀ █▄▄  ▀▄▄▄█▀▄  ▀▀█  ▄   █ ▄▀██▄ ▄▀▀█▀█▄▀▀ ██ ▄ █ █
██▄▄███▄▀▀ ▀ █ ▀▄▀ ██ ▄▄▄▄█▄██▀ ▀ █ ▀█▄██▄▄██ ▀▄▀ ██▀▀ ▄ ▄█
█▄▄▄█▄█▄▄ █ ▀▀▄  ▄█▄▄ █▄█▄▀▀▀██▀▄▀ ▄▄▄▀ ▀▀▄█▄█▀███ ▀▀█▀ ▀██
█▀█ ▄▀▄▄█▄ ▄▀█ ▄ ▄▄▄ ▄▀ █▄██ █▀█▀▀▀▄  ▄▀█ █▀▀██▀ ▄▄ ▀ ▀▀ ▀█
█  ▀▄██▄█▄▄▄█▄   ▀██▄█▄█ █ ▀▄▄▀▄▀ █▀▀▀██▀█▀█ ▄  ▀▄██▄██ ▄▀█
█ █▄▄▀ ▄██▄▄▀▄▀▀▀█▄▄▄▀ ▄ ▄▄▀▀▄ ▄ ▀█▄▄ ▀▀█▀█▄█  ▀ █▄▄▀▀ ▄ ▀█
█ ▀▄ ▄█▄█ ▀▄▄▄ ██ ▄▀██  ▀█▀ ▄ ▀ █▀▄█▄█ █▄ ▀▀▀▀█▄▄  ▄█ ▄▄  █
██▀▀█▄█▄█▀█▀█▀█ ▀▄██ ▄▀▀  █▀▀▄██▀▄▀█▀ ▀▄ ██  ▀█ ▄█▀▄▀▄▀▄█ █
█ █ ▀██▄▄ █▀█████▄  █ █▀██▀█▄▀▄█▄▄▄█   ▀▀██▄ █▀▄██ ▀ ▀ █ ▄█
█▄███ ▄▄▄  ▄▄ ▄ ▄ ▄▄▀▀█▄▄ ▀ ▄▄▄ ▀  ████▄█  ▀████▄ ▄▄▄ ▀▀███
██▀▀  █▄█  █▄▄▄▀▀ █▄▄▄▀▀ ▄█ █▄█  ▄  ██▄█▀▀▀▄ ▄▄   █▄█  ▄  █
█▀▄▀▄  ▄▄ ███▀▄██▄ █▀ ▄▄▄██  ▄ ▄ █▀▀▀ ▄█▀ ▀  ▄█▄█   ▄▄▄▄█▀█
██▄▄█▄▀▄█▄  █▀ ██▄▄▀ ▄  ▀▀▄▀██▀▀▀█ ▄▄█▀█▀▄▀▀▄█▀██  ▀▄██████
█▀▀▄  █▄▀ ███▀▀▄██▄ ▄ ▀ █▄▀▀█  █  █▄▄▄███  █  ▄▄█▀▄  ▄▀█▄▄█
█▄██▄▄ ▄ █▄▄▀ ▄███  ▀███ ▄▄▀██▄▄▄▀ █▄   ▀███▄█▀█▀█ ▀ █ █▄██
█ ▄ █ ▀▄▄█▄▄  ▀█ ▄▄▀  █▄▄▀█  ▄▄█▀▄ █▄▀ ▄▀██ ▀ ▄▄▀ ▀▀▀▀▀ █▄█
██▄▀   ▄█▀▄███▄█▀ █▀ █▄█ █▀ ▀▀▄▀█▄▄▀▀▀█▄▄█ █  ▀ ▄ ▄▄▀▀▄▄█▄█
█▀▀█▀▄▄▄▀▄█▄ ▀  ▄▀█▄  █  █▀█▀█▄▄▀█ █▄▄█ █▀  ▄▀██▀▀▄▀ ███ ▀█
█▀█▄ ▄▄▄▄▄█ ██▀▄██▀▀▀█ █▄ ▄ ▄▄▄ ▄███ ▀ ▄▄▄ ▀▀▀▄███▄ ▄█▀  ▄█
█ ▀ ▀▀▄▄▀▀▀█ ███ ▀▄▄█  █▄▄▀██▀█▀▄▄▀█▀▀▀▀ ██ ███▀ ▄  █ ▀▄ ▄█
███████▄█  ▄██▀█▀█ ▄▀ ▀█▄█▄ ▄▄▄ ▄▀ █     █▄▄ ▀▀▄█ ▄▄▄  ▀█▄█
█ ▄▄▄▄▄ ███ █▄▀█▀ ▀▄▀▄█ ▀▄█ █▄█ ████▀▄▄██  ▄█▀▀ ▄ █▄█ ▀ ▀▀█
█ █   █ █▀ █▄█ ▀▀█▀▀ ▄▄█ ▀▄▄ ▄    ▀▀ ▀▄█▄▀▀▄ ▄ ▀▀▄▄▄▄▄█▀ ██
█ █▄▄▄█ █ █  ▄▀█  █▀▄▀█▄█▀█ ▄██▀▄ ▀▀▀▀██ ██▄█ ▄█ ▄▀ ▄▀█▄█▀█
█▄▄▄▄▄▄▄█▄▄▄██▄█▄▄▄█▄▄▄▄▄▄▄█▄▄███▄██▄███▄▄▄▄██▄▄▄█▄█▄█▄████

[2026-07-20T18:12:12.811Z] [INFO] Scan this QR code with WhatsApp to authenticate:
▄▄▄▄▄▄▄▄▄▄▄▄▄▄▄▄▄▄▄▄▄▄▄▄▄▄▄▄▄▄▄▄▄▄▄▄▄▄▄▄▄▄▄▄▄▄▄▄▄▄▄▄▄▄▄▄▄▄▄
█ ▄▄▄▄▄ █▀▄█▄ ▄▄███▀▄▀  ▄  █▀█ ▄▄███ █ ▀█▀  ▀▄▄▄ ██ ▄▄▄▄▄ █
█ █   █ █▀▀▄▄█▄█▄█▄▀▄█▄▄▀▀▀█▄▄▄█▀▄  ▄▀ █▄█▄ ▀▄ ▄ ██ █   █ █
█ █▄▄▄█ █▀█▀▄█▄▄▄█▄█▄ ▄▄▀ █ ▄▄▄ ▄█▄▀▀  ▀█▄▄▄█▄▀▀▄██ █▄▄▄█ █
█▄▄▄▄▄▄▄█▄█ █▄█ ▀▄█ ▀ ▀▄█ █ █▄█ ▀▄█ ▀▄█▄█▄▀▄█▄▀ ▀▄█▄▄▄▄▄▄▄█
█▄ ▄▄ █▄ ▄▀█ ▀ █▄█▄ ▄▄▀▀▀ ▄  ▄  ▀█▀█▀▄▀█▀█ ▀▄█▄▄▀▀ █ ▀▄▀ ▀█
███ ▀█▄▄█▄█▄▄▄▄ ▀█▀ ▀▀▀ █▀ █ ▀ ██▀    ▀▄▀▀  ▀ █  █▀▄ ▀▀▀█▀█
██▄ ▀██▄ ▄▀ █▄▄▄▄▄▀ ▄▄▀▄▀ ▀▄▀▀▀█▄█▄█   ▄█▀▀ ▄▀ █▀▀ █▀█▀▄ ▀█
█▀▄██▄▄▄███▄▄▄██▀█▄▀▀▄█▄██▄█▀██  ▀▀▀▄██▄ █▄█ ▀▀ ▀▄█ ▀█ ▀▀▀█
█▀ ▄ █▀▄ ▀  ▀▀▄█▀▄▄▄▄▄██▀▀▄ ▀  ▀█▀▀█▀▄▄▄███ █▀██ ▀▀█▀███▄▄█
█▄█  ▄█▄▄▀▄▀█ ▀██▀  ▀█▄▄█▀▄██▄█▀▄█▀▄▀  ▄▀█▀▀▀ █ ▄▀█▄▄ ▄ ▄██
█▄  ███▄ ▄█▀▀▀▀█▄▀▄ ▄█▀▀▀▄  █▀▀▀▄▀█▄▄ ▀███▀ ▄█▄█▄▀▀▄▄▀ ▀▀▀█
█▀ ▀ ▀▄▄ ▄█  ▀▄▀▄ ██▄█▄█▀█▀ ▄ ▄ █▄▄▀ █▀▀▄▄▄█ ▀▄▄█  ▄▄  ▀▀▀█
█ ▄▄▀█ ▄   █▄▄█▄▀▄█▄█▄▀▀▀▀▀█ ▀ ▀▄  █▄  ██▀   ▀▄█▀▀▀█▀█▄▀  █
█▀██▀ ▄▄▄ ▄▀▀█▄▄ ▀▄█ ▀▄█▄▀  ▄▄▄   ▀▄▄▄ █▄ ▄▀██▀█  ▄▄▄ ▀  ▀█
█▀█ ▀ █▄█ ▀ ▄▄▄█▄▄▄▀ █▄█▀▀▀ █▄█ ▄██▄▄  █▄█▀▀▄█▄▄▀ █▄█  ██ █
█▄▄█▄  ▄ ▄▄▄▄██▀▀▄█▄▀▄▀█ ▀▄▄▄▄▄  ▀█▀█ ▄ █▄▀█ ▄ ▄█▄▄▄▄▄ ▀███
█▀▀▀ ▄█▄▄ ▀ ██▀▀▄█▄▄▄▄▀▀▀ █▀██▀  █▀█▄▄▀█▀█ ▀▄████ ▀▀▀▄█▄ ▀█
█▀▀▄▀▄▄▄▄▄ ▄█▀▀▄▀ ██  ▄▄▄▄█ ▀▀▀ ▄▀  ▄▄ █▀▄▀▀  ▀▀▄█ ▀▄   ███
█ ▀▄▀  ▄▄█▄ ▄▀▀▄▀█▄▄▀▀▀█▄ ▄█▀█▄▄ ▀▄█▄▄ ▄██▀▀ ████▄█▄▄█▄█▄▀█
███ ▀ ▄▄▀▀█▄▀▀▀ ▀█ █▀ ▄█▄ ▄ ▀█▄▄ █▀▄▀█▀▄▀▀█▀▀ ██▀▀▀▀▄▄▄ ▄▄█
█ ▀▀▄▀ ▄   ▀██ █▀▄▄▄▄▄▀▀▀ █▀▄██▄▀█▀█▄▄ █▄██▀██▄▄██ █▄█▄▀█▀█
█▄▀█▄ ▄▄██▄  ██▄▄▄▀  ▄▀ ▄▀█▀██  ▀▀ █▀ ██ ▀██▄▄▄ █▄ █▄█  ▀▀█
█▀███▄▄▄▄  █▄▀█ ▄▄▀  █▀▄▄▀▄ ██▄▀██▄▄  ▀▄██▀▀ ▀▄█▀ █▄██▄ ▀██
█ ▀ ▀▀▄▄▀█▄ ▄ ▀▀██ █▀▀▀ █▀█  █▄▄ ██▀   █▀▀▀▀█ ▄██▄▄▀ ▀█▀▄██
███████▄▄▀ ▀█▀█▄▄▄▀▄▀▄█▀▀ ▄ ▄▄▄ ▄█▄█▄ █▄█▀▄  ██▄█ ▄▄▄ ▄█▀ █
█ ▄▄▄▄▄ █▄▀   █▀▀█▀█ █▄▀ ▀▄ █▄█  █▄▄▀█▄▄██ █   ▀▄ █▄█ ▀▀ ▀█
█ █   █ █ ▄▀█▄▄█▄▀ ▄▄█▀▀▀▄ ▄▄  ▄▄▀▄█▄▄ ▄▀█ ▀▀███▄  ▄ ▄▄ ███
█ █▄▄▄█ █ ▀▄█  ▀▄ ▄▄▄█▀▄▀██▄▄▀▀█▄██▀▀ ▀▀▀▀█▄█  ▀▄ ▀▄▀▀ ▀███
█▄▄▄▄▄▄▄█▄▄▄█▄▄▄██▄▄█▄██▄████▄█▄▄▄▄▄▄▄████▄█▄█▄▄▄▄██████▄██

[2026-07-20T18:13:12.812Z] [INFO] Scan this QR code with WhatsApp to authenticate:
▄▄▄▄▄▄▄▄▄▄▄▄▄▄▄▄▄▄▄▄▄▄▄▄▄▄▄▄▄▄▄▄▄▄▄▄▄▄▄▄▄▄▄▄▄▄▄▄▄▄▄▄▄▄▄▄▄▄▄
█ ▄▄▄▄▄ █▀▄█▄ ███▀█ ▄█▀ █  █▀█ ▄▄███▀  ██▄▄▄ ▀▄▄ ██ ▄▄▄▄▄ █
█ █   █ █▀▀▄ ▀▄█▄█▄▀▄█▄▄  ▀█▄▄▄█ █   ▀ █▄█▄ ▀▄ ▄ ██ █   █ █
█ █▄▄▄█ █▀▀▀█▄▄▄▄█▄█▄ ▄▄▀ █ ▄▄▄ █▄▄▀▀▀ ▀▀▀▄▄█▀▀▀▄██ █▄▄▄█ █
█▄▄▄▄▄▄▄█▄█ █ █ ▀▄█ ▀ ▀▄█ █ █▄█ ▀▄█ ▀▄█▄█▄▀▄█▄▀ ▀▄█▄▄▄▄▄▄▄█
█▄ ▄▄ █▄▄▄▄ ██ █▄█▄ ▄▄▀▀▀ ▄▄ ▄  ▀█▀█▀▄▀█▀█ ▀▄█▄▄   █ █▄▀ ▀█
███ ▀▄▄▄ ▀ █▄ ▄ ▀█▀ ▀▀▀ █▀ ▄ ▀ ██▀    █▄▀▀ ▄▀ █▄▀▀ ▄▄▄▀▀█▀█
██▄▀▀██▄▀▀▄▀█▄▄▄▄▄▀ ▄▄▀▄▀ ▀█▀▀▀█▄███   ██▀  ▄▀█▄▄▀ ██▀▀  ▀█
█ ▄▄ ▄▄▄███▄▄▄██▀█▀▀▀▄▄███▄█▀██  ▀▄▄ ██ ▄▀██▄▀▄▄ ▀█  █▀ ▀▀█
█▄█▄▀█▀▄ ▀  ▀▀▄███▄▄ ███▀▀▄ ▀ ▀ █▀▀██▄ █ █▀▀ ▀█▄ ▀▀█▀███  █
█▄▀▄▀ █▄▄▀▄▀█ ▀█▄▄  ▀█▄▄█ ▄██▄█ ▄█▀▄ █ ▄▄ ▀ ▀▀▄ ▄▀█ ▄ ▄ ▀▀█
██▀ █▄ ▄ ▄█▀▀▄▀█▄▀▄ ▄█▀▀▀▄  █▀▀▀ ▀█▄█▄▀█▄▀▀ █▀▄█▄▀ █▄▀ ▀  █
█▀ ▀  ▀▄  ▀██ █▀▄ ██▄█▄█▀█▀ ▄ ▄ █▄▄▀▀▄▀▀▄▄▄█▀ ▄▄█ █    ▀▀▀█
█ ▄▄▀█▀▄▀█▄  ██▄▀▄█▄█▄▀▀▀▀▀█ ▀ ▀▄  █▄  ██▀   ▀▄█▀ ▀▄██▄▀  █
█▀██▀ ▄▄▄ ▄ ██▀█ ▀▄█ ▀▄█▄▀▀ ▄▄▄   █▄▄▄ █▄  ▀██▀▀  ▄▄▄ ▀  ▀█
█▀█▄  █▄█   ▄▄▀ ▄▄▄▀ █▄█▀▀█ █▄█ ▄██▄▄ ▀▄▄█▀▀▄█▄▄▀ █▄█ █ █ █
██▄▄▄  ▄▄▄▄▄▄██▀▀▄  ▀▄▄▀ ▀▄ ▄▄▄  ▀▄▀█▄███ ▄█▄▄ █▄▄ ▄    ███
██ ▀▀▄█▄█▄▀ ██▀▀█▄▄ ▄▄▀█  █▀▀▄▀  █▀█▄  ███▀▀▄▀█▄█▀▀▀▄▄▄▄▄██
█ ▄▀ ▄▄▄ ▄ ▄█▀▀▄  ████▄▄█▀█ ▀▄▀ ▄█  ▄▄ █ ▀ ▀█ ▀ ▄█ ▀▀   ▄▀█
█ █▄▀  ▄▄█▄ ▀▀▀▄▀█▄▄▀▀▀█▄ ▄█▀█▀█ ▀▄█▄  ▄ █▀▀▄████▄█▄▄█▄██▀█
███ ▀ ▄▄▀▀▀  ▀▄▄▀█ █▀ ▄█▄ ▄ ▀█▄  ▄▀▄▀█▀▄▀ █▀  ██▀▀▀▀▄▄▄ ▄▄█
█ ▀▀▄▄█▄    ▀▀▄█▀▄▄▄▄▄▀▀▀ █▀▄██▄▀█▀█▄▄ █▄██▀██▄▄███▄▄█ ▀█▀█
█▄▀█▄█▄▄██▀▀█ ▀▀▄▄▀  ▄▀ ▄▀▀▀██  ▀▀▄█▀ █▀ ▀█▀▄▄ ▄▀ ▄▀▄█ ▀▀▀█
█▀█▄▄▀▀▄ ▄▀▄▄▀█ ▄▄▀  █▀▄▄▀████▄▀████  ▀▄██▀▀ ▀█▄▀██▄▄█▄▄▀██
█ ▀ ▀▀▄▄█ ▄ ▄ ▀▀██▀ ▀▀▀ █▀▄▄ █▄▄ █▄▀ ▄█ █▀▄ ▀  ▀▀▄ ▀ ▄▀▀▄██
███████▄█  ▀█▀█▄██ ▄▄▄██▀▀▄ ▄▄▄ ▄█▄█▀  █ █▀  ▀██▀ ▄▄▄ ▄██▄█
█ ▄▄▄▄▄ █▄▀   █▀█▄▀█▀█▄▀▄▀▄ █▄█ ▄▀▄▄▀███ ▄ ██  ▀  █▄█ ▀▀ ██
█ █   █ █ ▄▀▄▄▄█▄▀ ▄▄█▀▀▀▄ ▄▄  ▄▄▀▄█▀▄ ▄█▀ ▀▄████  ▄  ▄ ▄██
█ █▄▄▄█ █ █▀▄▄▄ ▄ ▄▄▄█▀▄▀██▄ ▀▀████▀  ▀▀ ▀█▄▄▀ ▀▄ ▀▄▄█ ▀███
█▄▄▄▄▄▄▄█▄██▄▄▄███▄▄█▄██▄████▄█▄▄▄▄▄▄▄████▄█▄█▄▄▄▄██▄▄██▄██

[2026-07-20T18:13:32.814Z] [INFO] Scan this QR code with WhatsApp to authenticate:
▄▄▄▄▄▄▄▄▄▄▄▄▄▄▄▄▄▄▄▄▄▄▄▄▄▄▄▄▄▄▄▄▄▄▄▄▄▄▄▄▄▄▄▄▄▄▄▄▄▄▄▄▄▄▄▄▄▄▄
█ ▄▄▄▄▄ █▄ █ ▄█▀▀▀▀▄▄▀▄ ▄▄ ▀██▄ ▄▀▀█▀ ▄██▄ ▄▄  ▄ ██ ▄▄▄▄▄ █
█ █   █ █  █  ████▄ ▄▄██ ▀ ███▄▄ ▄▀▀▀ ▀█ █▄▀▀█▀▄ ██ █   █ █
█ █▄▄▄█ █▄ ███ █▀▀█  ▀▀  █▀ ▄▄▄ ▄▄▀█ ▀▄ ▀██▀▄▀▄▀▄██ █▄▄▄█ █
█▄▄▄▄▄▄▄█▄█▄█ █▄█▄▀▄▀▄█▄▀▄█ █▄█ ▀ ▀ █ █ ▀▄█ █ █ █ █▄▄▄▄▄▄▄█
█▄ ▄▄██▄▀  ██▄▀██▄▄▀█▄  ▀▀█▄ ▄   █ ▄▀█ █ ▄  ████▀  █▀ ▄ ▀ █
█ ▀▀▄▀█▄█▀█ ██ ▀▄▀ ██ ▄▄▄▄█▄▀█▀ ▀ █▄▀█▀█▄██▀█▀  █▄█▄▀█ ▄▀ █
█▀▄█ █▀▄▀▄▄ ▀ ▄  ▄█▄▄ █▄█▄▀ ▀██▀▄▀▀█▄▄▄▀▀▀█▄▄███ █ ▀▀▀█▄ ██
█▄▄▄██▄▄█▄▄█▄█▄█ ▄▄  ▄▄██▄██▀█▀█▀▀██▄ █ █ █▀█▀▄▀▀█▄  ▄▀  ▀█
█▀▀▄▀▀ ▄▄ █▄ ▄ ▄▀▀█▀▄███ █ ▀▄▄▀▄▀ ▄▀▀█▄▄▄█ ▄ ▄█ ▀▄█▄▄▀█ ▄▀█
█▄  █▄▀▄▄█ ▀▀▄▀▀█▄▄▄▄█ ▄█▄▄▀▀▄▀█▄██▄▀█  █▄██▄ ▀  ██    ▄█▀█
█▀█ ▄█ ▄▀▄▄ ▀▄ ██ ▄▀██  ▀█▀ ▄ ▀ ▀█▄█▄█ █  ▀▀▀▀█▄▄ ▀██     █
█▄▄ ██▄▄ ▀█▀▄▄▀▀▀▄▄  ▄▀▀  █▀▀▄██▀▄▀█  █   █ █▀▀ ▄█ ▀▀ ▀▄█ █
█▄▄ █ █▄▄█ ▄  ▄▀█▄▀ █ █▀████▄▀▄█▄▄▄█ ▄ ▀▀▀▄▄ █ █▄▄ ▀▀█ █ ▄█
█ ▄█  ▄▄▄ ▀▀ ▀ █▀ ▄▄▀▀█▄▄ █ ▄▄▄ ▀ ▄█▄██▀█▀  ▄█ ▄  ▄▄▄ ▀▀▀▀█
█▄▀█▄ █▄█ ▄▄█▀▄▄▀ █▄▄▄▀▀ ▄▀ █▄█  ▄█▀██ ▄▀▀▀█ ▄ ▀█ █▄█ █▄▀▀█
██▄▄▀ ▄▄ ▄ ▄ ▀███▄▄▀▀   ▄█▄▄ ▄ ▄ █▀ █ ▀ █ ▀█▄▄█▄▀  ▄  ███▀█
██▄▄▄██▄▄  ▀█▄ ▀██▀█ ▄▄ ▄ ▄▀▄▄▀▀▀█ ▄▀██▄▄▄  ▀███▀█ ▀▄████▀█
█▄ ▄█ █▄█▄█ ▄▄███▄▄ ▀█▀ ██▀▀▀▀ █ ▄█▄▀▄▄██▄▀▄▀ █▄▄ ▄ █▀▀█ ▄█
█▀▄ █ ▄▄▄▀  █ ▀ ██  ▀███ ▄▄▀███▄ █ █▄   ▀███ ▀▀█▀ █  █ ▀█▄█
█▄▄  ▀▄▄ ▀▄▄▄▀█▀ ▄ ▄  █▄▄▀█  ▄██▀█ █▀█ ▄▀ █ ▀▀▄▄▀  ▀██▄▀█▄█
███ ▀ ▄▄▄▀ ▄ █ █▄ █▀ █▄█ █▀ ▀▀▄▀█▄▄▀█▀▄▄▀▀▄▄▀▄▀ ▄ ▀█▀▀█▄▀ █
█ ▀▀ ▀ ▄█▀█▄▄    ▄█▄  █  ███▀█▄▄▀█▄▀█▄▀█▄▀▀█▄ ▄ █ ▄█ ███▀██
█ ▄ █▄█▄ ▄█▄▄ ▄ ██▀▀▀█ █▄ ▄█▄▄▄ ▄█▄▄ ▀▀▄▄▄ ▀▀▀▄▄▀▀▀▀████ ██
█ ▀ ▀▀▄▄█▀▀▄███  ▀█▀█ ▀█▄▄▀██▀█▀▄▄ ▄██▄▄ █▄▄███▀█  ▄▀▀▀█ ▄█
███████▄█▀▄▀▀██ ▀█ ▄  ██▄█▄ ▄▄▄ ▄▀ █ ▄▀▀▄█▄▄ ▀▀▄▀ ▄▄▄ ▀▀█▄█
█ ▄▄▄▄▄ ██ ▀ ▀▄▀▀ ▀▄▄▀█ ▀██ █▄█ ▀███▀ ▄█▀▄ ▄▀▀▀ ▄ █▄█ ▀ ▀██
█ █   █ █▀▀█▀█ ▄▀█▀▀ ▄▄█ ▀▄▄    ▄▄▀▀██▄█▄█▀▄▀▄ ▀█▄▄▄  ██ ▄█
█ █▄▄▄█ █  ▀▀██▀    ▄▀█▄█▀█ ▀▀█▀█ ▀▀█▄▀█▄ ▀ ▄█▄▀ ▄▀ █▀▄██▀█
█▄▄▄▄▄▄▄█▄▄▄▄▄▄▄▄▄▄█▄▄▄▄▄▄▄█▄████▄██▄█▄█▄▄▄▄████▄█▄█▄▄█▄███

[2026-07-20T18:13:52.815Z] [INFO] Scan this QR code with WhatsApp to authenticate:
▄▄▄▄▄▄▄▄▄▄▄▄▄▄▄▄▄▄▄▄▄▄▄▄▄▄▄▄▄▄▄▄▄▄▄▄▄▄▄▄▄▄▄▄▄▄▄▄▄▄▄▄▄▄▄▄▄▄▄
█ ▄▄▄▄▄ █ ▀█▄ ▀ ▄██ █ █ ▄▄█ ▄█ ▄▀  ██▄▄▄ █▀▄▀▄▀▄ ██ ▄▄▄▄▄ █
█ █   █ █ ▀▀▀▄▄█▄▀▀▄▄█▄▀▄█▀█▄▀▀  ▄ █▄▄ █▀▀▀█▀▄ ▄ ██ █   █ █
█ █▄▄▄█ █▀ █▄▀▀▀▀█▄█▀█▀▄▀   ▄▄▄ ▀▄▀▀  █▄▄ ▄▄█▀▄▀▄██ █▄▄▄█ █
█▄▄▄▄▄▄▄█▄█▄█▄█ ▀ ▀▄▀ ▀ ▀▄█ █▄█ ▀▄█▄█ █▄█ █ █▄▀▄█ █▄▄▄▄▄▄▄█
█▄▄▀▀▄ ▄▀█▄▀  █ ▀█▄ ▀▀▄▀▀ ▀ ▄▄  ▄ ▄█▀▄▄ ▄█ ▀▀ ▀▄▀▀▀▀ ▀▄ ▄▄█
█ █ ▀  ▄▀▀▄  ▄▄ ▀ ▄█▀▀▀█ ▄ ▄▄▄█ █▀▄████▄▀▄██▀ ███▄ ▄█ ▄▄█▀█
██▀█▄██▄▄█▀ █▄▀▀▀▄▀ ▀▀▄▄▀ █▀ █▀█▀  ▄  █▀ ▀█▀▀▄▄█▀▀█  ▀█▄█▄█
█▀█▀█▀▀▄▄██▀▀▀██▀ ▄ ▀▄▀▀  ▄█ ▀ ▀ ▀ ▀█▄██▄ ▀▄ █▀█▀▀█ ▀ ▄▄▀▀█
███▀▄█▀▄█▄█ ▀▀▀ ▀█  █▀▀▀▀ ▀█▄    ▄▄█  █  ▀▀▀█ █▄ ▀▄ ▄█▄██▀█
█ █▄▀▀ ▄▄▀▄▄ █▀██▄██▄▀▄▀▄▀▄██▀▀█ █▀▀▄  █ ▀██▀▀██▀▄█ ▄█▀█▄▀█
████ ▀ ▄█▀ ▀▄▄▄ ▀▀▄ ▀ ▄▀▀▄██ ▀▀▀█  ▄▀ ▄ ▄▀▀ ▀▄▀█▄▀▀ ▀▀ ▀▄▄█
█▄ ▀ ▄ ▄▄ ▀█▀▄ ▄▄█  ▄█▄ ▄ ▀ ▄█▀█▄█▄▄▄▀▀▀█ ▀  ▀▄▀ █▄  ▀█▄▀▀█
█ ▀▀▄▄ ▄▄▀█  ▄▀▄▄▄█▄ ▀▄▀▀▀  █▀ ▀▀███▄ █  ▀  █▄▀█  █  ▀▄▀███
█▄██▀ ▄▄▄ █▄█▄█▄ ▄▀  ▀▄ ▀▄█ ▄▄▄   ██▀▀▄█▄█▀▄██▀ ▀ ▄▄▄ ▄█ ▀█
█▀ █  █▄█ ▄█▄▄▀▄▀▄▄▀█ ▀█▀▀  █▄█ ▀ ▄▄▄ █▀▀██ ▀  ██ █▄█ ▄▄ ██
█▀ █▀  ▄▄ ▄▀▀ █▀▀▀ █▀▄ ▄█▄▄ ▄  ▄ ▀██ ██▄▀▀▀▄   ▀▀   ▄ █████
██▄  ▄█▄▀ ▄ ██▄▄▀█▄▄▀▀█▀▀  ▄▀▄▀ █ ▄█▄▄▄  ▀█▀█ ▀▄█▄▄▄▀▄█▄█▄█
██ ▄█▀▀▄█  ▀ ▄▀▄     █▄▀███ ▀▄▄█ ▀ ██  ▄▄▀█▄█▄▀█   ▀▄▄███▀█
██ ▀▄  ▄▀ ▀ █▄▄▀▄█▄▄▄▄▄█▄ ▀ ▄█▄▄█▄▀█▄▄█▀ ▀▀▀▀▄ ██▄ ▀▀█▄█▀▄█
█ █ ▀█▀▄▀▀█▄▀█  ▀ █ ▀ ▄ ▀█▄ ▀ ▀▀▀█▀▀█▀▀▄▀▄ ▄▀ █ ▄▄▀▀▄▀▀█▄▄█
█ ▄▄▀▄█▄██ ▀▀▀▄█▄▄▄▄▀▀▄▀▀  ▄▀██▄▄ ▄█▄▄█ ▀██▀  ▀▄██  ▀█▄▀ ▄█
█▀▀█▄▄█▄██▀▄▄█▀ ▄▀▄█ ▄▀█▀▄█▀█ ██▀▀ ▄▄█▀█ ▄  ▄▄▄█ ▀▄█▄ ██▀▀█
█▀ ▀▀▀ ▄███ ▄▀▄▀▀▄▀ █ ▄▄▄▀▀▀ █▄▀  ██  ▀  █▄ █▄▄██▀▄▄▀▄ █▄ █
█ ▀ ▀▀▄▄ █▄█▀█▀▀█ ▄▄▀▀██ ▄█▄  ▀▀ ███▀█ ▄▀▄█▄▀ █▀▄▀▄█ ▄▄▄▄██
███████▄█▀█▀█▀ ▀▄▄  █ ▄▀▀▀▀ ▄▄▄ ▀ ▀█  ▄ ▄█ ▀ ▄ ▄▀ ▄▄▄ ▄█▄██
█ ▄▄▄▄▄ █▀▀████▀▀▀▄ █▄▄▄  ▄ █▄█  ▀▄▀▄▀█▄▄█▄ ▄▀▀█▀ █▄█ ▄▄ ██
█ █   █ █▄▀▀▄▄▀ ▀▀ ▄▀ ▄▀▀▄█    ▄ ▄▀█▀ █▀ █ ▀█▄ ██ ▄ ▄▄▄   █
█ █▄▄▄█ █▀██  ▀▄▄█▀▀▄█▀▀▄ █▄█ ▄ ▄██▄▄▄▀▀ █ ▀▄▀ ▄▀█▀▄▀ █▄███
█▄▄▄▄▄▄▄█▄██▄▄██▄█▄▄▄█▄█▄█▄▄█▄█▄███▄▄▄▄▄▄█▄██▄█▄▄▄▄▄▄████▄█

[2026-07-20T18:14:12.827Z] [INFO] Scan this QR code with WhatsApp to authenticate:
▄▄▄▄▄▄▄▄▄▄▄▄▄▄▄▄▄▄▄▄▄▄▄▄▄▄▄▄▄▄▄▄▄▄▄▄▄▄▄▄▄▄▄▄▄▄▄▄▄▄▄▄▄▄▄▄▄▄▄
█ ▄▄▄▄▄ █▀▄█▄ █▄█▀▄  █  ▄▄ █▀█ ▄▄█▀█▀▄ ▀▄▄   ▀▄▄ ██ ▄▄▄▄▄ █
█ █   █ █▀▀▄▄▀▄██▄▄▀██▄▄▀▀▀█▄▄▄█▀█  ▀  █▄▄▄ ▀▄ ▄ ██ █   █ █
█ █▄▄▄█ █▀█▀▀▄▄▄▄█▄█▄ ▄▄▀ █ ▄▄▄ ██▄▀▄█ ▀ ▄▄▄█▄▀▀▄██ █▄▄▄█ █
█▄▄▄▄▄▄▄█▄█ ▀ █ ▀▄█ ▀ ▀▄█ █ █▄█ ▀▄█ ▀▄█▄█▄▀▄█▄▀ ▀▄█▄▄▄▄▄▄▄█
█▄ ▄▄ ▀▄▄ ▀ ▄█ █▄█▄ ▄▄▀▀▀ ▄  ▄  ▀█▀█▀▄▀█▀█ ▀▄█▄▄▀▀ █ █▄▀ ▀█
███ ▀██▄▄▀▀▄ █▄ ▀█▀ ▀▀▀ █▀▀▄ █ ██▀▄   █ ▀▀▄▄▀ █ ▄▀▀▄▀▀▀▀█▀█
██▄ ███▄▄▀▄▄█▄▄▄▄▄▀ ▄▄▀▄▀ ▀▄█▀▀█▄█▄█  █▄█▀  ▄▀ ▄▀▀ █▀██▄ ▀█
█▄   ▄▄▄█▄█▄▄▄██▀██▀▀▄█ ██▄█ █▀▄ ▀▄█▄█ ▄▄▀▀▀▄▀ ▄▀▀█ ▀▄  ▀▀█
█ █▀▄█▀▄ ▀  ▀▀▄█▄▄▄▄▀█▀█▀ ▄ ▀ ▀ █▀▀█ ▄▀█ ▀▄▀ ███ ▀▀█▀██▄▄▄█
█ ▀█ ▄█▄▄▀▄▀█ ▀█▀▄  ▄ ▄▄  ▄██▄▄▀ ▀▀▄▄▄ █▄▀ ▀█▄▄▀▄▀█▄▄ ▄ ▄▀█
█▀█ ██▄▄ ▄█▀▀▄▀█▄▀▄ ▄█▀▀▀▄  █▀▀▀▀██▄▀▄▀█▄█▀ ▄█▄█▄▀ █▄▀ ▀▀▀█
█▀ ▀ ▀▀▄▄▄▀ ▀▄▄ ▄ ██▄█▄█▀█▀ ▄ ▄ █▄▄▀▀█▀▀▄█▄█▀ ▄▄█ ▀▄   ▀▀▀█
█ ▄▄▀▀▀▄ ▄█▄█▄▄█▀▄█▄█▄▀▀▀▀▀█ ▀ ▀▄  █▄  ██▀   ▀▄█▄▀ ▄▀█▄▀  █
█▀██▀ ▄▄▄ ▄▄█▄ ▄ ▀▄█ ▀▄█▄▀  ▄▄▄   █ ▄▄ █▄ ▄███▀▀▄ ▄▄▄ ▀  ▀█
█▀█▄█ █▄█ ▀█▄▄▄▄▄▄▄▀ █▄█▀▀█ █▄█ ▄█▀█▄ ▀█▄█▀ ▄██▄█ █▄█ █▀█ █
█▄ ▀▄ ▄▄▄▄▄▄▄██▀▀▄  ▀▄▄▀ ▀▄ ▄▄▄  ▀▄ ▀▄█▄▀▄█▀  ▀█ ▄ ▄   ▀███
█ █ █▄█▄█▀▀ ██▀▀█▄▄ ▀▄▀▀ ▀█▀█▄▀  █▀█▀▄▀█▀█ ▀▀▀▄▄██▀▀▄███▄██
█▄  ▄▄▄▄ ▀ ▄█▀▀▄█▄██▄▄▄▄  █ ▀▀▀ ▄▀  ▄▄ ▄▀▀  ▀ ▀▀▄█ ▀█    ██
█▀▄▄▀  ▄▄█▄   ▀▄▀█▄▄▀▀▀█▄ ▄█▀█ ▄▄█▄█ ▄ ▄██▀▀▄▀███▄█▄▄█▄██ █
███ ▀ ▄▄▀▀▄█  ▀▀▀█ █▀ ▄█▄ ▄ ▀█▄ ▀▄▀▄ █▀▄  █▀▀▀██▀▀▀▀▄▄▄ ▄▄█
█ ▀▀▄ ▄▄  ▀█▀ █▀▀▄▄▄▄▄▀▀▀ █▀▄██▄▀█▀█▄▄ █▄██▀██▄▄██▄█▄█▄▀█▀█
█▄▀█▄▀▄▄██▀ ▄▄█▄▄▄▀  ▄▀ ▄▀█▀██  ▀▀ ▀▀ ▀▀ ▀▀█▄▄  ▀▄▄▀▄█▀▀▀▀█
█▀█▄▄▄▀▄ ▀ ▄▄▀▀▀▄▄▀  █▀▄▄▀█▀██▄▀███▄  ▀▄██▀▀ ▀ ▄▀▀▀▄█▄██▀██
█ ▀ ▀▀▄▄  ▄ ▄ ▀▀██  ▀▀▄██▀█  █▄▄ █▄▀  █ █▀▀ █▄▀  ▄▄▀ ▄▀ ▄██
███████▄▄▀ ▀█▀█▄▀▄▀▄ ██▀ ▀▄ ▄▄▄ ▄█▄█ ▄ █▀█ ▀ ▀▄█▀ ▄▄▄ ▄█▀ █
█ ▄▄▄▄▄ █▄▀   █▀ ▄▀██ ▄▀ ▀▄ █▄█ ▄█▄▄█ ██▄█ ▄▀▀ ▀  █▄█ ▀▀▀██
█ █   █ █ ▄▀▄ ▄█▄▀ ▄▄█▀▀▀▄ ▄ ▄ ▄▄█▄█▄  ▄▀█ ▀ ▀███  ▄  ▄ ▄██
█ █▄▄▄█ █ ▄▀ █▄█▄ ▄▄▄█▀▄▀██▄▀█▀█▄██▀  ▀▀  █▄▄▀ ▀▄ ▀▄▀▀ ▀███
█▄▄▄▄▄▄▄█▄▄▄▄▄████▄▄█▄██▄██████▄▄▄▄▄▄▄████▄█▄█▄▄▄▄██▄███▄██

[2026-07-20T18:14:32.829Z] [INFO] Scan this QR code with WhatsApp to authenticate:
▄▄▄▄▄▄▄▄▄▄▄▄▄▄▄▄▄▄▄▄▄▄▄▄▄▄▄▄▄▄▄▄▄▄▄▄▄▄▄▄▄▄▄▄▄▄▄▄▄▄▄▄▄▄▄▄▄▄▄
█ ▄▄▄▄▄ █▄ █ ▄▄  ▀ █▄██▀▄  ▀██▄ ▄▀██▄█ ▀▄▀▄▄█▄ ▄ ██ ▄▄▄▄▄ █
█ █   █ █  █ ▄████▄ ▄███▀▀ ███▄▄█▄▀▀▀▀▀█▄▄▄▀█▄▀▄ ██ █   █ █
█ █▄▄▄█ █▄▄▀█  █▀▀█  ▀▀  █▀ ▄▄▄   ▀█▀ ▄ ▄██▀▄▀▄▀▄██ █▄▄▄█ █
█▄▄▄▄▄▄▄█▄▀ ▀ █▄█▄▀▄▀▄█▄▀▄█ █▄█ ▀ ▀ █ █ ▀▄█ █ █ █ █▄▄▄▄▄▄▄█
█▄ ▄▄▀▀▄▀ █▄▄▄▀██▄▄▀█▄  ▀▀▀  ▄   █ ▄▀█ █ ▄  ████▀▀ █▀▄▄ ▀ █
█ ▀▀▄▀█▄▀ ▀▀▀▄ ▀▄▀ ██ ▄▄▄▄███▀▀ ▀ ▀ ▀███▄████▀▄▄▄▄█▄ █ ▄▀ █
█▀▄▄██▀▄   ▀▀ ▄  ▄█▄▄ █▄█▄▀ ███▀▄▀█▄▄▄  ▀▀▄▄▄█▀▄█▄ ▀▀▀█▄ ██
██▀▄▄█▄▄██▄█▄█▄█ ▄▄▀ ▄▀▀█▄██ ███▀▀ ▀▄▄ ▄▀ ▄ ▀███▀▀▄ ▀█▀▀ ▀█
█ █▀ ▀ ▄▄ █▄ ▄ ▄█ ▀▀█▄▄▀█▄ ▀▄▄▄█▀ ▄▀▀▀▄█ ▀▀█▄  ▀▀▄█▄▄▀▄  ▀█
█▄  ▀▄▀▄▄█ ▀▀▄▀▀  ▄▄██ ▄▄█▄▀▀▄▀█ ██▄▀   ▀▀██▄▄▀  ██▄   ▄▄██
██▀ ▄█ ▄▀▄▄    ██ ▄▀██  ▀█▀ ▄ ▀ ▀▀▄█▀▀ █▄ ▀▀███▄▄ ▄██   ▀▀█
█▄▄ █▄▀▄ █ ██▀▄▄▀▄▄  ▄▀▀  █▀▀▄██ ▄▀█ ▀█  ▀█ ▄ ▀ ▄█▄█▀▄▀▄█ █
█▄▄ ██▄▄▄██▄███▄█▄▀ █ █▀██▀▀▄▀▄█▄▄▄█ ▄ ▀▀▀▄▄ █ ██▄█ ▀█ █ ▄█
█ ▄█  ▄▄▄ ▄▀ ▄▄ ▀ ▄▄▀▀█▄▄ ▀ ▄▄▄ ▀  █▄█▀▀█▀▄▄▄█▄▄▀ ▄▄▄ ▀▀▀▀█
█▄▀█  █▄█ ▄▀█▀▀█▀ █▄▄▄▀▀ ▄█ █▄█  ▄█ ██▄▄▀▀ ▄ ▄  █ █▄█ ▀█▀▀█
██  █  ▄   ▄ ▀███▄  ▀ ██▄██  ▄ ▄ █▀ █▄▄▄▀ ▄▀▄▄▄ ▀  ▄▄▄▄██▀█
█▄  ▀██▄▄█ ▀█▄ ▀█▄ ██▄  ▀ ▄▀██▀▀▀█ ▄ ▀ ▄█▄▀ ████▀  ▀██▄██▀█
██ ▀▄ █▄█ █ ▄▄██  ▄ ▄▄▀ █▄▀▀ ▄ █▄▄█▄▄▀▄▄▀  ██████ ▄   ▀█▄▄█
█   █ ▄▄▄▀  █▄▀ ██  ▀███ ▄▄▀███▀ ▀ █ ▄  ▀▀██ ▀▀█▀ █  █ ▀███
█▄▄  ▀▄▄ ▀ ▀  ▄▄ ▄ ▄  █▄▄▀█  ▄ █ █ █ ▄ ▄▀▀█ ▀ ▄▄▀  ▀██▄▀█▄█
███ ▀ ▄▄▄▀█▀▄▀▄█▄ █▀ █▄█ █▀ ▀▀▄▀█▄▄▀█▀▄▄▀▀▄▄▀▄▀ ▄ ██▀▀▀▄▀ █
█ ▀▀   ▄█▀ █  ▄  ▄█▄  █  █▀█▀█▄▄▀█▄██▄██▄▀██▄ ▄ ▀▀▄█ ██▄▀██
█ ▄▄▄  ▄ █  ▄  ▀██▀▀▀█ █▄ ▄█▄▄▄ ▄██▄ ▀▀█▄▄▀▀▀▀▄██▀█▀▄█▀▀ ██
█ ▀ ▀▀▄▄▄▀▀▄███  ▀▀▀█  ▀▄▄  █▀█▀▄▄▀▄█▀ ▄▄▀▄▀█▀▀▄ ▀█  ▀██ ▄█
███████▄█▀▄▀▀██  █ ▄  █▀▄▄▄ ▄▄▄ ▄▀ █▄▄▀ █▀█▄█▀ █▀ ▄▄▄  ▀▀▄█
█ ▄▄▄▄▄ ██ ▀ ▀▄▀ ▀▀▄  █ ▄ █ █▄█ ▀▀███ █▄ █▀▄▄ ▀ █ █▄█ ▀ █▀█
█ █   █ █▀▀█▀▄ ▄▀█▀▀ ▄▄█ ▀▄▄▄▄  ▄ ▀▀▀█▄█▄█▀▄▄▄ ▀█▄▄▄▄▄██▀▄█
█ █▄▄▄█ █ ▄ ▄▄█▄    ▄▀█▄█▀█ ▄▀█▀▄▀▀▀██▀██ ▀ ▄█▄▀ ▄▀ █▀▄██▀█
█▄▄▄▄▄▄▄█▄██▄█▄▄▄▄▄█▄▄▄▄▄▄▄██▄███▄██▄█▄█▄▄▄▄████▄█▄██▄█▄███

[2026-07-20T18:15:45.352Z] [INFO] Scan this QR code with WhatsApp to authenticate:
▄▄▄▄▄▄▄▄▄▄▄▄▄▄▄▄▄▄▄▄▄▄▄▄▄▄▄▄▄▄▄▄▄▄▄▄▄▄▄▄▄▄▄▄▄▄▄▄▄▄▄▄▄▄▄▄▄▄▄
█ ▄▄▄▄▄ █▄▀█▄ █ ▀▀▀█▄▀▄▀ ▄ ▀██▄ ▄▀██ ▄██▄▀▄  █ ▄ ██ ▄▄▄▄▄ █
█ █   █ █   █ ███▄▄ ▄███ ▀ ███▄▄ ▄▀▀▀▀▀██▄▄▀▀█▀▄ ██ █   █ █
█ █▄▄▄█ █▄▀▀ █ ▀▀▀▀▄ ▀▀  █▀ ▄▄▄  █▀█ █▄  ▄█▀▀ ▄▀▄██ █▄▄▄█ █
█▄▄▄▄▄▄▄█▄█▄█ █ █▄▀▄▀▄█▄▀▄█ █▄█ ▀ ▀ █ ▀▄█ ▀ █ █▄█ █▄▄▄▄▄▄▄█
█  ▄▄██▄█ █ ▀▀▀█▄███ █  ▀▀▀▄ ▄   █ ▄▀▀ ▄▄ █ ▀▀█▄▀  ██▄▄ ▀ █
████▀ ▄▄▄▄██▄▄ ▀█  ██ ▄▄▄▄▄▄▀█▀ ▀ █ ▀█  ▄█▀▄█ █▀▀▀█▄ ▀ ▄  █
██ ▀▀▄▄▄▀▀▄▄▀█▄  ▄█▄▄ █▄█▄▀▀ ██▀▄▀▀▄▄▄  ▀▀▄▄▄███ █ ▀█▀█▄▀▄█
█ █▄█▀█▄▀██ ▄ ▀█ ▄██ ▄▀▀█▄██▀███▀▀▀▀ ▄ ▀▀ █▀█▀ █▀█  ▀▀ ▀ ▀█
██▄▄▀ ▄▄ ██  █  ▀▀█▀▄█▀█ █ ▀▄▄▀█▀ ▄▀ ▀▄█ ▀ █▄▄ ▀▀▄▄██▀█  ██
██▀█▀ █▄▄█▄ ▀▄▀▀█▄▄▄ ▄ ▄▀ ▄▀▀▄▀▄▄██▄█ ▀▀█ ▄█▀▄ ▀▀█▄ ▀▀ ▄ ██
█ █▀▄ █▄██▀▀ ▄ ██ ▄▀██  ▀█▀ ▄ ▀ ▀█▄███ █ ▄▀▀ ▀█▄▄ ███ ▄  ▀█
█ ▀▀█ ▀▄▀▄▀▄█▄▄▄▀▄▀  ▄▀▀  █▀▀▄██▀▄▀███▀▄▀█▀▄  █ ▄█▄██▄▀██ █
█▄▀▀▀▀ ▄ ▀█   █▀█▄  █ █▀██▀█▄▀▄█▄▄▄█▄ ▀▀▀█ █▄█ ▄█▄▀ ▀█▀█ ▄█
█  ▄  ▄▄▄ ▀█ █ ▀▀▄▄▄▀▀█▄▄ █ ▄▄▄ ▀  ▀▄▄▄▀▄▀ ▄▄█▀▀  ▄▄▄ ▀▀▀▀█
█▀▄ █ █▄█ ▄ █▄▀ ▀ █▄▄▄▀▀ ▄█ █▄█  ▄▀ ██▀█▀▀ █ ▄▀▀  █▄█ ▀▄ ▀█
██ ▀▀▄▄▄ ▄▀ █ █ █▄ █▀ ▀█▄█▄▄ ▄ ▄ █ ▀█ ▀ █  █▄▄▄██  ▄ ▄▄██▀█
█▀▄▄█ ▄▄ ▀▀▀▀▄█ ▄▄▀█ ▄▄▄▄ ▄▀█▄▀▀▀█ ▄█▀▀█ ▄▀▀▀▀▄█▀▄ ▀▄▄█▄▀▀█
█ ▄▀ █▄▄█▀▄ ▀█▀ ▀ ▄  ▄▀ ▀█▀▀▀▀ █ ▄█▄▄▀██▀▄▀▄  ▄▄ ▀▄ ▄ ▀██▄█
█████▀▀▄▀▄▀▄▀▄████  ▀███ ▄▄▀██ ▄ █ █ ▄  ████▄▀▀█▀ ▄▀ ▄ ▀███
█▀ ▄▄█ ▄▄▄▀███   ▄█▄  █▄▄▀█  ▄▀█ █ █▄▀▄▄▀██ ▄█ ▄  ▄▀██ ▀█▄█
██ ▀ ▄▀▄▄█  █▄ █▄ ▄▀ █▄█ █▀ ▀▀▄▀█▄▄▀▀█▄█ █▀█▄▄▀ ▄ ▀█▀▀██▀ █
██▀▄▄▀ ▄▄▀▄██▄▀▄███▄  █  █▀█▀█▄▄▀█▄▀██ ██ ▀▄█ ▄▀▀  ▀ █▄▄▀▀█
█▀▄▄▀ █▄   ▀▀ ▄▄██▀▀▀█ █▄ ██▄▄▄ ▄█▄█ ▀█▄▄▄  ▀▀▄█▀▄▄ ██ ▀ ▄█
█ ▀ ▀▀▄▄▄█▄▄▀  ▄ ▀▄██ ▀ ▄▄▀██▀█▀▄▄ █▀▀▄▀ █ ▄█▀█ ▄▀▄▄ █ █ ▄█
███████▄█ █▄▀▀ ▄ ▄ ▄ ▀▀▀▄▄▄ ▄▄▄ ▄▀ █▄ ▀▀▀▀ █▀██▄▀ ▄▄▄ ▀ ▀▄█
█ ▄▄▄▄▄ ███▀▄▄█▄▀▀▀▄███ ███ █▄█ ████ ▀▄█▄▀▀▄▀▄▀▀▀ █▄█ ▀  ██
█ █   █ █▀ ▄▄▄▀ ▀█▀▀ ▄▄█ ▀▄▄▄▄  ▄▄▀▀█▀▄█▄█▀▄   ▀▄▄▄▄▄▄▀█ ▄█
█ █▄▄▄█ █ █  ▄▄▀  █▀▄▀█▄█▀█ ▀██▀█ ▀▀▀▄███▄▀  █▄▀▄ ▀ █▀▄██▀█
█▄▄▄▄▄▄▄█▄█▄▄▄▄██▄▄█▄▄▄▄▄▄▄██▄███▄██▄█▄█▄▄██▄██▄█▄▄█▄▄▄▄███

[2026-07-20T18:16:45.178Z] [INFO] Scan this QR code with WhatsApp to authenticate:
▄▄▄▄▄▄▄▄▄▄▄▄▄▄▄▄▄▄▄▄▄▄▄▄▄▄▄▄▄▄▄▄▄▄▄▄▄▄▄▄▄▄▄▄▄▄▄▄▄▄▄▄▄▄▄▄▄▄▄
█ ▄▄▄▄▄ █▄▀█▄ ▄  ▀ █▄█▄  ▄ ▀██▄ ▄▀█▀  ▄▀▀ ▄ ▄▀ ▄ ██ ▄▄▄▄▄ █
█ █   █ █   ▀ ██▄█▄ ▄▄██ ▀ ███▄▄ █▀▀▄ ▀█ █▄▀ ▄▀▄ ██ █   █ █
█ █▄▄▄█ █▄██ ▄ ▀▀▀▀▄ ▀▀  █▀ ▄▄▄ █▀▀██▄▄ ▄▀█▀ █▄▀▄██ █▄▄▄█ █
█▄▄▄▄▄▄▄█▄▀▄▀▄█ █▄▀▄▀▄█▄▀▄█ █▄█ ▀ ▀ █ ▀▄█ ▀ █ █▄█ █▄▄▄▄▄▄▄█
█  ▄▄██▄▀▄  ▄ ▀█▄███ █  ▀▀▀▄ ▄   █ ▄▀▀ ▄▄ █ ▀▀█▄▀  ██ ▄ ▀ █
████▀ █▄▀█ █▄▄ ▀█  ██ ▄▄▄▄▄███▀ ▀ █▄▀█▄▄▄█▀ █ ▀▀▄██▄█▀ ▄  █
██  ▀▄▄▄ ▄█▄▀█▄  ▄█▄▄ █▄█▄  █▀█▀▄▀ █▄▄▀▀▀▀██▄█ ▄██ ▀▀█▀ ▀▄█
█▄█ ▄▀█▄▀▄█ ▄ ▀█ ▄▀▀ ▄▀▀█▄██ ▄██▀▀▄▀▄▄ ▀▀ ▄▀▀▀██▀▀  ▀  ▀ ▀█
██▀██ ▄▄ ██  █  ▀▀▀█▄▄▄█ █ ▀▄▄██▀ ▄ ▀█▄▄▄█ ▄ ▄ ▀▀▄▄██▀█▀ ▀█
█▀▀▄ ▄█▄▄█▄ ▀▄▀▀▀ ▄▄▄█ ▄ ▄▄▀▀▄ █▄▀█▄▀▄  ███▄▄█▀▀▀█ ▄▀▀ ▄ ██
█▀█▀▄▀ ▄██▀▀██ ██ ▄▀██  ▀█▀ ▄ ▀ ▀▀▄█▄█ █  ▀▀▀██▄▄  ██ ▄  ▀█
█ ▀▀█▀ ▄█▄▄▄██▀▄▀▄▀  ▄▀▀  █▀▀▄██ ▄▀███▀▄ █▀▄  █ ▄█▀█▀▄▀██ █
█▄▀▀▀ ▀▄▀ █▀ ██▄█▄  █ █▀███▀▄▀▄█▄▄▄█▄ ▀▀▀█ █▄█ ▄▄█▀ ▀█▀█ ▄█
█  ▄  ▄▄▄  ▄▄▄ ▀▀▄▄▄▀▀█▄▄ ▀ ▄▄▄ ▀  █▄▄ ▀▄▀▄▄▄█▀▀  ▄▄▄ ▀▀▀▀█
█▀▄   █▄█ █▀█▄█ ▀ █▄▄▄▀▀ ▄█ █▄█  ▄ ▀██ ▄▀▀ █ ▄ ▀▄ █▄█  █ ▀█
█▄▀▀█ ▄▄ ▄▀ █ █ █▄  ▀ █ ▄█▄  ▄ ▄ █▀▀█ ▄ ▀ ▀█  █▄  ▄ ▄ ▄██▀█
██ ▄█ ▄▄ ▀▀▀▀▄█ ██▄██▄▄▄▄ ▄▀▄▄▀▀▀█ ▄▀█▀▄▄   ██▄███ ▀ ████▀█
█▀▀▀▄█▄▄██▄ ▀█▀  ▀▄  █▀ █▀▀▀█  █  █▄▀▀▄▄▄  ▄ ▀▄▄▀▀▄  ▀▀█▄ █
█ ▀██▀▀▄▀▄▀▄ ▀████  ▀███ ▄▄▀████▄█ █▀   ▀███ ▀▀█▀ ▄▀ ▄ ▀███
█▀ ▄▄█ ▄▄▄ ▄█ ▄▄ ▄█▄  █▄▄▀█  ▄▄▀▀▄ ██▀▄▄▀██ ▄█ ▄  ▄▀██ ▀█▄█
██ ▀  ▀▄▄█ ▀▄▄▀▄▄ ▄▀ █▄█ █▀ ▀▀▄▀█▄▄▀▀█▄█ █▀█▄▄▀ ▄ ▄▄▀▀▀█▀ █
██▀▄▄▀▀▄▄▀▄▀ ▀▀▀███▄  █  ███▀█▄▄▀█▄▀██▄██ █▄█ ▄▀██▀█ █▄▄▀▀█
█▀▄  █ ▄██ ▄▀  ███▀▀▀█ █▄ █▀▄▄▄ ▄█▄▄ ▀ █▄▄▀▀▀▀██▀▄▀▄█▄█  ▄█
█ ▀ ▀▀▄▄ ▀▄▄▀  ▄ ▀▄▀█ █▄▄▄▀██▀█▀▄▄ ▄██▀▀▄▀▄▀▀█▀  ▀  ▄▄██ ▄█
███████▄▄ █▄▀▀ ▄ █  ▀ ▀█▄█▄ ▄▄▄ ▄▀ █▄▄█ ██▄█▄▀ ▄█ ▄▄▄ ▀▀▀▄█
█ ▄▄▄▄▄ ███▀▄▄█▄▄▀▀▄ ██ ▄▀█ █▄█ █████ █▄  ▀▄▀▀  ▄ █▄█ ▀ ▄██
█ █   █ █▀ ▄ ▄▀ ▀█▀▀ ▄▄█ ▀▄▄ ▄  ▄▄▀▀▀█▄█ █▀▄   ▀▄▄▄▄▄ ▀█▀▄█
█ █▄▄▄█ █  ██▄█▄  █▀▄▀█▄█▀█ ▀██▀▄▀▀▀ ▄██▄▄▀  █▄▀▄ ▀ ▀█▄██▀█
█▄▄▄▄▄▄▄█▄▄▄▄▄███▄▄█▄▄▄▄▄▄▄██▄███▄██▄█▄█▄▄██▄██▄█▄▄███▄▄███

[2026-07-20T18:17:05.193Z] [INFO] Scan this QR code with WhatsApp to authenticate:
▄▄▄▄▄▄▄▄▄▄▄▄▄▄▄▄▄▄▄▄▄▄▄▄▄▄▄▄▄▄▄▄▄▄▄▄▄▄▄▄▄▄▄▄▄▄▄▄▄▄▄▄▄▄▄▄▄▄▄
█ ▄▄▄▄▄ █▀▄ ▄ █▄  ▀██▄▀▄▄▄ ▄  ▄ ▄▄▄▄▄▄▄▄▄  ▄▄▄█▄ ██ ▄▄▄▄▄ █
█ █   █ █▄  ▄▀ ███▀█▀███▄▄████▀▀▄█▀▀▄█▄███▀▄██▀▄ ██ █   █ █
█ █▄▄▄█ █ ▀█  ▀███ █▀██▄▀▄  ▄▄▄ ▀ █▀▀▄█▄▄ ▄ ▄  ▀▄██ █▄▄▄█ █
█▄▄▄▄▄▄▄█ ▀▄▀ █▄▀ ▀▄▀ ▀ ▀▄█ █▄█ ▀▄█▄█ ▀ ▀▄▀ █▄▀ █ █▄▄▄▄▄▄▄█
█▄▄█▄▀▀▄▄▀ █▀▀▄█▄█  ██  ▄▄▄  ▄▄▄██ ▄▄▄█▄▄  █▄▀█▄▄██▄ ▄▀▄▄▀█
█▄▄▀███▄  █▀█▄▀█▀▄▀▄▄▄  ██▄▀▀█ ▀ ▄▀▄ ▄▀  ▀ █▄▄██▄██ ▄▄▀█▀▄█
██   ▀▄▄▀▀  ▀█▄██▀█▄▄█ ▀█▄▀█▄ █▀▄▄  ▄▄▀█▄▄▄▄▄ ▄ █▄ ▄  ▀▄▀▀█
█▀▀▀▀▀ ▄█▄█ ▀█▄█ ▄▄▀█▄▄▄ ▀ █▀█▄▄▄▀ ██▀▀▀▀▄▀  ▀▀▀▄▄█  ▀█▄█▀█
███  ▄█▄▀▀▀▄▀▄▀▄▄▄▄ █▀ █▄█▀█   █ ▄ ▄█ █ ▄▀▀██ ▄▄ ██▀▀█▄ ███
█ ▀▄▀▀▀▄▄ ▀█▀▄▀▄▄▄▄▄█▀█▀  ▄▄▄▀▀▄   ▀█▄▀▄ ▄▄▄▀ ▄▄▀█▄▀▄▄ ▄▄▄█
█ ▀▀▄ █▄ █▀▀ ▄███ ▀▄ █  ▄ ▄ ▄ ▄█ █▄█▀▄██ ▄▄▄▀▀█▄▀█ ██ ▀█▄▀█
█▀ █▀██▄▄▄██ █▄██  ▀▀ ██▀▀▄██ ▄▄ ▀█▀██  █  █ ▄▀▄█▄▀▀▀  ▄▄▄█
█▄▀▄▄█▀▄▀▀█▀   ▀ ▀  ██ ▄███ ▀▄▄█▄▀▀ ▄ ▀▄▄  █▄ █▀█▄▀▄  ▀█ ▀█
███▄  ▄▄▄  █▀▄█ ▀▄▀▀▄▀█▄▀█▄ ▄▄▄ ▄  █▀▀██▄▀▀█▀██▀  ▄▄▄ ▄▄▄▀█
█ █▄▄ █▄█  ▀▄████▄▄██ ██▀█▄ █▄█ ▀ ▄█▄▄█ ██ █▀ ▄▄█ █▄█ ▄▄▀██
█▀█▀▄▄▄▄▄▄▄██ ██ ▀█▀▀█ █▄█▄ ▄  ▄  █▄█ ██▄█ ▄▄▀▀█      ▄▄█▄█
██▄ █ ▀▄ ▄▀▀▄▀  █▄█ █▄▄▄▄█▀▀▄█▄▄▄█ ▄█▄▄▄ ▄█▄▄█▄▄ ██▀█▄ ▀▄▀█
█▄▀▀▀▀█▄▀▄ ▄ ▄ ▄▀ █▀▄▄█▄▄▀ ██ ▀▄█ ▀  ▀█ ▀▄▀█ ▄▀▀▀ █▄██ ▄█ █
██▀  ▄▀▄▀▀▄▀▄▄█     ▀    ▄▄▄  ▀▀▄ █ █▄ █▄ ██ ▄▄ ▀ ▄▄█▀ ▀█ █
█▄█▄▄██▄▀▄██ ▀██ ▄ ▀█ █▄▀▄   ▄▀▄█▄ █ ▄▀▄▀█ █ ▄ ▄██▀▀███▄ ▄█
█▄▀█▄█▄▄█▀▄▄█▄█▀ ▄█ ▀▀ ▀▀▄ ▄███ ▄  █ ▄█▀▄▀ ▄█ █▄█▀▀ ██ ▄ ▄█
██▀▀▀▀▄▄▄▄▄█▀ ▀▄  █▄ █ █ ██ ▄ ▄▄▀ █▄██   █▀▄███▄█▀▄▄█ ██▀▄█
█▄▀▀▀▄█▄█▄▀▀▄█▄███▄▄▄█ █▀█ ▀▄▄▀█▀█▄▄█▄▄▄▄▄▄█▄▀ ▄ ▄▀ ▄█ ▄█▄█
█ ▀ ▀▀▄▄▀█   ▀▀ ▄█▀ ▄▄▄▀██ ▀▀█▄ █ ▄ ▄  ▀▄███ ▀▄▄ ▀▀ ▄  ▄▀ █
███████▄▄▀ ▀▀▀ ▀▄▀  ▀▄  █▄▄ ▄▄▄ ▄▄█ ▄ ▀▄ ▄▄█ ▄▄ █ ▄▄▄ ▀ ▀██
█ ▄▄▄▄▄ █▄█▀▀▀ ▄▄▀▄▀ ▄█ ██  █▄█  ███▀▄▀█▀ █ ▀█▀ ▀ █▄█ ▄█ ▀█
█ █   █ █▀▄  ▄ ▄█▀  ▀  ▀▀ █  ▄  ▀ ██▄▄█▀▄█ ██ ▄██▄▄  ▄ ▄  █
█ █▄▄▄█ █▀▀█▀▄█████▀▄▄ ▀█▀██▄▄█▀▄▄▄▄ ██   ▀   ▀▄▄ ▀█ ▄▄██▄█
█▄▄▄▄▄▄▄█▄▄▄▄█▄██▄█▄█▄▄▄██████▄▄▄▄███▄██▄▄▄▄███▄▄████▄██▄██

[2026-07-20T18:17:25.195Z] [INFO] Scan this QR code with WhatsApp to authenticate:
▄▄▄▄▄▄▄▄▄▄▄▄▄▄▄▄▄▄▄▄▄▄▄▄▄▄▄▄▄▄▄▄▄▄▄▄▄▄▄▄▄▄▄▄▄▄▄▄▄▄▄▄▄▄▄▄▄▄▄
█ ▄▄▄▄▄ █▄▀█▄ █▀█▀ █▀██ ▀▄ ▀██▄ ▄▀ ▀▄  █   ▄▄  ▄ ██ ▄▄▄▄▄ █
█ █   █ █   █▄██▄▄▄ ████▀▀ ███▄▄▀█▀▀ ▀▀█▀█▄▀ ▄▀▄ ██ █   █ █
█ █▄▄▄█ █▄█▀▄  ▀▀▀▀▄ ▀▀  █▀ ▄▄▄ █▄▀██▀▄ █ █▀▀▀▄▀▄██ █▄▄▄█ █
█▄▄▄▄▄▄▄█▄█▄▀ █ █▄▀▄▀▄█▄▀▄█ █▄█ ▀ ▀ █ ▀▄█ ▀ █ █▄█ █▄▄▄▄▄▄▄█
█  ▄▄█▀▄█▄▀▀ ▄▀█▄███ █  ▀▀▀▄ ▄   █ ▄▀▀ ▄▄ █ ▀▀█▄▀  █▀ ▄ ▀ █
████▀ █▄▀█ ▀█  ▀█  ██ ▄▄▄▄▄██▀▀ ▀ █▄▀█  ▄██ █ ▀▀▀█▄▄ ▄ ▄  █
██ ██▄▄▄▄ ▄▀▀█▄  ▄█▄▄ █▄█▄▀ ▀██▀▄▀▀█▄▄  ▀▀▄▄▄█▀█▄▄ ▀ ▀█▄▀▄█
█▄▀▀█▀█▄▀▄█ ▄ ▀█ ▄ █ ▄▀ █▄██ ▄▀▀▀▀▀▄▄ ▄ ▀▄  █▀ ▀▀█    ▀  ▀█
█▄▄ █ ▄▄ ██  █  ▀▀ ▀▄█▄██▄ ▀▄▄ █▀ █▀▀▀██ █ █▄ ▄ ▀▄▄██▀▄▀▄▀█
█ ▄ ▄▄█▄▄█▄ ▀▄▀▀▄▄▄▄ ▀ ▄  ▄▀▀▄ █ ▀█▄▄▀ ▀▄ ▄▄▄█▀ ▀█▄ ▀▀ ▄▀▀█
██ ▀▄▄▄▄██▀▀▀█ ██ ▄▀██  ▀█▀ ▄ ▀ █▀▄█ ▀ █  ▀▀█▀█▄▄  ▄█ ▄ ▀▀█
█ ▀▀█  ▄▀▄▀▄█▀ ▀▀▄▀  ▄▀▀  █▀▀▄██▀█▀██▄▀▄▀█▀▄  █ ▄█▀▄█▄▀██ █
█▄▀▀▀▄▀▄▀▄█▄ ▄ ██▄  █ █▀██▀▀▄▀▄█▄▄▄█▄ ▀▀▀█ █▄█ ▄▄█ ▀▀▀▀█ ▄█
█  ▄  ▄▄▄ ▀ ▀▀  ▀▄▄▄▀▀█▄▄   ▄▄▄ ▀ ▄█▄▄ ▀▄▀▄ ▄█▀▀  ▄▄▄ ▀▀▀▀█
█▀▄██ █▄█   █▄▄ ▀ █▄▄▄▀▀ ▄█ █▄█  ▄  ███▄▀▀ ▄ ▄ ▀▄ █▄█  █ ▀█
██ ▀█ ▄▄▄ ▀ █ █ █▄▄ ▀ ██▄█▄  ▄ ▄ █▀▀▀   █▄ ▄ ▄▄▄█ ▄▄ ▄█▄█▀█
█▀▀ █ ▄▄██▀▀▀▄█ ▄█ ▀ █▄ ▀▀▄▀██▀▀▀█ ▄ █ █▄▄▀ ████▀  ▀█▄██▀██
██▄  █▄▄██▄ ▀█▀  ▀▄  ▀▀ ▄▄▀▀▀█ █▄▄█▄█▄██ █ ▄█▀██▀▀▄ ▄▄▀█  █
█▄ ██▀▀▄▀▄▀▄▀▄████  ▀███ ▄▄▀██▀█▄▀ █▄▄  █▀██ █▀█▀ ▄▀ ▄ ▀█▄█
█▀ ▄▄█ ▄▄▄ ▀ █▀▀ ▄█▄  █▄▄▀█  ▄▄█▀█ █▄▀▄▄▀▄█ ██ ▄  ▄▀██ ▀█▄█
██ ▀ █▄▄▄█▀▀█ █ ▄ ▄▀ █▄█ █▀ ▀▀▄▀█▄▄▀▀█▄█ █▀█▄▄▀ ▄ █▀▀▀█▀▀ █
██▀▄▄▄▄▄▄▀▄▄█▀  ███▄  █  █▀█▀█▄▄▀█▄▀██▄██ ▀▄█ ▄▀█▀ █ ██▄▀▀█
█▀▄  ▄▄▄▀█▄▄▀ ▀▀██▀▀▀█ █▄ █▀▄▄▄ ▄██▄ ▀▀█▄▄▀ ▀▀▀▄▀▄▄ ████ ▄█
█ ▀ ▀▀▄▄▄▀▄▄▀  ▄ ▀ ▀█ ▀█▄▄ ██▀█▀▄▄▀██▀ ▄▄▀▄▄███▄█▀  ▄█ ▄ ▄█
███████▄▄ █▄▀▀ ▄▀▄ ▄█ █▀▄▄▄ ▄▄▄ ▄▀ █▄▄▀ █▀▄█▄█▄▄▀ ▄▄▄  ▀█ █
█ ▄▄▄▄▄ ███▀▄▄█▄▀ ▀▄▀▀█  ▄█ █▄█ ▀███▀██▄▄ ▀▄ ▀ ▀█ █▄█ ▀ ▀██
█ █   █ █▀ ▄ ▄▀ ▀█▀▀ ▄▄█ ▀▄▄▄▄  ▄▄▀▀██▄█ █▀▄▄  ▀█▄▄▄▄▄▀█▀▄█
█ █▄▄▄█ █  ██▀▄▀  █▀▄▀█▄█▀█ █▀█▀▄ ▀▀ ▄██▄█▀  ▄▄▀▄ ▀ ▀▀▄██▀█
█▄▄▄▄▄▄▄█▄█▄██▄██▄▄█▄▄▄▄▄▄▄██▄███▄██▄█▄█▄▄██▄██▄█▄▄█▄█▄▄███

[2026-07-20T18:17:45.208Z] [INFO] Scan this QR code with WhatsApp to authenticate:
▄▄▄▄▄▄▄▄▄▄▄▄▄▄▄▄▄▄▄▄▄▄▄▄▄▄▄▄▄▄▄▄▄▄▄▄▄▄▄▄▄▄▄▄▄▄▄▄▄▄▄▄▄▄▄▄▄▄▄
█ ▄▄▄▄▄ █▄▀█▄ ▄▀██▀█ ▀▄  ▄ ▀██▄ ▄▀█▀█▄ ███ ▄▄█ ▄ ██ ▄▄▄▄▄ █
█ █   █ █   ▀ ███▄▄ ▄███ ▀ ███▄▄▀█▀▀▀▀▀█▄▄▄▀█▄▀▄ ██ █   █ █
█ █▄▄▄█ █▄▀▀█▄ ▀▀▀▀▄ ▀▀  █▀ ▄▄▄ █▄▀██▄▄ ▀ █▀▀▄▄▀▄██ █▄▄▄█ █
█▄▄▄▄▄▄▄█▄█ ▀▄█ █▄▀▄▀▄█▄▀▄█ █▄█ ▀ ▀ █ ▀▄█ ▀ █ █▄█ █▄▄▄▄▄▄▄█
█  ▄▄▀▀▄█ ▄  ▄▀█▄███ █  ▀▀█  ▄   █ ▄▀▀ ▄▄ █ ▀▀█▄▀  █▀▄▄ ▀ █
████▀▀█▄ █▄  █ ▀█  ██ ▄▄▄▄ ▄▀▀▀ ▀ █ ▀█ ▄▄██▄█ ████▄███ ▄  █
██ ▀▄▄▄▄▀▀▄ ▀█▄  ▄█▄▄ █▄█▄▀ ▀██▀▄▀█▄▄▄▀ ▀▀▄▄▄█ █ █ ▀▀▀▀ ▀▄█
█ ▄█▄▀█▄▀██ ▄ ▀█ ▄▀  ▄▀██▄██▀▄█▀▀▀▄▀▄▄▄▄█ ▀▄▀██      ▀▀  ▀█
██▀▀█ ▄▄ ██  █   ▀██▄█ ▀▀█ ▀▄▄ ▄▀ ▄ █▀▀▄█▀ █▄ ▀▀▀▄▄██▀▄▀ ▀█
█▀▄█▀ ▀▄▄█▄ ▀▄▀▀▀█▄▄ ▀ ▄▀▄▄▀▀▄ █▄▀█▄█▄  ████▀   ▀█▄ ▀▀ ▄ ██
█▀▄▀▄▄█▄██▀▀▄▀ ██ ▄▀██  ▀█▀ ▄ ▀ ▀█▄█ ▀ █ ▄▀▀███▄▄ ▀▄█ ▄ ▀ █
█ ▀▀█▀ ▄█▄█▄█▀▄▀▀▄▀  ▄▀▀  █▀▀▄██▀▄▀███▀▄ █▀▄▀ █ ▄███▀▄▀██ █
█▄▀▀▀▀▀▄▄▄▀█▄▀▀▀█▄  █ █▀████▄▀▄█▄▄▄█▄ ▀▀▀█ █▄█ ▄ █ ▀▀█▀█ ▄█
█  ▄  ▄▄▄ ▀ ▀▀▀▄▀▄▄▄▀▀█▄▄ ▀ ▄▄▄ ▀  █▄▄▄▀▄▀  ▄████ ▄▄▄ ▀▀▀▀█
█▀▄▄▄ █▄█  ▀█▄█ ▀ █▄▄▄▀▀ ▄▀ █▄█  ▄ ▀████▀▀▀█ ▄  █ █▄█ ██ ▀█
█▄ ▄█▄ ▄▄ ▀ █ █ █▄██▀ ▄▄▄█▄▄ ▄ ▄ █  ▀▄█▀█ █▀▄▄ █▄▄▄ ▄▄▄██▀█
██▀▀  ▄▄▀ ▀▀▀▄█  █▄█ ▄▄▄▄ ▄▀██▀▀▀█ ▄ ▀██▄ ▀▀▀█▄█▀▀ ▀▀█▄▄█▀█
█▄▄ ██▄▄█▀▄ ▀█▀ ▄ ▄ ▄█▀ ▀▄▀▀▀▄ █▄▄█▄█▀▄█ ▀ ██▀█▄ ▀▄ █▀▀█ ▄█
█▄███▀▀▄▀▄▀▄▄ ████  ▀███ ▄▄▀███  ▀ █▄▄  █▀███▀▀█▀ ▄▀ ▄ ▀███
█▀ ▄▄█ ▄▄▄ ▀█ ▄  ▄█▄  █▄▄▀█  ▄ █▀█ █▄▀▄▄▀██ █▄ ▄  ▄▀██ ▀█▄█
██ ▀ ▄ ▄▄█     ▄▄ ▄▀ █▄█ █▀ ▀▀▄▀█▄▄▀▀█▄█ █▀█▄▄▀ ▄ █▄▀▀██▀ █
██▀▄▄▀▄▄▄▀ ▀▀█▄ ███▄  █  ███▀█▄▄▀█ ███ ▀█ █ █  ▀▀ ▄▀ ███▀▀█
█▀▄█▀▄▄▄▀█▀▄▀ █ ██▀▀▀█ █▄ █ ▄▄▄ ▄███ ▀▀█▄▄  ▀▀█▄█   █▄█▀ ▄█
█ ▀ ▀▀▄▄▄ ▄▄▀  ▄ ▀▀▄█ ▀▀▄▄▀▀█▀█▀▄▄▀█▀▀▄█▄▀▀██▀ ▀█▀▄▄██▀▄ ▄█
███████▄█▀█▄▀▀ ▄▀▄ ▄▀ ▀▀█▄▄ ▄▄▄ ▄▀ █▄ ▄ ▀▀▄█▀█▀██ ▄▄▄ ▀ ▀▄█
█ ▄▄▄▄▄ ███▀▄▄█▄██▀▄█▄█ ▀ █ █▄█ ████▄▀█▄▄▀▀██▀ ▀▀ █▄█ ▀ ▄██
█ █   █ █▀ ▄██▀ ▀█▀▀ ▄▄█ ▀▄▄▄▄   ▄▀▀██▄█▄█▀▄   ▀█▄▄▄ ▄▀█▀▄█
█ █▄▄▄█ █ ▀█▀ ██  █▀▄▀█▄█▀█ ███▀▄ ▀▀ ▄██▄▄▀  █▄▀▄ ▀ ▄█▄██▀█
█▄▄▄▄▄▄▄█▄▄▄▄▄▄██▄▄█▄▄▄▄▄▄▄█▄▄███▄██▄█▄█▄▄██▄██▄█▄▄█▄▄▄▄███

[2026-07-20T18:18:05.219Z] [INFO] Scan this QR code with WhatsApp to authenticate:
▄▄▄▄▄▄▄▄▄▄▄▄▄▄▄▄▄▄▄▄▄▄▄▄▄▄▄▄▄▄▄▄▄▄▄▄▄▄▄▄▄▄▄▄▄▄▄▄▄▄▄▄▄▄▄▄▄▄▄
█ ▄▄▄▄▄ █▄▀█▄ █▀██ ██▀▄ █▄ ▀██▄ ▄▀██▀▀ ▀▄▄▄ ▀▀ ▄ ██ ▄▄▄▄▄ █
█ █   █ █   ▀▄██▄▄▄ ████ ▀ ███▄▄ ▄▀▀  ▀██▄▄▀▀█▀▄ ██ █   █ █
█ █▄▄▄█ █▄▀▀█▀ ▀▀▀▀▄ ▀▀  █▀ ▄▄▄   ▀█▀█▄ ▄██▀▄█▄▀▄██ █▄▄▄█ █
█▄▄▄▄▄▄▄█▄▀▄█▄█ █▄▀▄▀▄█▄▀▄█ █▄█ ▀ ▀ █ ▀▄█ ▀ █ █▄█ █▄▄▄▄▄▄▄█
█  ▄▄██▄█ ▀██▄▀█▄███ █  ▀▀█  ▄   █ ▄▀▀ ▄▄ █ ▀▀█▄▀  ██▄▄ ▀ █
████▀ ▄▄▀▀█ ▄▀ ▀█  ██ ▄▄▄▄█▄██▀ ▀ ▀ ▀█  ▄██▄█ ██ ▄▄██▀ ▄  █
██ ▀▄▄▄▄█▀█ ▀█▄  ▄█▄▄ █▄█▄  ▀██▀▄▀ █▄▄  ▀▀▄▄▄█▀█▄▄ ▀▀▀▀▄▀▄█
██▀▄▄▀█▄ ▄█ ▄ ▀█ ▄▄▀ ▄█▀█▄██▀▄▀█▀▀██▄▄ ▄▀  ▀▀▀█ ▀█   ▀ ▀ ▀█
█▄▀ ▀ ▄▄ ██  █  ▄ ▀▀▄▄▄██▄ ▀▄▄▀█▀ ▄▀████ █▀▄█ ▀▀▀▄▄██▀█  ▀█
█▄█ █ ▀▄▄█▄ ▀▄▀▀▀█▄▄▀█ ▄▀▀▄▀▀▄▀█ ██▄▄   ▀ █▄██  ▀█  ▀▀ ▄▄▀█
█▀▄▀▄ ▄▄██▀▀▄▄ ██ ▄▀██  ▀█▀ ▄ ▀ ▄█▄█▄█ █ ▄▀▀█▀█▄▄ ▀██ ▄   █
█ ▀▀██ ▄▀ ▄█  ▄█▀▄▀  ▄▀▀  █▀▀▄██▀▄▀███▀▄▀█▀▄  █ ▄████ ▀██ █
█▄▀▀▀ ▄▄ ▀██▀▄▄▄█▄  █ █▀████▄▀▄█▄▄▄█▄ ▀▀▀█ █▄█ ▄▄▄ ▀▀█▀█ ▄█
█  ▄  ▄▄▄ █▀▀▄▄█▀▄▄▄▀▀█▄▄ █ ▄▄▄ ▀  ▀▄▄ █▄▀  ▄█▀▀▀ ▄▄▄ ▀▀▀▀█
█▀▄ █ █▄█ ▀██▄▀ ▀ █▄▄▄▀▀ ▄█ █▄█  ▄▀ ██▄▄▀▀ ▄ ▄▀   █▄█ █  ▀█
█▄█▄ ▄▄▄ ▄▀ █ █ █▄▀ ▀ ▄▄▄██  ▄ ▄ █  █ ▀▀█▄██▄  ▀█ ▄▄▄ █▄█▀█
█▄▀ ▄ ▄▄ ▄▀▀▀▄█ ▄█▄█ █ ▄▀ ▄▀██▀▀▀█ ▄ █ █  ▀▀█▀█▄▀  ▀▀██▄▀▀█
██ █▄█▄▄█ ▄ ▀█▀ ▀▀▄ ▀█▀ ▀█▀▀ █ █▄ █▄▀▀▄█▀█ █▀▄██ ▀▄ █ ▀█▄ █
█ ▀██▀▀▄▀▄▀▄█▀████  ▀███ ▄▄▀██▀ ▀█ ██▄  ▀▀██▄▀▀█▀ ▄▀ ▄ ▀▄▄█
█▀ ▄▄█ ▄▄▄█ ▀██▄ ▄█▄  █▄▄▀█  ▄ █ ▄ █▄▀▄▄▀██ █▄ ▄  ▄▀██ ▀█▄█
██ ▀ █▀▄▄███▄█ ▀▄ ▄▀ █▄█ █▀ ▀▀▄▀█▄▄▀▀█▄█ █▀█▄▄▀ ▄  ▀▀▀██▀ █
██▀▄▄ ▄▄▄▀▀█   ▀███▄  █  ███▀█▄▄▀█ ███ ██ █▄█  ▀█▀██ █▀▄▀▀█
█▀▄ █ ▄▄▀▀▀ ▀ ▀▀██▀▀▀█ █▄ █ ▄▄▄ ▄██▄ ▀▀█▄▄  ▀▀▄█▀ ▀▄██▄  ▄█
█ ▀ ▀▀▄▄▀▀▄▄▀  ▄ ▀ ▀█ ▀█▄▄ ██▀█▀▄▄▀█▀█▄▄ █▄ ▀▀▀█▀  ▄ ▀▀█ ▄█
███████▄█▀█▄▀▀ ▄ ▄▄   ▀█ █▄ ▄▄▄ ▄▀ █▄ ▀▀▀▀██▄█▄▄█ ▄▄▄  ▀█▄█
█ ▄▄▄▄▄ ███▀▄▄█▄▄█▀▄▄▀█ ███ █▄█ ████▀▀█▄▀▀▀▄▄▀ ▀▄ █▄█ ▀  ▀█
█ █   █ █▀ ▄▀▄▀ ▀█▀▀ ▄▄█ ▀▄▄▄▄   ▄▀▀██▄█ █▀▄▄  ▀█▄▄▄▄▄▀█ ▄█
█ █▄▄▄█ █  ▄█▀▄█  █▀▄▀█▄█▀█ █▀█▀█ ▀▀ ▄████▀ ▀▄▄▀▄ ▀ ▀█▄██▀█
█▄▄▄▄▄▄▄█▄▄█▄▄▄██▄▄█▄▄▄▄▄▄▄█▄▄███▄██▄█▄█▄▄██▄██▄█▄▄██▄▄▄███

[2026-07-20T18:19:16.462Z] [INFO] Scan this QR code with WhatsApp to authenticate:
▄▄▄▄▄▄▄▄▄▄▄▄▄▄▄▄▄▄▄▄▄▄▄▄▄▄▄▄▄▄▄▄▄▄▄▄▄▄▄▄▄▄▄▄▄▄▄▄▄▄▄▄▄▄▄▄▄▄▄
█ ▄▄▄▄▄ █▀▄▄ ▄███▀▄  █▀ █  █▀█ ▄▄█▄▀▀▄ ▀   ▄▄▀▄▄ ██ ▄▄▄▄▄ █
█ █   █ █▀▀▄▀ ▄███▄▀█▄▄▄▀▀▀█▄▄▄█▄▄  ▀▀ ██▄▄ ▄▄ ▄ ██ █   █ █
█ █▄▄▄█ █▀ ▀  ▄▄▄█ ▀▄ ▄▄▀ █ ▄▄▄ █▀▄▀▀  ▀▀█▄▄▄█▀▀▄██ █▄▄▄█ █
█▄▄▄▄▄▄▄█▄█ ▀ ▀▄▀▄▀▄▀ ▀▄█ █ █▄█ ▀▄█ ▀▄▀▄▀ █ █▄▀ ▀▄█▄▄▄▄▄▄▄█
█ ▄ ▄▄▀▄▄▄▀▀█▀▄▀█▄▀▄▄▄▀▀▀    ▄  ▀█▀█▀▄ █▀█ ▀ █ ▄  ▄█▄█▄▀ ██
█▀▄█ ▄█▄███▄▄▄▄  █▀ ▀▀▀ █▀ ▄ ▀ ██▀▄▄▀ ▄▄  ▄█▀▀█ ▄▄ ▄▀█▀▀ ▀█
█▀▀▀▀ █▄   ██▄▄▄▄▄▀ ▄▄▀▄▀ ▀█▀█▀█▄█▄▄   ▄█▀  ▄▀▄█▀  ████▄ ▀█
█  ██  ▄▀▄ ▄██▄█▀██▀▀▄▄▄██▄█▀█▀  ▀▀█▄▀█▄▄▀ ▀▄█ ▀  █▄▄   ▀▀█
█  ▀███▄▄▀▀  █▄▀█▄▄ ▀▄▀█ ▀▄ ▀ █▀█▀ █▄  ▄██ ▀ ▀██ ▀▀▄█▀██▄ █
█▀  █▀▀▄▀▄▀  █▀█▀█   █▄▄ ▀▄██▄▄▀▄█▀▄ ▄▀█  ▀▀  ▄▀█▄ █▄ ▄  ▀█
█▄█▀▄ ▄▄▀▄▀▀▀ ▀█▄▀▄ ▄█▀▀▀▄  █▀▀▀▄▀█▄█▄▀██▀▀ ▀▀▄█▄▀▀▄▄▀ ▀▀▀█
█▀█████▄ █▀█▀█▄▀▄ ▀▀▄█▄█▀█▀ ▄ ▄ █▄▄▀ ▄██▀▄ ▀█▀▄▄█ █▄▄   ▀▀█
█ ██▀██▄ ▀█▄ ▀▄███▄ █▄▀▀▀▀▀▀ ▀ ▀▄  █ ▄ ▄█▀ ▀▄██▄  ▀█▄██   █
█▀ █  ▄▄▄  ▄ █ █▄▄▄█ ▀▄█▄▀▄ ▄▄▄   ▀▄▄▄▀ █▀█▀▄██▀  ▄▄▄ ▀  ██
█     █▄█ ▄ ▄▀ █▄▄▄▀ █▄█▀▀▀ █▄█ ▄█▀█▄ ▀█▄██ ▄█ ▄▄ █▄█ ▀ █ █
█▄██▀ ▄▄ ▄▄█▀█▄▀▀▄█▀▀▄▀  ▀▄▄▄▄▄  ▀▄ █   ▀ ▄█▄▄█▄▀▄▄ ▄▄ ▀███
████ ▀▀▄▄▄▀▄▀█ ▀██▄▄▄▄█▀▀ █▀██▀  █▀█ ▄▀██▀▀▀▄██▄█▀▀▀▄███ ▀█
█▀▄█ ▀▄▄██▄ █ ██████ █▄▄█ █  █▀ ▄█  ▀ ▀▄    ▄▀ ▀ ▄ ▀▀▄  █▀█
█▀█ ▀▀▀▄▀ ██ ▄ ▄▀█▄▄▀▀▀█▄ ▄█▀██  █▄█▄  ▄▄█▀▀ ▀███▄ ▀▄█ ▀█ █
█ ▀▄▄█▀▄█ ▀ ▄▄▀▀▀█▄▀▀ ▄█▄ ▄ ▀█▄▄ █▀▄▄▄▀▄ ▀▀▀ █▀█▀▀ █▀  ▀▄▄█
█ ▀█  █▄▄▄██▄▀▀▄▀▄▄▄▄▄▀▀▀ █▀▄██▄▀█▀█▄ ▀▄██▀▀▄█████▄▄▄██▄███
█▄▀▀▀▄▀▄███▄█ ▄█ ▀▀  ▄▀ ▄▀█▀██  ▀▀▄▀▀  ▄ ▀ ▀█▄ ▄▀▄▄▀▄█▀▀ ██
█ ▀ ▀▄▀▄▄▀█▄  ▀ ▄▄▀  █▀▄▄▀█▀██▄▀███▄  ▀███▀  ▀▀▄█▄▀▄██ █▀██
█ ▀ ▀▀▄▄▄▀▀█ ▄████▄▀▀▀███▀▄▄ █▄▄ █▄ ▄▄█▀▀▀▄ █▄▀▄▀▄▄██▄█▀▄██
███████▄█▀▀█▀▀█▄▄▄▄▄ ██▀▄▀▄ ▄▄▄ ▄█▄█ ▄▀▄███▀▄▀██▀ ▄▄▄ ▄█▀ █
█ ▄▄▄▄▄ █▄██▀█ █▀▀▀██▀▄▀ ▀▄ █▄█  ▀▄▄▀ ▄█ ▀ █ ▀▀ ▄ █▄█ ▀▀▄▀█
█ █   █ █ ▀▄▀▀▄▀▄▀ ▄▄█▀▀▀▄ ▄▄  ▄▀█▄█▄  ▄▀█ ▀████   ▄ ▄  ▄██
█ █▄▄▄█ █  ▄▄▄▀▀▄ ▀█▄█▀▄▀██▄ ▀▀██▄█▀ ▄█▀ ▄█ ▄█▄█▄▄▀▄▀█▀▀███
█▄▄▄▄▄▄▄█▄▄██▄███▄▄▄█▄██▄██████▄▄▄▄▄█▄█████▄▄██▄█▄█████▄▄██

[2026-07-20T18:20:16.473Z] [INFO] Scan this QR code with WhatsApp to authenticate:
▄▄▄▄▄▄▄▄▄▄▄▄▄▄▄▄▄▄▄▄▄▄▄▄▄▄▄▄▄▄▄▄▄▄▄▄▄▄▄▄▄▄▄▄▄▄▄▄▄▄▄▄▄▄▄▄▄▄▄
█ ▄▄▄▄▄ █▄ ▄▄ █ ▀█ █▄██ ▀▄ ▀██▄ ▄▀█▀ ▄▄▀▀█   ▄ ▄ ██ ▄▄▄▄▄ █
█ █   █ █  █████▄█▄ ▄▄██▀  ███▄▄ █▀▀▄ ▀███▄▀▀▄▀▄ ██ █   █ █
█ █▄▄▄█ █▄▀▀▀▄ █▀▀▀▄ ▀▀  █▀ ▄▄▄  █▀█▀ ▄  ██▀ ▄▄▀▄██ █▄▄▄█ █
█▄▄▄▄▄▄▄█▄█ █▄▀ █▄█ ▀▄█▄▀▄█ █▄█ ▀ ▀ █ ▀ █ ▀▄█ █ █ █▄▄▄▄▄▄▄█
█ ▄ ▄██▄▀ ▀▄▄ █▀▄█▀██▄  ▀▀▀  ▄   █ ▄▀█▀█ ▄  ▀█▀█▀▀▄█▀▄▄ ▀▄█
█▄ ▄█ ▄▄▄▄▄▄▄  ▀█▀ ██ ▄▄▄▄ ▄██▀ ▀ █▄ █▄██▄█▄█ ▄▄██▄█▀█ ▄▄ █
██▀ ▄ ▀▄ ▀ █▀ ▄  ▄█▄▄ █▄█▄  ███▀▄▀▀█▄▄▄ ▀▀█▄▄█ ██▄ ▀▀▀▀▄ ██
█ ▄▀▄▀ ▄▀▄▀██▄██ ▄█▀ ▄█ █▄██▀█▀▀▀▀█ ▄ ▄▄▀▄▀ ███▀██▄▄█  ▀ ▀█
██▄██▀▄▄  ▄▄▀   ▀▀▀▀██▄▀ █ ▀▄▄ █▀ ▄ ▀▀▄▄▄▀▀▄ ▄▀▀▀▄██ ██▀▄██
█▀▄███▀▄▀ █ ▄▀▀▀ ▄▄▄▀▀ ▄▀█▄▀▀▄▀█ ▀█▄ ▄ ▀▄ ██▄█  ▀  ▀   ▄ ██
███▀██▄▄ ▄     ██ ▄▀██  ▀█▀ ▄ ▀ █▀▄█ █ █▄▄▀▀▀██▄▄ ▀██     █
█▄▀▄ ▀▀▄▄▄▄▀  █▀▀▄ ▄ ▄▀▀  █▀▀▄██▀▄▀█▀▀▀▄█▀▀▄▀▀▀ ▄█▀▀▀ ▀██ █
█▄█▀█▄ ▄▄██ ▄  █▀█ ▄█ █▀███▀▄▀▄█▄▄▄█▄   ▀▀▄█▄▀▀▄██▀▀▀█▀▄ ▄█
█ ▀█▀ ▄▄▄ ▀█▄▀▀▄██▄▄▀▀█▄▄ ▄ ▄▄▄ ▀  ▀▄█  ▄ ▀▄██▄▄▄ ▄▄▄ ▀▀▀██
██▄ ▀ █▄█ ▀▀█▄▄▀▀ █▄▄▄▀▀ ▄█ █▄█  ▄ ▀██▄█▀▀▄█ ▄▀▀  █▄█ █ ▀▀█
█  ▄ ▄ ▄▄  ██▀▄██▄▀ ▀ █ ▄█▄▄ ▄ ▄ █▀ █ ██▀  █▄▄▄▀▀ ▄▄▄▄█▄█▀█
█ █ ▀ ▀▄▀█ █▀▄▀▀██ ██▄▄   ▄▀██▀▀▀█ ▄ ▀ ██ ▄▀▀███▀  ▀▄▄█▄█▀█
█ ▄▄ ██▄ ▄▀▄▄█▀▄  ▄ ▄█▀  ▀▀▀▄█ █  █▄  ███▀▀▄█▄█▄▀▀▄ ▄ ▀█▀ █
█▀ ▄█▀█▄▀▄▀█▄▀  ██  ▀███ ▄▄▀███▀ █ █▄   ████▄▀▀█▀  █ █▄█▄██
█▀ ▄█▄▀▄▄   █▄█▄ ▄▄   █▄▄▀█  ▄▄█ ▄ █▄█ ▄▀▀▀ ▀█ ▄▀ ▀█ ▀  █▄█
███▄█  ▄ █ █▀▀▀▄▄ █▀ █▄█ █▀ ▀▀▄▀█▄▄▀████ ▀ ▄ ▄ ▀▄ █ ▀▀ █▀▄█
█ ▀██▄█▄█▀▄█ ▄██▄▀█▄  █  ███▀█▄▄▀█ ██▄ ▄▄▀ ▀█   ▀ ▀█ ██▄ ▀█
█▀  ▀▄▄▄███  ▀ ███▀▀▀█ █▄ ▄▄▄▄▄ ▄█▄▄ ▀ ▄▄▄ ▀▀▀██▀▄ ████▄ ██
█ ▀ ▀▀▄▄ ▄▄▀▀▀▀▄ ▀ ██ ▄▀▄▄  █▀█▀▄▄ ██▀  ▄█ ███▀█ █ ▄▄▀ █ ▄█
███████▄█ █████  ██ ▀▀████▄ ▄▄▄ ▄▀ █ ▄ ▀█▀▄▄▄█ ▄█ ▄▄▄   ▀▄█
█ ▄▄▄▄▄ ██▄▄▀▄▀█▀▄▀▄ ▀█ ▄██ █▄█ █▀███▀██▄▀▀█▄█ ▀▄ █▄█ ▀ ▀██
█ █   █ █▀▄  █  ▀█▀▀ ▄▄█ ▀▄▄    █▄▀▀██▄█▀█▀▄ ▄ ▀ ▄▄▄ ▄▀█▀▄█
█ █▄▄▄█ █ ▄ ▄ ▄█  █▀▄▀█▄█▀█ ▀██▀█▀▀▀█▀██▄█▀▄▄▀ █  ▀ ▀████▀█
█▄▄▄▄▄▄▄█▄██▄█▄▄▄█▄█▄▄▄▄▄▄▄██████▄████▄█▄▄████▄███▄██▄█████

[2026-07-20T18:20:36.474Z] [INFO] Scan this QR code with WhatsApp to authenticate:
▄▄▄▄▄▄▄▄▄▄▄▄▄▄▄▄▄▄▄▄▄▄▄▄▄▄▄▄▄▄▄▄▄▄▄▄▄▄▄▄▄▄▄▄▄▄▄▄▄▄▄▄▄▄▄▄▄▄▄
█ ▄▄▄▄▄ █▀▄▄ ▄█▄██▄  ▀ ▀▄▄ █▀█ ▄▄█▀██ ▀▀▄▄▄▄ ▀▄▄ ██ ▄▄▄▄▄ █
█ █   █ █▀▀▄▀▄▄█▄█▄▀█▄▄▄▀ ▀█▄▄▄█▀▄  ▀  █▀▄▄ ▀█ ▄ ██ █   █ █
█ █▄▄▄█ █▀▄▀▀▄▄▄▄█ ▀▄ ▄▄▀ █ ▄▄▄ █▄▄▀██ ▀▀ ▄▄▀█▀▀▄██ █▄▄▄█ █
█▄▄▄▄▄▄▄█▄█ █▄▀▄▀▄▀▄▀ ▀▄█ █ █▄█ ▀▄█ ▀▄▀▄▀ █ █▄▀ ▀▄█▄▄▄▄▄▄▄█
█ ▄ ▄ █▄  ▄ █ ▄▀█▄▀▄▄▄▀▀▀  ▄ ▄  ▀█▀█▀▄ █▀█ ▀ █ ▄▀  █ ▀▄▀ ██
█▀▄█ ██▄  █▀█▀▄  █▀ ▀▀▀ █▀ █▄▀ ██▀▄ ▀  ▄  ▄▀▀▀▀    ▄█ ▀▀ ▀█
█▀▀█▀ █▄█▀█▀█▄▄▄▄▄▀ ▄▄▀▄▀ ▀▄▀▀▀█▄██▄   ▄█▀▀▀▄▀█▄▀▀ ██▀█▄ ▀█
█▄▀▄▄  ▄▀█ ▄██▄█▀█▄ ▀▄█ ██▄█▀▄▀▄ ▀█▄ █▀█▄▀▀█▄▀▄█ ██▄▄▀ ▀▀▀█
█  ▀▀██▄▄▀▀  █▄▀▀▄▄▄█▄██ ▀▄ ▀   █▀▀██  ▄███▀▄██▄ ▀▀▄█▀▄▄▄ █
██▀▀ ▀█▄▀▄▀  █▀█▄▄  █▀▄▄▀ ▄██▄█▀▄█▀▄▀  █   ▀█▄▄ █▄▄█▄ ▄ █▀█
█▄ ▀▄▄█▄▀▄▀▀▀▄▀█▄▀▄ ▄█▀▀▀▄  █▀▀▀▄▀█▄  ▀█ █▀  █▄█▄▀ █▄▀ ▀ ▀█
█▀███▄▄▄▄█▀▄█▀ ▄▄ ▀▀▄█▄█▀█▀ ▄ ▄ █▄▄▀▀▄██ ▄ ▀▄▀▄▄█ ▄█ ▄  ▀▀█
█ ██▀ ▀▄▄▄▀█  ▀▀██▄ █▄▀▀▀▀█▀ ▀ ▀▄  █ ▄ ▄█▀ ▀▄██▄▄▀█▄▀▀█   █
█▀ █  ▄▄▄ █▀█▄▀▄▄▄▄█ ▀▄█▄▀▀ ▄▄▄   █▄▄▄█ █▀██▄██▀▄ ▄▄▄ ▀  ██
█  █▀ █▄█ ▀▀▄▀ ▀▄▄▄▀ █▄█▀▀▀ █▄█ ▄█▄█▄ ▀▄▄██▀▄█▀██ █▄█ ███ █
█▀█▄   ▄▄▄▄█▀█▄▀▀▄▄▄▀▄ █ ▀█▄▄▄▄  ▀▄▀▀ █▄█ ▄▀ ▄▀▄▀   ▄ ▀▀███
█▀ ▄█▀▀▄▀▀▀▄▀█ ▀█▄▄▄ █▀▀▄▀█▀▄█▀  █▀█▄▄ █ █  ▄▀▄▄██▀▀▄▄█▄ ▀█
██▀ █▀▄▄ ▀▄ █ ██ █████▄▄▄▄█ ▄█▀  █  █ ▀▄▄  ▀ ▄▀▀▀▄ ▀▄▄  ███
█▄▀ ▀▀▀▄▀ ██▄  ▄▀█▄▄▀▀▀█▄ ▄█▀█▀  ▀▄█▄▄ ▄▀▀▀▀ ████▄ ▀▄█ ▀▄▀█
█ ▀▄▄█▀▄█  ▄█▄▀▄▀█▄▀▀ ▄█▄ ▄ ▀█▄  █▀▄▄▄▀▄ ▀▀▀ █▀█▀▀ █▀  ▀▄▄█
█ ▀█  ▀▄▄▄▄▄ █▄ ▀▄▄▄▄▄▀▀▀ █▀▄██▄▀█▀█▄ ▀▄██▀▀▄██████▀▄██ ███
█▄▀▀▀█ ▄███▀█▄▀▀ ▀▀  ▄▀ ▄▀█▀██  ▀▀ █▀ ▄▄ ▀ ▀█▄ ▄█▄ ▀▄██▀ ██
█ ▀▀ ▀█▄  █▀   ▀▄▄▀  █▀▄▄▀█▀██▄▀██▀█  ▄███   ▀█▄██ █▄▄▀█▀██
█ ▀ ▀▀▄▄▄▄▀█ ▄████ ▄▀▀▀▄█▀█▄ █▄▄ ██     █▀█ █▄▀██▄▄▀▄▄▀▀▄██
███████▄▄▀▀█▀▀█▄█▄   ▄▀▀  ▄ ▄▄▄ ▄█▄█▄  ▄██ ▀▄█▄▄█ ▄▄▄ ▄█▀ █
█ ▄▄▄▄▄ █▄██▀█ █▄█▀██ ▄▀▀▄▄ █▄█ ▄▀▄▄▀██▄ ▄ ▄▀█▀▀▄ █▄█ ▀▀ ██
█ █   █ █ ▀▄██▄▀▄▀ ▄▄█▀▀▀▄ ▄▄  ▄ ▀▄██  ▄██ ▀ ███   ▄    ███
█ █▄▄▄█ █ ▄▄ ▀▀ ▄ ▀█▄█▀▄▀██▄▀▀▀█▄██▀ ▄█▀▀▄█ ██▄█▄▄▀▄█▀▀▀███
█▄▄▄▄▄▄▄█▄█▄▄▄█▄█▄▄▄█▄██▄███▄▄█▄▄▄▄▄█▄█████▄▄██▄█▄██▄▄█▄▄██

[2026-07-20T18:20:56.488Z] [INFO] Scan this QR code with WhatsApp to authenticate:
▄▄▄▄▄▄▄▄▄▄▄▄▄▄▄▄▄▄▄▄▄▄▄▄▄▄▄▄▄▄▄▄▄▄▄▄▄▄▄▄▄▄▄▄▄▄▄▄▄▄▄▄▄▄▄▄▄▄▄
█ ▄▄▄▄▄ █▀▄▄ ▄▄█▀█▄▀▄▀▀ ▄▄ █▀█ ▄▄█▄▀▄▀▄█▀   ▀▄▄▄ ██ ▄▄▄▄▄ █
█ █   █ █▀▀▄▀ ▄█▄▄▄▀█▄▄▄▀ ▀█▄▄▄█ █   ▀ █▄█▄  █ ▄ ██ █   █ █
█ █▄▄▄█ █▀▄█▄█▄▄▄█ ▀▄ ▄▄▀ █ ▄▄▄ ▄█▄▀▄█ ▀  ▄▄▄█▀▀▄██ █▄▄▄█ █
█▄▄▄▄▄▄▄█▄▀▄▀ ▀▄▀▄▀▄▀ ▀▄█ █ █▄█ ▀▄█ ▀▄▀▄▀ █ █▄▀ ▀▄█▄▄▄▄▄▄▄█
█ ▄ ▄ ▀▄  ▀ ▄▄▄▀█▄▀▄▄▄▀▀▀  ▄ ▄  ▀█▀█▀▄ █▀█ ▀ █ ▄▄▀ █ █▄▀ ██
█▀▄█ ▄▄▄███▄ ▀▄  █▀ ▀▀▀ █▀ █▄█ ██▀  ▀  ▄  ▄█▀▀▀▄ ▀ ▄▄▀▀▀ ▀█
█▀▀▄▀ █▄▄█▄ █▄▄▄▄▄▀ ▄▄▀▄▀ ▀███▀█▄█▄▄  ▀▄█▀▄ ▄▀██▄▀ █▀█▀▄ ▀█
█▀  █  ▄ █ ▄██▄█▀██▀▀▄▄▄██▄█▀▄█  ▀ █▄▀██ ▀█▀ █▀█ ██▄▄▀▀ ▀▀█
█  █▀██▄▄▀▀  █▄▀▄▄   ██▀ ▀▄ ▀ ▀ █▀ █▄▄▀▄ █ ▀▄▀ █ ▀▀▄█▀██▄ █
█▄█▄▀▀█▄▀▄▀  █▀█▀▀  ▄█▄▄ ▄▄██▄▄▀ ▀▀▄█▄▀█▀▀▀  ▀█ █▄▄█▄ ▄  ██
█ ▄▀▄  ▄▀▄▀▀▀█▀█▄▀▄ ▄█▀▀▀▄  █▀▀▀ ▀█▄▄ ▀███▀  ▀▄█▄▀▀█▄▀ ▀▀▀█
█▀████ ▄▄▀▀█ █ ▄▄ ▀▀▄█▄█▀█▀ ▄ ▄ ▄█▄▀▀███▀█ ▀█▀▄▄█ ▄▄▄▄  ▀▀█
█ ██▀▄▄▄ ▄█▄ ▀█▀██▄ █▄▀▀▀▀█▀ ▀ ▀▄  █ ▄ ▄█▀ ▀▄██▄▄▀▀██▀█   █
█▀ █  ▄▄▄ ▄█▄█▀█▄▄▄█ ▀▄█▄▀▀ ▄▄▄   █ ▄▄▀▄█▀██▄█▀▀▄ ▄▄▄ ▀  ██
█  ▄█ █▄█ ▄▀▄▀▄▄▄▄▄▀ █▄█▀▀▀ █▄█ ▄██▄▄ ▀▄▄█ ▀▄█▄█  █▄█  ▀█ █
█▄█▀▀▄ ▄ ▄▄█▀█▄▀▀▄▄▄▀▄▄▀ ▀▄ ▄▄▄  ▀█▀█▄▀█▀▄▀ ▄ ▀█▀▄  ▄▄ ▀███
██▀▄ ▀▀▄ █▀▄▀█ ▀█▄▄ ▄▄▄▀▀▀█▀▄█▀  █▀█▄▄▄██▀▀▀ ▀▄▄█▀▀▀█▄██ ▀█
█▄▀ ▄▀▄▄▀█▄ █ ██  ███▀▄▄▀▀█ █ ▀  ▀  ▀█ ▄██▀ ▀▄▀ ▀▄ ▀▄▄  ▄██
██▄ ▀▀▀▄▀ ██▄▄ ▄▀█▄▄▀▀▀█▄ ▄█▀█▀ ▄▀▄█   ▄▀▀▀▀ ████▄ ▀▄█ ▀▄ █
█ ▀▄▄█▀▄█ ▀▀█  █▀█▄▀▀ ▄█▄ ▄ ▀█ ▄▀█▀▄▄▄▀▄  ▀▀▀▄▀█▀▀ █▀  ▀▄▄█
█ ▀█  ▄▄▄▄▀▄█ ▀█▀▄▄▄▄▄▀▀▀ █▀▄██▄▀█▀█▄ ▀▄██▀▀▄█████▀▄▄██▄███
█▄▀▀▀█▄▄██▄▀▄ ▀▄ ▀▀  ▄▀ ▄▀█▀██  ▀▀ █▀    ▀ ▀█▄▄▄▀▄ █▄█▀  ██
█ ▀█ █▀▄██▄▀   ▀▄▄▀  █▀▄▄▀█▄██▄▀████   ███   ▀ █▀  ▀▄▄█▄▀██
█ ▀ ▀▀▄▄▄ ▀█ ▄████▄▄▀▀▀▀█▀█▄ █▄▄ █▄ ▄ ▄██▀  █ █▄▄█ ▀▀▄▀▀▄██
███████▄█ ▀█▀▀█▄██▄ ▄▄█▀▄▀▄ ▄▄▄ ▄█▄█ ▄▀▄█▀▄  ███▀ ▄▄▄ █▄█ █
█ ▄▄▄▄▄ █▄██▀█ █▀█▀█▀█▄▀ ▀▄ █▄█ ▄█▄▄  ███ ▀██ ▀ █ █▄█ ▀▀ ██
█ █   █ █ ▀▄▀▀▄▀▄▀ ▄▄█▀▀▀▄ ▄   ▄▄█▄█▄  ▄▀▀ ▀ ███▀  ▄▄▄  ███
█ █▄▄▄█ █ ▄▄ █▄▄▄ ▀█▄█▀▄▀██▄ █▀█▄██▀ ▄█▀ ██ █▄▄█▄▄▀▄▀█▀▀███
█▄▄▄▄▄▄▄█▄▄▄▄▄█▄█▄▄▄█▄██▄███▄██▄▄▄▄▄█▄█████▄▄██▄█▄█████▄▄██

[2026-07-20T18:21:16.489Z] [INFO] Scan this QR code with WhatsApp to authenticate:
▄▄▄▄▄▄▄▄▄▄▄▄▄▄▄▄▄▄▄▄▄▄▄▄▄▄▄▄▄▄▄▄▄▄▄▄▄▄▄▄▄▄▄▄▄▄▄▄▄▄▄▄▄▄▄▄▄▄▄
█ ▄▄▄▄▄ █▀▄▄ ▄███▀▄ ▄█ ▀▄▄ █▀█ ▄▄████▄▄▀▀▄  ▄▀▄▄ ██ ▄▄▄▄▄ █
█ █   █ █▀▀▄█ ▄█▄█▄▀█▄▄▄ ▀▀█▄▄▄█▀█  ▀▀ █▄▄▄ █▄ ▄ ██ █   █ █
█ █▄▄▄█ █▀ ▀█ ▄▄▄█ ▀▄ ▄▄▀ █ ▄▄▄  ▄▄▀█▀ ▀▀▀▄▄█▄▀▀▄██ █▄▄▄█ █
█▄▄▄▄▄▄▄█▄█ █ ▀▄▀▄▀▄▀ ▀▄█ █ █▄█ ▀▄█ ▀▄▀▄▀ █ █▄▀ ▀▄█▄▄▄▄▄▄▄█
█ ▄ ▄▄▀▄  ▀▄▀█▄▀█▄▀▄▄▄▀▀▀  ▄ ▄  ▀█▀█▀▄ █▀█ ▀ █ ▄▄▀ █ █▄▀ ██
█▀▄█ ▄▄▄█▀█ ▀▀▄  █▀ ▀▀▀ █▀▀█ ▀ ██▀▄▄▀ ▄    █▀▀█▄█  █▀▀▀▀ ▀█
█▀▀▄█ █▄ ▄▀ █▄▄▄▄▄▀ ▄▄▀▄▀  █▀█▀█▄█ █   ██▀▄▀▄▀▄▄▀  █▀▀▀  ▀█
█▀▄ █  ▄ █ ▄██▄█▀██▄▀▄▀▄██▄█ ██  ▀█▄▄█ ▀▄█▄▀ ▀▀▄  █▄▄▀▄▀▀▀█
██▀  ██▄▄▀▀  █▄▀▄█ ▄ ▄▄▀▀ ▄ ▀ ▀▀█▀▀█▄ ▀█▀▀ ▀▄█▄▄ ▀▀▄█▀▄█ ▄█
█ ▄█▀█▀▄▀▄▀  █▀█ ▀   █▄▄▀ ▄██▄█  ▀▀▄ ▄▀▄▄▀▀▀▀ █ █▄ █▄ ▄  ▀█
█▀▀▀▄▀▄▄▀▄▀▀ ▀▀█▄▀▄ ▄█▀▀▀▄  █▀▀▀█▀█▄█ ▀██▀▀  █▄█▄▀ █▄▀ ▀ ▀█
█▀████▄▄▄██ ▄▀▄▄▄ ▀▀▄█▄█▀█▀ ▄ ▄ █▄▄▀▀▄██ █ ▀█ ▄▄█  ▄▄   ▀▀█
█ ██▀ █▄█▄█  ▄▄▀██▄ █▄▀▀▀▀██ ▀ ▀▄  █ ▄ ▄█▀ ▀▄██▄   █ ██   █
█▀ █  ▄▄▄ ▄▀█▄ ▀▄▄▄█ ▀▄█▄▀▄ ▄▄▄   ▀▄▄▄█▄█▀█▀▄███▄ ▄▄▄ ▀  ██
█  ▀▀ █▄█ ▄▀▄▀▀▄▄▄▄▀ █▄█▀▀█ █▄█ ▄███▄  ▄▄█ ▀▄██▄▄ █▄█ █▀█ █
█    ▄ ▄▄ ▄█▀█▄▀▀▄▄ ▀▄▄▀ ▀▄ ▄▄▄  ▀▄ ▀ ▀ ▀▄▀▄▄▄█▄█▄▄▄  ▀ ███
█▄▄▄ ▀▀▄▀█▀▄▀█ ▀▄█▀▄▀▄██▄▀█▀█▄▀  █▀█   █▀▀▀ ▄▀▀█▀▄▀▀▀▄██▄▀█
█▀▀▀ ▀▄▄▀▀▄ █ ██▀▄██▄▀▄▄█▀█  █▀ ▄▀  ▀▄▀▄▀▀  ▄█▀ ▀▄ ▀▀▀   ██
█▄▄ ▀▀▀▄▀ ██▄  ▄▀█▄▄▀▀▀█▄ ▄█▀█▄▄ █▄██  ▄▀█▀▀▄████▄ ▀▄█ ▀▄▀█
█ ▀▄▄█▀▄█  ▀ ██▀▀█▄▀▀ ▄█▄ ▄ ▀█ ▄▀█▀▄██▀▄  ▀▀▀▄▀█▀▀ █▀  ▀▄▄█
█ ▀█ █ ▄▄▄██ ▀ █▀▄▄▄▄▄▀▀▀ █▀▄██▄▀█▀█▄ ▀▄██▀▀▄█████▀█▄██▄███
█▄▀▀▀██▄███▄▀█▄█ ▀▀  ▄▀ ▄▀█▀██  ▀▀▄█▀    ▀▄▀█▄▄▄█▄▀▀▄█   ██
█ ▀█▄  ▄▄ ▀▄  ▀▀▄▄▀  █▀▄▄▀████▄▀███▄  ▀███ ▀ ▀▄█▀▄  ██▄▄▀██
█ ▀ ▀▀▄▄ █▀█ ▄████▄▄▀▀ ▄█▀█▄ █▄▄ ██▀ ▄▀██▀▄▄▀  ▀ █▄█▀ ▀ ▄██
███████▄█▀▀█▀▀█▄▄█   █▄▀▄▀▄ ▄▄▄ ▄█▄█▄▄▀█ █▀ █▀▄██ ▄▄▄ █▄▀▄█
█ ▄▄▄▄▄ █▄██▀█ █ ▄▀█▄▄▄▀▄ ▄ █▄█  █▄▄██▄▄ ▄ █▀▄▀ █ █▄█ ▀▀▄██
█ █   █ █ ▀▄▀█▄▀▄▀ ▄▄█▀▀▀▄ ▄▄▄ ▄▄▀▄█ ▄ ▄██ ▀ ███▀  ▄    ▄▄█
█ █▄▄▄█ █ █▄▄█ ▄▄ ▀█▄█▀▄▀██▄█▀▀█▄██▀▀▄█▀▀██ ██▄█▄▄▀▄█▀▀▀███
█▄▄▄▄▄▄▄█▄▄▄▄█▄██▄▄▄█▄██▄███▄██▄▄▄▄▄█▄█████▄▄██▄█▄█████▄▄██

[2026-07-20T18:21:36.500Z] [INFO] Scan this QR code with WhatsApp to authenticate:
▄▄▄▄▄▄▄▄▄▄▄▄▄▄▄▄▄▄▄▄▄▄▄▄▄▄▄▄▄▄▄▄▄▄▄▄▄▄▄▄▄▄▄▄▄▄▄▄▄▄▄▄▄▄▄▄▄▄▄
█ ▄▄▄▄▄ █▀▄▄ ▄▄███▄  █  ▄▄ █▀█ ▄▄█▀▀ ▀▄▀▀█▄▄▀█▄▄ ██ ▄▄▄▄▄ █
█ █   █ █▀▀▄█ ▄█▄▄▄▀█▄▄▄  ▀█▄▄▄█▀█   ▀ █▄▄▄  ▄ ▄ ██ █   █ █
█ █▄▄▄█ █▀▄█▄ ▄▄▄█ ▀▄ ▄▄▀ █ ▄▄▄ ▄▄▄▀ ▀ ▀ █▄▄█▄▀▀▄██ █▄▄▄█ █
█▄▄▄▄▄▄▄█▄▀▄█ ▀▄▀▄▀▄▀ ▀▄█ █ █▄█ ▀▄█ ▀▄▀▄▀ █ █▄▀ ▀▄█▄▄▄▄▄▄▄█
█ ▄ ▄ █▄▄ █▄▀▀▄▀█▄▀▄▄▄▀▀▀    ▄  ▀█▀█▀▄ █▀█ ▀ █ ▄▄▀ █▄▀▄▀ ██
█▀▄█ ▄▄▄███▄▄█▄  █▀ ▀▀▀ █▀ ▄ ▀ ██▀▄▄▀  ▄   ▀▀▀▀ ▄▀▀█ ▄▀▀ ▀█
█▀▀▄▄ █▄█▄█▄█▄▄▄▄▄▀ ▄▄▀▄▀  ▄██▀█▄█▄▄   ▄█▀ ▀▄▀▄▄▀  █▀▀█▄ ▀█
██▀ ▄  ▄▀▄ ▄██▄█▀██ ▀▄ ▀██▄█ ██  ▀   █ ▀ █ ▀▄█▄▄▀ █▄▄ ▄ ▀▀█
█▄ █ ██▄▄▀▀  █▄▀█▄▀▄▀▄▀█▀▀▄ ▀ ▀▀█▀▀▄█▄ ███▀ ▄▀ ▄ ▀▀▄█▀▄█▄▄█
█▀ █▀▀█▄▀▄▀  █▀█ █  ▄▄▄▄█▀▄██▄█▀▄█▀▄█▀▀██▄▀▀█▀█ █▄ █▄ ▄  ██
█▄▀▀▄▄ ▄▀▄▀▀▄▀▀█▄▀▄ ▄█▀▀▀▄  █▀▀▀ ██▄  ▀██▀▀  █▄█▄▀▀▄▄▀ ▀▀ █
█▀█████▄ █▄█▀▀ ▀▄ ▀▀▄█▄█▀█▀ ▄ ▄ █▄▄▀ ▄██ █ ▀█▀▄▄█ ▀     ▀▀█
█ ██▀  ▄█▄ ▄▄ ▀▄██▄ █▄▀▀▀▀█▀ ▀ ▀▄  █ ▄ ▄█▀ ▀▄██▄   ████   █
█▀ █  ▄▄▄ ██▀▄█▀▄▄▄█ ▀▄█▄▀▄ ▄▄▄   █ ▄▄█▄█▀▀▀▄███▀ ▄▄▄ ▀  ██
█  █▀ █▄█  ▀▄▀█ ▄▄▄▀ █▄█▀▀▀ █▄█ ▄█▄█▄ ▀█▄█▀ ▄██▄  █▄█ ███ █
█▀▀▄▄ ▄▄▄▄▄█▀█▄▀▀▄█▀▀▄█  ▀▄▄▄▄▄  ▀▄ ▀▄█▀▀▄██▄▄▄▄▄▄▄▄    ███
█▀▀█▄▀▀▄█▀▀▄▀█ ▀██▄▄ ▄▄▀  █▀██▀  █▀█▄ ▀██▀▀▀ ▀▄███▀▀██▄█▄██
█▀  █▀▄▄██▄ █ ██▀███▄ ▄▄ ▀█ █ ▀  █   █ ▄ ▀ ▀█▀  ▀▄ ▀██   ██
█▀▄ ▀▀▀▄▀ ██▀▄ ▄▀█▄▄▀▀▀█▄ ▄█▀█▀  █▄█ ▄ ▄█▀▀▀▄▀███▄ ▀▄█ ▀▄▀█
█ ▀▄▄█▀▄█ █▀▀▀ ▄▀█▄▀▀ ▄█▄ ▄ ▀█ ▄ ▄▀▄█▄▀▄▀▀▀▀▀█▀█▀▀ █▀  ▀▄▄█
█ ▀█ ▄█▄▄▄▄▄ █▄█▀▄▄▄▄▄▀▀▀ █▀▄██▄▀█▀█▄ ▀▄██▀▀▄█████▄▀▄█▀ ███
█▄▀▀▀▀▀▄███▀▄█ █ ▀▀  ▄▀ ▄▀▀▀██  ▀▀▄█▀    ▀▄██▄▄ █▄▄▀▄█▀▀ ██
█ ▀█▀▀ ▄ ▄▀█  ▄█▄▄▀  █▀▄▄▀▄▀██▄▀██▀█  ▄▄██   ▀▄▄███ ▄█▀▀▀██
█ ▀ ▀▀▄▄█▀▀█ ▄████  ▀▀ ▀█▀▄▄ █▄▄ ██ ▄▄▄ ▀▀▀ █▄▄▄██ ▀ █ ▀▄██
███████▄▄▀▀█▀▀█▄▀▄ ▄▀███▀ ▄ ▄▄▄ ▄█▄█  ▀██▀▀▀ ██▄▀ ▄▄▄ ▄█▀▄█
█ ▄▄▄▄▄ █▄██▀█ █▄█▀██▄▄▀▀▀▄ █▄█ ▄▀▄▄▀ ▄▄▄ ▀█ ▀▀▀▄ █▄█ ▀▀▄▀█
█ █   █ █ ▀▄▄▄▄▀▄▀ ▄▄█▀▀▀▄ ▄   ▄▄█▄█▄▄ ▄ █ ▀ ███   ▄    █▄█
█ █▄▄▄█ █ ▄▀▀▀ ▀▄ ▀█▄█▀▄▀██▄ ▀▀██▄█▀▀▄█▀▀▄█ ▄▄▄█▄▄▀▄▀▀▀▀███
█▄▄▄▄▄▄▄█▄▄██▄█▄█▄▄▄█▄██▄██████▄▄▄▄▄█▄█████▄▄██▄█▄█████▄▄██

[2026-07-20T18:22:48.396Z] [INFO] Scan this QR code with WhatsApp to authenticate:
▄▄▄▄▄▄▄▄▄▄▄▄▄▄▄▄▄▄▄▄▄▄▄▄▄▄▄▄▄▄▄▄▄▄▄▄▄▄▄▄▄▄▄▄▄▄▄▄▄▄▄▄▄▄▄▄▄▄▄
█ ▄▄▄▄▄ █▀█▀ ▄██  ▀█▀▄ █   ▄  ▄ ▄▄ ▄▀  ▄█▄  ▄▄█▄ ██ ▄▄▄▄▄ █
█ █   █ █▄▄▀▄▄ ███▀█ ▄██▄▄████▀▀▄█▀▀▀█▄██▄▀▄█▄▀▄ ██ █   █ █
█ █▄▄▄█ █  ▀  ▀▀██ █▀██▄▀▄  ▄▄▄ ▀ █▀▄██▄▀▄▄ █▀ ▀▄██ █▄▄▄█ █
█▄▄▄▄▄▄▄█ ▀ █▄█▄▀ █▄▀ ▀ ▀▄█ █▄█ ▀▄█▄█ █ █▄▀▄▀ ▀ █ █▄▄▄▄▄▄▄█
█▄ █▄██▄ ▀█▄█▀█▀▄▄  ██  ▄▄ ▄ ▄▄▄██ ▄▄▄ █  ▀▄ █ █▄██▄ ▄▀▄ ▀█
██   ▀█▄█  ▄▀▀▀███▀▄▄▄  ███▀▀█ ▀ ▄█▄▀██▀  ██▄█▄▄ ▄█▀▄▀▀█▀▄█
█▀▄▀█▀ ▄▀█████▄██▀█▄▄█ ▀█▄ ▄▄▄█▀▄▄█ ▄▄ █▄▄██▄ █▀█▄ ▄▄▄█  ▀█
█▄▀█▀█ ▄▄▄█   ██ ▄█▀█▄▀  ▀ █ ▄▄▄▄▀▀▀▀█  ▀▄▄█▄▀██▀█▀  ████▀█
█▄▀█▄█▀▄██▀█▄▄█▄▄▄▄▄▄ ▄█▄█▀█  ██ ▄ ▄ ▄▄▀▄█▀█▄ ▄█ █▀▀ ▀▄ ▀▀█
█ █▄ ▄▀▄▀    █▀▄ ▀▄▄▄▀█▀ ▄▄▄▄▀▀█▄▄ ▀ ▀ █▀ ▄█████▄▄ ██▄ ▄ ▄█
██▄▀▀▀█▄████▄▄███ ▀▄ █  ▄ ▄ ▄ ▄█ ▀▄██▄██ ▄▄▄▄██▄▀██▄█ ▀█▄▀█
█▄▄▀▀ ▀▄▄▄  ▄▄ ██ ▀▀▀ ██▀▀▄██ ▄▄▀ █▀▀█▄   ▄▀█ ▀▄█▄ ██▄ █▄▄█
█  ▄██▀▄█ ▄ ▄▄▄▄█▀  ██ ▄███ ▀▄▄█▄▀▀ ▄ ██▄  █  █▀▄▄▀▄▄  █▄▀█
█▄▀ █ ▄▄▄ ▄▀▀ ██ █▀▀▄▀█▄▀█▀ ▄▄▄ ▄ ▄▀ ▀▄▄█ ▀█▀▄ ▄█ ▄▄▄ ▄▄ ▀█
█ ▄▄▄ █▄█ ▀▄▀▀▀ █▄▄██ ██▀█▄ █▄█ ▀ ▄█▄▄▄▀██▀█▀ ▄█  █▄█ ▄▀▀▄█
███ █  ▄ ▄▀▄█▄ █ ▀██▀█▀▀▄█▄▄▄  ▄  ▄▄▀▄██▄█ ▄▄██ █    ▄▄▄█▄█
██▀▄▄▀ ▄    ▀▀▄█ ██▄██▄▄█▄▀▀▄█▄▄▄█ ▄▀ ▄█  █▄▄███ ▀█▀██ ▀▄██
███▀▀▀ ▄█▄█▄▀ ▄▀▄▄█▀█▀█▄▄█ █▄▄▀▄▀ ▀ ▀▄▄  █▀▄█   ▀██▄▀█ ▄█ █
█▄ ▀▀▀ ▄█▀ █▀▄      ▀    ▄▄▄  ▄▀▄ █ ▄  █  ██ ▄▄ ▀▄ ▄▄▀ ▀▄ █
██▄▄▄▀▄▄▄ ▀▀▀██  ▄▄ █ █▄▀▄   ▄█▄██ █▀ █▄▀▄▄█  ▄▄██ ▀▀▄▄▄ ▄█
█  ▀▀█ ▄▀ ▀▀ ▄▀▄ ▄▄▄▀▀ ▀▀▄ ▄███ ▄  █ ▄▄▀ ▀ █▀ ▄██▀▀▄██▀▄▄▄█
█▄█  ▀ ▄▄▄█▀█ ▄█▀▀█▄ █ █ ██ ▄ ▄▄▀ █ ██▀▀▀▄▄▄█▄▄▀█  ▄█  ▄▀ █
█▀▄ ▀ █▄▄▄▀▄▄█▄▀██▄▄▄█ █▀█▀ ▄▄▀█▀█▄▄█▄▄█▄▄▄█▄▀▄▄   ▀██▄████
█ ▀ ▀▀▄▄██ ▀██▄ ▄█▄▄▄▄█▀██ █▀█▄ █ █  ▄ ▄▄▀▄▄▄█▀▀▀ █▄▀▀ ▄▀ █
███████▄▄ █▄  ▄ ▄▀ ▄▀▄  ██▄ ▄▄▄ ▄▄█ ▄  ▄▄ ▄▄▀▄█▀█ ▄▄▄ ▀▀▀██
█ ▄▄▄▄▄ █▄█  █▀ ▄█▄▀▄▄█  ▄  █▄█ ▄███▄ ▀█▄▀▄ ▀█▀ █ █▄█ ▄█▄██
█ █   █ █▀▄█ ▀▄██▀  ▀  ▀▀ █     █ ██▄▄█▀▀█ █▀▄▄█▀ ▄ ▄     █
█ █▄▄▄█ █▀▄▀█   ██ ▄▄▄ ▀█▀██  █▀▄▄▄▄ ██▄██▀▄▀ █ ▀▄▀█▄▄▀▄█▄█
█▄▄▄▄▄▄▄█▄▄▄▄██▄█▄█▄█▄▄▄█████▄▄▄▄▄███▄▄▄▄▄▄█▄█▄██▄██████▄██

[2026-07-20T18:23:48.251Z] [INFO] Scan this QR code with WhatsApp to authenticate:
▄▄▄▄▄▄▄▄▄▄▄▄▄▄▄▄▄▄▄▄▄▄▄▄▄▄▄▄▄▄▄▄▄▄▄▄▄▄▄▄▄▄▄▄▄▄▄▄▄▄▄▄▄▄▄▄▄▄▄
█ ▄▄▄▄▄ █▀█▀ ▄█▄▄▄▀▄ ▄ █▀▄ ▄  ▄ ▄▄▄ █▄▀ ▀▀▄▄███▄ ██ ▄▄▄▄▄ █
█ █   █ █▄▄▀ ▄ ██▄▀█▀███▄█████▀▀█▄▀▀█▄▄███▀▄▄█▀▄ ██ █   █ █
█ █▄▄▄█ █ ▄█▄█▀▀██ █▀██▄▀▄  ▄▄▄ █▀█▀█ █▄ ▄▄ ▄  ▀▄██ █▄▄▄█ █
█▄▄▄▄▄▄▄█ █▄▀▄█▄▀ █▄▀ ▀ ▀▄█ █▄█ ▀▄█▄█ █ █▄▀▄▀ ▀ █ █▄▄▄▄▄▄▄█
█▄ █▄██▄ █  ▄▄█▀▄▄  ██  ▄▄   ▄▄▄██ ▄▄▄ █  ▀▄ █ █▄▄█▄▄ ▀▄ ▀█
██    █▄▄ █ █▀▀███▀▄▄▄  ███ ▀▀ ▀ ▄▀▄▀█▀█  ██▄█ ▄█ █ ▀█▀█▀▄█
█▀▄ ▄▀ ▄▄  ███▄██▀█▄▄█ ▀█▄▀▄▄▄█▀▄▄▄▀▄▄ █▄▄▄▄▄ █▀▄▄ ▄▄▄▀  ▀█
█▄█▄▄█ ▄▄▄█   ██ ▄█ █▄▄  ▀ █▀█ ▄▄▀▀█▀█ ▀█▄ ▀▄▀ ▀  ▀  ▄█▄█▀█
█ ▀▀ █▀▄██▀█▄▄█▄██▀ █▀ █▀█▀█   ▄ ▄ █▄   ▄████ █▄ █▀▀ ▀█▀█▀█
█   █ █▄▀    █▀▄ █▄▄ ██▀▀ ▄▄▄▀ █   ▀▄ ▀█▄█▄██▄▄▄▄▄▄▀█▄ ▄▄ █
█▄▀▀▀█ ▄████▀▀███ ▀▄ █  ▄ ▄ ▄ ▄█ █▄█▄ ██▄ ▄▄▄██▄▀█▄▄█ ▀██▀█
█▄▄▀▀  ▄▄ ▀▄▄▀▄▄█ ▀▀▀ ██▀▀▄██ ▄▄  █▀▀▄▄   ▄▀█ ▀▄█▄▄▀█  █▄▄█
█  ▄█▄▀▄ ▄ ▄▀█▄▀█▀  ██ ▄███ ▀▄▄█▄▀▀ ▄ ██▄  █  █▀▄█ ▄█▄ █▄▀█
█▄▀ █ ▄▄▄  ▄ ▀▀  █▀▀▄▀█▄▀█  ▄▄▄ ▄ ▄▀ ▀ ▄█ ▀█▀▄▄▄  ▄▄▄ ▄▄ ▀█
█ ▄██ █▄█ ▀█▀▀▄██▄▄██ ██▀█▄ █▄█ ▀ ▄█▄▄▀ ██ ▄▀  ▄▀ █▄█ ▄▀▀▄█
█▄▀▀▄ ▄▄  ▀▄█▄ █ ▀  ▀██▄▄██▄▄  ▄  ▄█▀▄ ▀ ▀▄█▄▀ ▀▀   ▄ ▄▄█▄█
█▄▀▀█▀ ▄█▄  ▀▀▄██▄▀▄██  ▀█▀▀▀█▄▄▄█ ▄▀ ▄▄▄ █▄ █▄▄▄▄█▀▄▄▀▀▄▀█
█▄█▀▄▀ ▄███▄▀ ▄▀███▀ ▄█▄ █ █▀█▀▄█▄▀ ▀▄▄▀▀▄ █▀  ▀▀██▄██ ▄█▄█
█ █▀▀▀ ▄█▀ ███      ▀    ▄▄▄  ▀▄  █ ▄  █▄▄██ ▄▄ ▀▄ ▄▄▀ ▀▄ █
██▄▄▄▀▄▄▄  ▀█▀▄▀ ▄▄ █ █▄▀▄   ▄▄ ▄█ █▀ █▄ ▄▄█▀▀▄▄██ ▀▀▄▄▄ ▄█
█  ▀▀ █▄▀ ▀█▄ █▄ ▄▄▄▀▀ ▀▀▄ ▄███ ▄  █ ▄▄▀ ▀ █▀ ▄██▀▀▄██▀▄▄▄█
█▄█  ▄█▄▄▄█  █  ▀▀█▄ █ █ ██ ▄ ▄▄▀ █ ██▀█▀▄ ▄█▄▄▀█▀▄▄█ █▄▀ █
█▀▄▄ ▀█▄█▀▀▄▄█ ▀██▄▄▄█ █▀█▀▄▄▄▀█▀█▄▄█▄ ▄▄▄██▄▀██   █ █▄▄███
█ ▀ ▀▀▄▄ █ ▀██▄ ▄█▄▀▄▄  ██▀█▀█▄ █ █▀  █▀ ▀█ ▄█ ▄▄▀▀ ██ ▄▀ █
███████▄█ █▄  ▄ ▄    ▄▄ ▄█▄ ▄▄▄ ▄▄█ ▀▄ ██▄███ ▄ █ ▄▄▄  ▀▀██
█ ▄▄▄▄▄ █▄█  █▀   ▄▀▀▀█  █  █▄█ ▄▀██ ▀ ▄█ █▀▀▀▀ █ █▄█ ▄█▄██
█ █   █ █▀▄███▄██▀  ▀  ▀▀ █ ▄   ▀▄██ ▄█▀▄▀ █▀▄▄█▀ ▄     ▀▀█
█ █▄▄▄█ █▀▄▄  ▀▀██ ▄▄▄ ▀█▀██  █▀▄▄▄▄▀██▄▄█▀▄▀ █ ▀▄▀█▄▄▀▄█▄█
█▄▄▄▄▄▄▄█▄████▄██▄█▄█▄▄▄████▄▄▄▄▄▄███▄▄▄▄▄▄█▄█▄██▄██▄▄██▄██

[2026-07-20T18:24:08.261Z] [INFO] Scan this QR code with WhatsApp to authenticate:
▄▄▄▄▄▄▄▄▄▄▄▄▄▄▄▄▄▄▄▄▄▄▄▄▄▄▄▄▄▄▄▄▄▄▄▄▄▄▄▄▄▄▄▄▄▄▄▄▄▄▄▄▄▄▄▄▄▄▄
█ ▄▄▄▄▄ █ ▀▄▄    ▀█▀█ ▄ █▄█ ▄█ ▄▀ ▀▀▄▄▀ ▀▄▄ █▀▀▄ ██ ▄▄▄▄▄ █
█ █   █ █ ██ ▀▄██ ▀▄██▄▀▄█▀█▄▀▀ ▀▄ █▄▄ ██▀▀█ █ ▄ ██ █   █ █
█ █▄▄▄█ █▀ █  ▀▀▀█ ▀▀█▀▄▀   ▄▄▄  ▀▀▀▀██▄█▄▄▄▀ ▄▀▄██ █▄▄▄█ █
█▄▄▄▄▄▄▄█▄▀ ▀▄█▄▀ █▄▀ ▀ ▀▄█ █▄█ ▀▄█▄█ █ █▄▀▄▀ ▀ █ █▄▄▄▄▄▄▄█
█  ▀▀  ▄▀▀█ ▄▄▄▄ ██▄▄ ▄▀▀ ▀ ▄▄  ▄ ▄█▀ ▀ ▄▀▄ ▀ ▄▄ ▀█▀▄▀▄  ▄█
█▄██▀▄▀▄█▀█   ▄ ▄ ▄█▀▀▀█ ▄ ▄▄▄█ █▀ █▄▄▄▄▀█  ▀ ██ ▄▀█ ▀▄▄▄▀█
██▀▀▄▄▄▄ ▄▄▄▀▀▀▀▀▄▀ ▀▀▄▄▀ ▄▀▀█▀█▀  █  █  ▀█ ▀▄▀▄▀ █  ▀▀ ███
█▄▄ █▀ ▄▀█▄▄ ▀▀█▀ ▄█▀▄█▄  ▄█▀ ▄█ ▀ ▄█  ▄▄ █▄ █▄ ▀▀█ ▀ █▄▀▀█
█▀▄▀██▀▄████▄ █▄▀█▀▄▀▀▀▀ ▀▀█▄    ▄██ ▄▀  ▀▀▀▀  █ ▀▀▀▄▀███▀█
█ ▀█ ▄▄▄▀▀▀ ▀▄▀█▄▀██▀▄▄▀█▄▄██▀ █ █▀▀ ▄▀▄ ▄██▄█▄███▄▄▄▄▀█▄██
██▀▄█▄ ▄▄ ▀▄▀ ▄ ▀▀▄ ▀ ▄▀▀▄██ ▀▀▀█  ▄ ▄▄  █▀ █▄▀█▄▀█ ▀▀▄▀▄▄█
██▀▄ █▄▄▀█▀▄█▀█▀▄█▄ ▄█▄ ▄ ▀ ▄█▀█▄▄▄▄▄▄▀█ ▄▀ ▀█ ▀ █▄▀▄██▄▀▀█
█▄█ ▀▀▄▄▀▀  █ ▄▄▀▄▄▄ ▀▄▀▀▀▄▄█▀ ▀▀███ ▄ ▀ █▄▀█▄▀▄▀ ▄▀▄▀▄▀▀██
███ ▄ ▄▄▄   ██▀▀▀▀▀  ▀▄ ▀▄▀ ▄▄▄   ██  ▄▄▄▄█▄█▄█ █ ▄▄▄ ▄█▄▀█
█▄▄▀▄ █▄█ █▄▀█▄█▀▄▄▀█ ▀█▀▀▄ █▄█ ▀ ██▄   ▀█ ▀▀ ▀█▀ █▄█ █ ▀▄█
██▄█▄  ▄   ▄▄█ ▄▀▀▀█▀▄▄▀█▄▄▄▄  ▄ ▀██ █▄ ▀█▄▄  ▄█▄ ▄▄▄ ▄▄███
█▄▀ ▀ █▄▄▀▄▀▄██ ▀▄▀▄▄ █▀▀  ▄▀▄▀ █ ▄█ ▄▀▀ █  ▀▄ ██ ▄▄▄▄▄▄█ █
█ ▄█▀▄█▄▀ ▄▀▄▀▀▄ █  ██▄▀ ▄█ ▄▀▄█▄█ █ ▄ ▄█▄▄█▄█▀██▄ ▀  ██ ██
██▄██▄▄▄ █▄ █▄█▄▄█▄▄▄▄▄█▄ ▀ ▄█▄▀█ ▀█▄▄█▀▄▀▀▀▀  ██ █  ▄▄█ ▄█
█▄ ▄██▄▄    █  ▄▀ ▄▀▀ ▄ ▀█▄ ▀ ▀█▀█▀▀▀▀▀▄ ▀▄▄▄▀█ █▄▄▀  ▄█▄▄█
█▄ ▀█▄▀▄▀   █  █▄▄▄ ▀▀▄▀▀  ▄▀██▄▄ ▄█  ▄▀▄▀ ▀▀  ████ ▀██▄▄▄█
███▀▀ █▄▄█▄ ▀ ▀█ ▀▄█ ▄▀█▀▄▀▀█ ██▀▀  ▄▄▀▄ ▄▀▀███▀▄▀▄▀▄ ▄▄▀▀█
███▀█▀▄▄▀ █▄▀▀ ▀▀▄▀ █ ▄▄▄▀▀█ █▄▀   ▄  █▀ █▀▀█▄▀██ ▀▀▀▄ ▀▄ █
█ ▀ ▀▀▄▄▄▀▀▄ ▄▀██  █▀▀██ ▄█   ▀▀ ███▀██▀█▄█▀█▄▄▀█ ▀▀▄ █▄▄██
███████▄▄▀▀▀▄▄▀▄ █▄▄█▀▄▀▄▀▀ ▄▄▄ ▀ ▀█ ▄▄  █ ▀▀ ▀██ ▄▄▄ ▄▄▄▀█
█ ▄▄▄▄▄ █▀▄▄ ▄█ ▄▄▄   ▄▄  ▄ █▄█ ▄█▄▀▀▀█▄██▄▀█  █▀ █▄█ ▄▄▄██
█ █   █ █▄ █▀█▄█▀▀ ▄▀ ▄▀▀▄█    ▄▀▄▀█  █▀ █ ▀█▄ █ ▄▄  ▄ ▄▀▀█
█ █▄▄▄█ █▀█▀▀█ █▄█▀█▄█▀▀▄ █▄ ▄▄ █▄█▄▀███▄█ █  ▄  █▀▄▀▄ ████
█▄▄▄▄▄▄▄█▄▄███▄▄██▄▄▄█▄█▄█▄▄▄██▄███▄▄▄██▄████▄▄▄▄▄▄▄██▄██▄█

[2026-07-20T18:24:28.265Z] [INFO] Scan this QR code with WhatsApp to authenticate:
▄▄▄▄▄▄▄▄▄▄▄▄▄▄▄▄▄▄▄▄▄▄▄▄▄▄▄▄▄▄▄▄▄▄▄▄▄▄▄▄▄▄▄▄▄▄▄▄▄▄▄▄▄▄▄▄▄▄▄
█ ▄▄▄▄▄ █▄ ▄ ▄▄  ▀▀█▀██ █▄ ▀██▄ ▄▀█▀▀▀ ▀██▄▄▄▀ ▄ ██ ▄▄▄▄▄ █
█ █   █ █ ▄▀▀▀███▄▄ ▄███ ▀ ███▄▄ ▄▀▀▀▀▀█▄█▄▀█▄▀▄ ██ █   █ █
█ █▄▄▄█ █▄ ▀ █ █▀▀▀▄ ▀▀  █▀ ▄▄▄ ▄▀▀█▀▄▄ ███▀█▄▄▀▄██ █▄▄▄█ █
█▄▄▄▄▄▄▄█▄▀ ▀▄█ █▄█▄▀▄█▄▀▄█ █▄█ ▀ ▀ █ █▄▀ ▀▄▀▄█▄█ █▄▄▄▄▄▄▄█
█ ▄▄▄██▄▀  ▄█▄ ▀▄▄██ █  ▀▀█▄ ▄   █ ▄▀▀██  ▄▀██ █  ▄██ ▄ █ █
█▄▀▄▄▄█▄ ▀▄▄ █ ▀▀▀ ██ ▄▄▄▄▄███▀ ▀ ▀  ▄▄█▄▄▄ █▀▄ █▀▄█▀█ ▄  █
█▀▄ ▀▄ ▄▄▄▀ ██▄  ▄█▄▄ █▄█▄▀ █▀█▀▄▀▄█▄▄▀ ▀▀█▄▄█ █▄█ ▀▀█▀  ▄█
█ ▄█▄██▄▀▄█ ██ █ ▄ ▄ ▄▀██▄██▀█▀█▀▀▄▀▄▄█ ▀ ▄█▀▀█▄ ▄▄ ▀▄▄▀ ▀█
██▀▀▄▀ ▄▄▀█▀██▄ ▀▀███▄▄▀ ▄ ▀▄▄ ▄▀ ▄ ▀▀██▄███▄▄  ▀▄ █▄██ ▄▀█
██  ██▀▄▀███ █▀▀▄ ▄▄ ▄ ▄█▀▄▀▀▄ █▄▀█▄▄▀▀ ▄ ▄█ ▀▀ ▄▄▄  ▀ ▄▀██
█▄▄▀▀▄▄▄ ███▀▄ ██ ▄▀██  ▀█▀ ▄ ▀ ▀▀▄█▀▀ █ ▄▀▀▀██▄▄ ▀██ ▄  ▀█
█████▀█▄▀▄█ ▄  ▄▀▄   ▄▀▀  █▀▀▄██▀▄▀█ ██▄█▄█ █▄█ ▄█  ▀ ▀▄█ █
█  ▀  █▄ ▀ ██ █▄ ▄  █ █▀███▀▄▀▄█▄▄▄█▄ █ ▀█ █ █ ▄█▄▀▀▀█ █▄▄█
█▀▄ █ ▄▄▄ █▄▀█▀▀ █▄▄▀▀█▄▄ █ ▄▄▄ ▀  ██▄█▄█ ▄▄▄▄▄▄  ▄▄▄ ▀▀█▀█
█▀█ ▀ █▄█ ▀   █▀▀ █▄▄▄▀▀ ▄▀ █▄█  ▄ ▀████▀▀▀█ ▄▀▀█ █▄█ ▄█  █
█▀▄█▄▄ ▄▄▄▄▀█▄  █▄█▄▀ ▀ ▄█▄▄ ▄ ▄ █▀▀▀ ▀█▀   ▄ ▄██ ▄    ██▀█
██▄▀▄▀█▄▄█  ▄▄▀███▄▀ █▄▄▀▀▄▀██▀▀▀█ ▄▀▀█▄▄▄▀▀▀███▀▄ ▀▄▄▄▄▀██
█▄▄█▄█▀▄██▀  ▀██ ▀▄ ▀█▀ █▀▀▀▄█ █▄▄█▄▄ ▄█▄█▀██▄██ ▄▄  ▄▀█▄ █
██ ▄▄▄ ▄█▄█ ▀  ███  ▀███ ▄▄▀██ ▄▄█ █ ▄  ████▄█▀█▀▄ ▀▀▄ ▀█▄█
█ ▀▄▄▀▀▄▀  ▀▀▀ ▀ ▄▀█  █▄▄▀█  ▄██ █ █▄█ ▄ ▄▀ ▄▀▄▄  █▀▀▄▀▀█▄█
█▀▀██ █▄ ▄▀▄▄▄ ▄▄ ██ █▄█ █▀ ▀▀▄▀█▄▄▀▀███▄█▀▄ ▄ ▀▄ ▀█▀▀ ▀█ █
█▄███▄█▄▄▀   █▀█▄▄█▄  █  ███▀█▄▄▀█ ███▀▄▄▀  █▀█▄█▀ █ █▄▄▀██
█▄▀▄█ █▄ ▀▄ ▀ ▄▀██▀▀▀█ █▄ ▄▀▄▄▄ ▄█▄▄ ▀ █▄▄▀ ▀▀▄█▀▀▄▀██ ▀ ██
█ ▀ ▀▀▄▄ █▄█▄▄█▄ ▀▀▄█ █▄▄▄ ▀█▀█▀▄▄▀█▀█▄▄ ▀ ▄█▀█▄▀  ▄█▀▄█ ▄█
███████▄▄▀ ▀  ▄█▀█▄  ▀██ █▄ ▄▄▄ ▄▀ █▄▄▀ ▀▀█▄▀▀▀██ ▄▄▄  ▀█▄█
█ ▄▄▄▄▄ ███ █ ▄ ▀▀▀▄▄▄█ ▀▀█ █▄█ ▀████████▄▀▄▀█▀▀█ █▄█ ▀ ▄██
█ █   █ █▀ ▀█▀█▀▀█▀▀ ▄▄█ ▀▄▄      ▀▀█▀▄█ ▀▀▄▄▄ ▀  ▄▄▄▄▀▀▀▄█
█ █▄▄▄█ █ █▄█      ▄▄▀█▄█▀█ ▀▀█▀█ ▀▀▀██▀▀ ▀▄ ▄ █▀▄▀ █▀▀▄█▀█
█▄▄▄▄▄▄▄█▄█▄▄▄▄▄█▄▄█▄▄▄▄▄▄▄██████▄██▄██▄▄▄█▄██▄█▄█▄██▄▄▄███

[2026-07-20T18:24:48.277Z] [INFO] Scan this QR code with WhatsApp to authenticate:
▄▄▄▄▄▄▄▄▄▄▄▄▄▄▄▄▄▄▄▄▄▄▄▄▄▄▄▄▄▄▄▄▄▄▄▄▄▄▄▄▄▄▄▄▄▄▄▄▄▄▄▄▄▄▄▄▄▄▄
█ ▄▄▄▄▄ █▄ ▄ ▄█ ▀▀ █ ██ █▄ ▀██▄ ▄▀▀█▄▄▄▀█▀▄ █  ▄ ██ ▄▄▄▄▄ █
█ █   █ █ ▄▀▀▀███▄▄ █▄██▀▀ ███▄▄ ▄▀▀ ▀▀█▀█▄▀▀█▀▄ ██ █   █ █
█ █▄▄▄█ █▄ ▀█  █▀▀▀▄ ▀▀  █▀ ▄▄▄ ▄▀▀█▀█▄ ▄██▀██▄▀▄██ █▄▄▄█ █
█▄▄▄▄▄▄▄█▄▀▄▀ █ █▄█▄▀▄█▄▀▄█ █▄█ ▀ ▀ █ █▄▀ ▀▄▀▄█▄█ █▄▄▄▄▄▄▄█
█ ▄▄▄▀█▄█▄▄▀ ▀ ▀▄▄██ █  ▀▀█  ▄   █ ▄▀▀██  ▄▀██ █▀▀ █▀▄▄ █ █
█▄▀▄▄█▄▄█ ▀▀▄▄ ▀▀▀ ██ ▄▄▄▄▄██▀▀ ▀ █  ▄▄▀▄▄▄ █▀  ▀█▄▄▀▄ ▄  █
█▀▄█ ▄ ▄▄▀█ ██▄  ▄█▄▄ █▄█▄▀▀█▀█▀▄▀▄▄▄▄  ▀▀▄▄▄█ █▄▄ ▀▀▀█▄ ▄█
██▀  ██▄ ██ ██ █ ▄▄█ ▄███▄██ ▄█▀▀▀▄█ ▄▀██ ▄▀███ █▀▄  ██  ▀█
██ ▀ ▀ ▄▄▀█▀██▄   ▀▀█▄ █▀▄ ▀▄▄ ▄▀ ▄▀▄▀ █▀▀▀▄   ▀▀▄ █▄█▄  ██
█ ▀▀█▀█▄▀███ █▀▀▀ ▄▄▀█ ▄▄█▄▀▀▄ █▄██▄▀▀   █▄█▄█  ▄▄   ▀ ▄ ▀█
█▀█▀▀ ▄▄ ███▀▄ ██ ▄▀██  ▀█▀ ▄ ▀ ▄█▄█ ▀ █▄▄▀▀▀▀█▄▄ ▀▄█ ▄ ▀▀█
█████▀▀▄█ ▀█▄█▀█▀▄   ▄▀▀  █▀▀▄██ ▄▀█▀██▄███ ▄▄█ ▄██▄▀ ▀▄█ █
█  ▀  ▀▄ ▄█▀     ▄  █ █▀███▀▄▀▄█▄▄▄█▄ █ ▀█ █ █ ▄█▄  ▀█ █▄▄█
█▀▄ █ ▄▄▄   ██▄█ █▄▄▀▀█▄▄   ▄▄▄ ▀ ▄██▄▀▄█ ▄▄▄▄  ▀ ▄▄▄ ▀▀█▀█
█▀█▀  █▄█ ▄▄  ▄ ▀ █▄▄▄▀▀ ▄▀ █▄█  ▄ ▀██▄▄▀▀ █ ▄▀▀▄ █▄█ ▀▀  █
██ ▀  ▄▄▄ ▄▀█▄  █▄  ▀ ▀▀▄█▄▄ ▄ ▄ █▀ █▄█ █ █▄ ▄▀   ▄  ▄▄██▀█
█▀▄▄▀▀█▄▀█  ▄▄▀███▄█ ▄▄ ▄ ▄▀▄▄▀▀▀█ ▄ █▀█▄▄  ▀▀██▀▀ ▀▀██▄▀▀█
█ ▀▄██▀▄▄▄▀  ▀██▄█▄ ▀▄▀ █▄▀▀▄  █ ▄█▄▄▀▄▄▀▀ ██ █▄ ▄▄ ▄ ▀█▀▄█
█▀ ▄▄▄ ▄█▄█    ███  ▀███ ▄▄▀██▀▀ █ █▄   ████▀▀▀█▀▄ ▀▀▄ ▀▄██
█ ▀▄▄▀▀▄▀ ▀███▄  ▄▀█  █▄▄▀█  ▄▄▀ █ ███ ▄ ▄▀ █▀▄▄  █▀▀▄▀▀█▄█
█▀▀██▄ ▄ ▄▄▄▀▄ ▀▄ ██ █▄█ █▀ ▀▀▄▀█▄▄▀▀███▄█▀▄ ▄ ▀▄  ▀▀▀ ██ █
█▄███▀█▄▄▀▄██▀ ▄▄▄█▄  █  ███▀█▄▄▀█▄▀███ ▄▀  █▀▀▄█▀▄▀ ██▄▀██
█▄▀ █▀█▄ ▄▀▀▀ █▀██▀▀▀█ █▄ ▄▄▄▄▄ ▄██▄ ▀█▄▄▄▀ ▀▀▄▄▀▄ ▀▄▄▀▀ ██
█ ▀ ▀▀▄▄██▄█▄▄█▄ ▀▄▀█ ██▄▄  █▀█▀▄▄▀█▀▀ █ █▄▀█▀▀▀▄  ▄▄▄▄▄ ▄█
███████▄▄  ▀  ▄██▄▄▄ ▀ ▀▄█▄ ▄▄▄ ▄▀ ██ ▀▀▀▀██▄█▀██ ▄▄▄ ▀▀█ █
█ ▄▄▄▄▄ ███ █ ▄ █▄▀▄ ▄█ ▄▀█ █▄█ ▀▀██▄█▄█ ▄▀▄▀█ ▀▀ █▄█ ▀ ▀▀█
█ █   █ █▀ ▀███▀▀█▀▀ ▄▄█ ▀▄▄ ▄  █ ▀▀▀▀▄█▄▀▀▄▄  ▀  ▄▄ ▄▀▀ ▄█
█ █▄▄▄█ █   ▄▄     ▄▄▀█▄█▀█ ▀██▀▄ ▀▀ ▄█▀  ▀▄ █ █▀▄▀ ▄▀▀▄█▀█
█▄▄▄▄▄▄▄█▄██▄██▄█▄▄█▄▄▄▄▄▄▄█▄▄███▄██▄██▄▄▄█▄██▄█▄█▄██▄▄▄███

[2026-07-20T18:25:08.278Z] [INFO] Scan this QR code with WhatsApp to authenticate:
▄▄▄▄▄▄▄▄▄▄▄▄▄▄▄▄▄▄▄▄▄▄▄▄▄▄▄▄▄▄▄▄▄▄▄▄▄▄▄▄▄▄▄▄▄▄▄▄▄▄▄▄▄▄▄▄▄▄▄
█ ▄▄▄▄▄ █▀█▀ ▄▄█▀ ▀█▄  █ ▄ ▄  ▄ ▄▄ ▄ ▀  ▀█▄▄▀▄█▄ ██ ▄▄▄▄▄ █
█ █   █ █▄▄▀▄  ███▀█▀███▄█████▀▀▄▄▀▀▀█▄█ █▀▄▄▄▀▄ ██ █   █ █
█ █▄▄▄█ █  ▀ ▀▀▀██ █▀██▄▀▄  ▄▄▄ █ █▀▀▄█▄▀▀▄  █ ▀▄██ █▄▄▄█ █
█▄▄▄▄▄▄▄█ ▀▄█▄█▄▀ █▄▀ ▀ ▀▄█ █▄█ ▀▄█▄█ █ █▄▀▄▀ ▀ █ █▄▄▄▄▄▄▄█
█▄ █▄▀▀▄▄██▄█ █▀▄▄  ██  ▄▄▄▄ ▄▄▄██ ▄▄▄ █  ▀▄ █ ████▄▄ ▀▄ ▀█
██    ▄▄▄ ▄▀▀▄▀███▀▄▄▄  ███ ▀█ ▀ ▄▀▄▀█▀█  ▀█▄█▄  ▄█▀▀▀▀█▀▄█
█▀▄▀█▀ ▄█▄████▄██▀█▄▄█ ▀█▄▀█ ▄█▀▄▄▄ ▄▄▄▄▄▄██▄ █ █▄ ▄▄ ▀▄ ▀█
█▀█▀██ ▄███   ██ ▄█▀█▄██ ▀ █▀█  ▄▀█▀▀▀█▄█▄ ▄▄█ ▄▄▄▀ ▀▄▄██▀█
██▀▀██▀▄██▀█▄▄█▄██▄▄▄▀▄█▀█▀█  █▄ ▄ ▄▀ ▄▀ ▀█▄▀▄ ▄ █▀▀ ▀█ ███
█▀▄▀█ █▄▀    █▀▄▀▄▄▄▄██▀▀ ▄▄▄▀ █   ▀▄  █▄█▄█  ▄█▄▄ ▀█▄ ▄▀▄█
███▀▀█ ▄████  ███ ▀▄ █  ▄ ▄ ▄ ▄█▄█▄█▄ ██  ▄▄ ▀█▄▀█▄▄█ ▀██▀█
█▄▄▀▀ ▀▄ ▄▀█ █▀ █ ▀▀▀ ██▀▀▄██ ▄▄▀ █▀▀█▄ ▀ ▄▀▄▀▀▄█▄ ██  █▄▄█
█  ▄█ ▄▄▀█▀▀█▄▄▀█▀  ██ ▄██▀▄▀▄▄█▄▀▀ ▄ ██▄  █  █▀█▄ ▄▄▄ █▄▀█
█▄▀ █ ▄▄▄ ▄  █ █ █▀▀▄▀█▄▀█▀ ▄▄▄ ▄ ▄▀ ▀  █ ▀▀▀▄ ▄  ▄▄▄ ▄▄ ▀█
█ ▄▀█ █▄█ ▀▄▀▀▀ █▄▄██ ██▀█▄ █▄█ ▀  █▄▄█▀██▀█▀ ██▀ █▄█ █▀▀▄█
█████ ▄▄▄ ▀▄█▄ █ ▀▀ ▀█▀▀▄██▄▄  ▄  ▄██▄▄▀ ▀█▄ ▀█▀  ▄ ▄ ▄██▄█
█▀▄ █▀ ▄▀▀  ▀▀▄██▄▄ ▄▄  ▀█▀▀▄▄▄▄▄█ ▄▀▄▄█  █▄████▄██▀██▀▀ ██
█ ▀▀█▀ ▄█▀█▄▀ ▄▀▀▀█▀█ █▄█▀ █▄▄▀▄█ ▀ ▄ █▀█  ▄█ ▀ ▀██▄ ▄ ▄▀ █
█▄▀▀▀▀ ▄█▀ █▀▄      ▀    ▄▄▄      █ █  █▄ ██  ▄ ▀▄ ▄▄▀ ▀▄ █
██▄▄▄▀▄▄▄ █▀▄█ █ ▄▄ █ █▄▀▄   ▄▀ ▄▄ █▀▀█▄ ▄▄█▀ ▄▄██ ▀▀▄▄▄ ▄█
█  ▀▀█▀▄▀     ██ ▄▄▄▀▀ ▀▀▄ ▄███ ▄  █ ▄▄▀ ▀ █▀ ▄██▀▄▄███ ▄▄█
█▄█  ▄ ▄▄▄█▄█ ▀▀▀▀█▄ █ █ █▀ ▄ ▄▄▀ ▀ ███▀▀▄ ▄█▄▄██ ▄ █ ▀▄▀ █
█▀▄▄▄ ▄▄▄██▄▄█ ███▄▄▄█ █▀█ ▄▄▄▀█▀██▄█▄█▄▄▄██▄▀▀█   ▀▄██████
█ ▀ ▀▀▄▄▄▀ ▀██▄ ▄█ ▄▄▄█ ██ █▀█▄ █ █    █ ▀██▄█▄▄▀██▄██ ▄▀ █
███████▄█ █▄  ▄  ▀  ▀█  ▄▄▄ ▄▄▄ ▄▄█ ▀ ▀█▄▄█▄▀▄█▀█ ▄▄▄   ▀██
█ ▄▄▄▄▄ █▄█  █▀ ▄▄▄▀  █ ██  █▄█  ▀██▀  ▄ ▄█   ▀▀▀ █▄█ ▄█▄██
█ █   █ █▀▄█ ▀▄██▀  ▀  ▀▀ █     ▀▄██ ▄█▀▄█ █▄ ▄█  ▄  ▄   ▀█
█ █▄▄▄█ █▀█▄█▄▀▀██ ▄▄▄ ▀█▀██▄▄█▀█▄▄▄ ▄█▄██▀▄  █ ▀▄▀█  ▀▄█▄█
█▄▄▄▄▄▄▄█▄██▄████▄█▄█▄▄▄█████▄▄▄▄▄███▄▄▄▄▄▄█▄█▄██▄██████▄██

[2026-07-20T18:26:20.891Z] [INFO] Scan this QR code with WhatsApp to authenticate:
▄▄▄▄▄▄▄▄▄▄▄▄▄▄▄▄▄▄▄▄▄▄▄▄▄▄▄▄▄▄▄▄▄▄▄▄▄▄▄▄▄▄▄▄▄▄▄▄▄▄▄▄▄▄▄▄▄▄▄
█ ▄▄▄▄▄ █▀▀▀▄▄▄▄ ▄▀▄▄ ▀██  ▄  ▄ ▄▄  ▄█▄ ▄   ███▄ ██ ▄▄▄▄▄ █
█ █   █ █▄▀█▀█ ██▄▀█▀▄██▄▄████▀▀██▀▀█▄▄█▄▄▀▄ ▄▀▄ ██ █   █ █
█ █▄▄▄█ █ ▄▄█▀▀▀██ █▀██▄▀▄  ▄▄▄ █▀█▀▄ █▄▀█▄  █ ▀▄██ █▄▄▄█ █
█▄▄▄▄▄▄▄█ ▀▄▀ █ ▀ ▀▄▀ ▀ ▀▄█ █▄█ ▀▄█▄█ █▄▀ █ █ ▀▄█ █▄▄▄▄▄▄▄█
█▄▄▀ ██▄ ▀█▄█▄▄█ █▀▄▄▄  ▄▄ ▄ ▄▄▄██ ▄▄▄▄▄▄ ██████▄██▄  ▀▄ ██
█ █▄▀▄▄▄▄ ▄██▄▀██ ▀▄▄▄  ███ ▀█ ▀ ▄█▄▀██  ▀▄█▄▄  ▄█▄▀█▀▀█▀▄█
█▄▄▀ ██▄█  ▄ █▄██▀█▄▄█ ▀█▄ █ ▄█▀▄▄▄ ▄▄▀█▄▄ ▄▄   ▄▄ ▄▀▄▀ ▀▀█
█ ▀▀█▄▄▄ █▀ ▄ █▀ ▄▀▀█▄▄▀ ▀ █ ▄  ▄▀▄█▀█▀▄▀▄▀▀ █ █ ▀█▄▀▄▄▄█▀█
█▄▄▀█▄▀▄█ ▄▀▄ █▄ ▄▀ ▄ █▀▀▄▀█   ▄ ▄ █▄ ▄▀▄▀▀▄▀▄▄█▀▄▄▀ █▄▀███
█▀▀▄▀▀█▄ █ ▀▀▄▀▄ █▄▄▄▄█▀▀█▄▄▄▀ █   ▀▄▀ ██ █▄█▀▄█▀  ▄▄▄ ▄▄ █
█ ▄ █▀▀▄  █▄▄▀███ ▀▄ █  ▄ ▄ ▄ ▄█ █▄█▀ ██ ▄▄▄▄██▄▀█▄▄█ █▀▄▀█
█▀▄▄▀▄ ▄▀ ███▄███ ▀▄▀ ██▀▀▄██ ▄▄▀ █▀█▄ ▄▄▀▄▀█ █▄█▄ ▄█▄ ▄▄▄█
██▀  ▄▀▄█▀▀▄▀ ▄▀█▀▄▄██ ▄███▄▀▄▄█▄▀▀ ▄ ██▄ ██ ▄▄  █ ▄▄ ▀▄ ▀█
█▀▀▄█ ▄▄▄ ▀██ ▄▀▀ ▀▀▄▀█▄▀█  ▄▄▄ ▄  █ ▀▀ █  ▄ ██▄  ▄▄▄ ▄▄▄██
█▀▄▀█ █▄█ █ ▀▀▀ █▄▄██ ██▀█▄ █▄█ ▀ ▄▄▄▄  ██▀▄▀ ██▄ █▄█ ▄▄▀▄█
█▀▀  ▄▄▄▄▄█▀ ▄   ▀▀▄▀█▄▄▄██▄▄  ▄  ██▀▄ █▄▀▄▄▄█▄ █ ▄ ▄  ▄█▄█
█▄▀ ▀▀█▄▀▀▄▀ ▄█▄█▄▀▄▄▄  ▄▄▀▀██▄▄▄█ ▄█ ▄█ ▄▄▄ ▀▄█▄▄█▀▄▄ ▀▄██
██ ▄██▀▄▄▀▀▀▀▄█▀▀██▀█▀█▄▄▄ █ █▀▄▀▄▀ █ ▄▀█  ▄▀▄▀▀▄ █▄▄  ▄█▄█
█▄ █▄▀▄▄██▄▄██▄█    ▀    ▄▄▄      █ ▄▄ █▄▄██▄ ▄ ███▄█ ▄██ █
█▀▀  ▀█▄▀█▄██▀▀█ ▄ ██ █▄▀▄   ▄▀ █▄ █ █▀ ▄ ▄█▀ ▄▄▄█ ▀█▄▀█ ▄█
█ ▄▄▀ ▄▄▀▀██▀▄   ▄ ▄▀▀ ▀▀▄ ▄███ ▄  █▄ █▀▀█▀▄▀ █▄█▀█▄██▄█▄ █
█▄▄ ▀█▀▄█▄▄ ▄▀▀██▀█▄ █ █ █▀ ▄ ▄▄▀ █▄█▄▀█▀▄▀█▄▄█ ▀▀▄ █ █▄▄▄█
█▄▄▄█▀█▄▄▄█▀█▄▄▄██▄▄▄█ █▀█▀▀▄▄▀█▀██▄█▄█▄▄▄▄█▄▀██ █ ▀▄██ ▄██
█ ▀ ▀▀▄▄▄▄   █  ▄█▄▄▄▄█▄██▀▀▀█▄ █ █    █▄██▀▄█▀▀▀▀█ ▄▄ █▀ █
███████▄▄ ▀▄█▀  ▄▀  ▀█▄ ▄▄▄ ▄▄▄ ▄▄█  ▄▄▄▄ ██ ▄ ▀█ ▄▄▄  ▀▀▀█
█ ▄▄▄▄▄ █▄ ▄█▀▀▄ ▀▄▀▄██ ▀▄  █▄█  ▀███  ▄█▀▄▀▄█ ▀▄ █▄█ ▄██▀█
█ █   █ █▀ ██▀  █▀  ▀  ▀▀ █ ▄   ▀ ██▀ █▀ █ █▀▄▄█▄ ▄   ▄▄▀ █
█ █▄▄▄█ █▀ ▀▄▄█▀██▄ ▄▄ ▀█▀██▄▄█▀▄▄▄▄▄ █ ▄▄█ ▄▄█  ▄▀█▄▄███▄█
█▄▄▄▄▄▄▄█▄▄▄█▄▄▄▄██▄█▄▄▄████▄▄▄▄▄▄███▄█▄▄▄▄█▄███▄███▄▄▄█▄██

